Archive member included to satisfy reference by file (symbol)

c:/program files/microchip/xc32/v2.40/bin/bin/../../lib/gcc/pic32c/6.2.1/../../../../pic32c/lib\libpic32c.a(data_init.o)
                              build/sam_c21n_xpro/debug/_ext/1758384875/startup_xc32.o (__pic32c_data_initialization)
c:/program files/microchip/xc32/v2.40/bin/bin/../../lib/gcc/pic32c/6.2.1\libgcc.a(_udivsi3.o)
                              build/sam_c21n_xpro/debug/_ext/1360937237/canapp.o (__aeabi_uidiv)
c:/program files/microchip/xc32/v2.40/bin/bin/../../lib/gcc/pic32c/6.2.1\libgcc.a(_dvmd_tls.o)
                              c:/program files/microchip/xc32/v2.40/bin/bin/../../lib/gcc/pic32c/6.2.1\libgcc.a(_udivsi3.o) (__aeabi_idiv0)
c:/program files/microchip/xc32/v2.40/bin/bin/../../lib/gcc/pic32c/6.2.1\libgcc.a(_aeabi_uldivmod.o)
                              build/sam_c21n_xpro/debug/_ext/1993392304/plib_sercom1_usart.o (__aeabi_uldivmod)
c:/program files/microchip/xc32/v2.40/bin/bin/../../lib/gcc/pic32c/6.2.1\libgcc.a(_muldi3.o)
                              build/sam_c21n_xpro/debug/_ext/1993392304/plib_sercom1_usart.o (__aeabi_lmul)
c:/program files/microchip/xc32/v2.40/bin/bin/../../lib/gcc/pic32c/6.2.1\libgcc.a(_fixunssfsi.o)
                              build/sam_c21n_xpro/debug/_ext/1451668420/plib_sercom2_i2c_master.o (__aeabi_f2uiz)
c:/program files/microchip/xc32/v2.40/bin/bin/../../lib/gcc/pic32c/6.2.1\libgcc.a(_udivmoddi4.o)
                              c:/program files/microchip/xc32/v2.40/bin/bin/../../lib/gcc/pic32c/6.2.1\libgcc.a(_aeabi_uldivmod.o) (__udivmoddi4)
c:/program files/microchip/xc32/v2.40/bin/bin/../../lib/gcc/pic32c/6.2.1\libgcc.a(addsf3.o)
                              build/sam_c21n_xpro/debug/_ext/1451668420/plib_sercom2_i2c_master.o (__aeabi_fadd)
c:/program files/microchip/xc32/v2.40/bin/bin/../../lib/gcc/pic32c/6.2.1\libgcc.a(divsf3.o)
                              build/sam_c21n_xpro/debug/_ext/1360937237/canapp.o (__aeabi_fdiv)
c:/program files/microchip/xc32/v2.40/bin/bin/../../lib/gcc/pic32c/6.2.1\libgcc.a(mulsf3.o)
                              build/sam_c21n_xpro/debug/_ext/1360937237/canapp.o (__aeabi_fmul)
c:/program files/microchip/xc32/v2.40/bin/bin/../../lib/gcc/pic32c/6.2.1\libgcc.a(subsf3.o)
                              build/sam_c21n_xpro/debug/_ext/1360937237/canapp.o (__aeabi_fsub)
c:/program files/microchip/xc32/v2.40/bin/bin/../../lib/gcc/pic32c/6.2.1\libgcc.a(fixsfsi.o)
                              build/sam_c21n_xpro/debug/_ext/1360937237/canapp.o (__aeabi_f2iz)
c:/program files/microchip/xc32/v2.40/bin/bin/../../lib/gcc/pic32c/6.2.1\libgcc.a(floatsisf.o)
                              build/sam_c21n_xpro/debug/_ext/1360937237/canapp.o (__aeabi_i2f)
c:/program files/microchip/xc32/v2.40/bin/bin/../../lib/gcc/pic32c/6.2.1\libgcc.a(floatunsisf.o)
                              build/sam_c21n_xpro/debug/_ext/1360937237/canapp.o (__aeabi_ui2f)
c:/program files/microchip/xc32/v2.40/bin/bin/../../lib/gcc/pic32c/6.2.1\libgcc.a(muldf3.o)
                              build/sam_c21n_xpro/debug/_ext/1360937237/canapp.o (__aeabi_dmul)
c:/program files/microchip/xc32/v2.40/bin/bin/../../lib/gcc/pic32c/6.2.1\libgcc.a(floatsidf.o)
                              build/sam_c21n_xpro/debug/_ext/1360937237/canapp.o (__aeabi_i2d)
c:/program files/microchip/xc32/v2.40/bin/bin/../../lib/gcc/pic32c/6.2.1\libgcc.a(extendsfdf2.o)
                              build/sam_c21n_xpro/debug/_ext/1360937237/canapp.o (__aeabi_f2d)
c:/program files/microchip/xc32/v2.40/bin/bin/../../lib/gcc/pic32c/6.2.1\libgcc.a(truncdfsf2.o)
                              build/sam_c21n_xpro/debug/_ext/1360937237/canapp.o (__aeabi_d2f)
c:/program files/microchip/xc32/v2.40/bin/bin/../../lib/gcc/pic32c/6.2.1\libgcc.a(_thumb1_case_uqi.o)
                              c:/program files/microchip/xc32/v2.40/bin/bin/../../lib/gcc/pic32c/6.2.1\libgcc.a(divsf3.o) (__gnu_thumb1_case_uqi)
c:/program files/microchip/xc32/v2.40/bin/bin/../../lib/gcc/pic32c/6.2.1\libgcc.a(_thumb1_case_uhi.o)
                              c:/program files/microchip/xc32/v2.40/bin/bin/../../lib/gcc/pic32c/6.2.1\libgcc.a(muldf3.o) (__gnu_thumb1_case_uhi)
c:/program files/microchip/xc32/v2.40/bin/bin/../../lib/gcc/pic32c/6.2.1\libgcc.a(_lshrdi3.o)
                              c:/program files/microchip/xc32/v2.40/bin/bin/../../lib/gcc/pic32c/6.2.1\libgcc.a(_udivmoddi4.o) (__aeabi_llsr)
c:/program files/microchip/xc32/v2.40/bin/bin/../../lib/gcc/pic32c/6.2.1\libgcc.a(_ashldi3.o)
                              c:/program files/microchip/xc32/v2.40/bin/bin/../../lib/gcc/pic32c/6.2.1\libgcc.a(_udivmoddi4.o) (__aeabi_llsl)
c:/program files/microchip/xc32/v2.40/bin/bin/../../lib/gcc/pic32c/6.2.1\libgcc.a(_arm_cmpsf2.o)
                              c:/program files/microchip/xc32/v2.40/bin/bin/../../lib/gcc/pic32c/6.2.1\libgcc.a(_fixunssfsi.o) (__aeabi_fcmpge)
c:/program files/microchip/xc32/v2.40/bin/bin/../../lib/gcc/pic32c/6.2.1\libgcc.a(_clzsi2.o)
[...]
Memory Configuration

Name             Origin             Length             Attributes
rom              0x00000000         0x00040000         xrl
ram              0x20000000         0x00008000         xw !r
config_00804000  0x00804000         0x00000004
config_00804004  0x00804004         0x00000004
*default*        0x00000000         0xffffffff

Linker script and memory map

LOAD c:/program files/microchip/xc32/v2.40/bin/bin/../../lib/gcc/pic32c/6.2.1/crti.o
LOAD c:/program files/microchip/xc32/v2.40/bin/bin/../../lib/gcc/pic32c/6.2.1/crtbegin.o
LOAD build/sam_c21n_xpro/debug/_ext/1360937237/appiot.o
LOAD build/sam_c21n_xpro/debug/_ext/1360937237/moden.o
LOAD build/sam_c21n_xpro/debug/_ext/1360937237/canapp.o
LOAD build/sam_c21n_xpro/debug/_ext/1360937237/appuart.o
LOAD build/sam_c21n_xpro/debug/_ext/1360937237/appemueeprom.o
LOAD build/sam_c21n_xpro/debug/_ext/1360937237/apptimer.o
LOAD build/sam_c21n_xpro/debug/_ext/1936826263/drv_at24.o
LOAD build/sam_c21n_xpro/debug/_ext/513394604/drv_spi.o
LOAD build/sam_c21n_xpro/debug/_ext/1274584173/drv_usart.o
LOAD build/sam_c21n_xpro/debug/_ext/1019481632/emulated_eeprom.o
LOAD build/sam_c21n_xpro/debug/_ext/1617700295/plib_adc0.o
LOAD build/sam_c21n_xpro/debug/_ext/1617702135/plib_can0.o
LOAD build/sam_c21n_xpro/debug/_ext/166077579/plib_clock.o
LOAD build/sam_c21n_xpro/debug/_ext/1617704294/plib_eic.o
LOAD build/sam_c21n_xpro/debug/_ext/163928093/plib_evsys.o
LOAD build/sam_c21n_xpro/debug/_ext/1390493541/plib_nvic.o
LOAD build/sam_c21n_xpro/debug/_ext/770299191/plib_nvmctrl.o
LOAD build/sam_c21n_xpro/debug/_ext/1390440390/plib_port.o
LOAD build/sam_c21n_xpro/debug/_ext/1451668420/plib_sercom2_i2c_master.o
LOAD build/sam_c21n_xpro/debug/_ext/1942903062/plib_sercom0_spi_master.o
LOAD build/sam_c21n_xpro/debug/_ext/1993392304/plib_sercom1_usart.o
LOAD build/sam_c21n_xpro/debug/_ext/1004774289/plib_systick.o
LOAD build/sam_c21n_xpro/debug/_ext/1617721454/plib_wdt.o
LOAD build/sam_c21n_xpro/debug/_ext/730014449/xc32_monitor.o
LOAD build/sam_c21n_xpro/debug/_ext/855761890/sys_int.o
LOAD build/sam_c21n_xpro/debug/_ext/1758384875/initialization.o
LOAD build/sam_c21n_xpro/debug/_ext/1758384875/interrupts.o
LOAD build/sam_c21n_xpro/debug/_ext/1758384875/exceptions.o
LOAD build/sam_c21n_xpro/debug/_ext/1758384875/startup_xc32.o
LOAD build/sam_c21n_xpro/debug/_ext/1758384875/libc_syscalls.o
LOAD build/sam_c21n_xpro/debug/_ext/1758384875/tasks.o
LOAD build/sam_c21n_xpro/debug/_ext/1360937237/main.o
LOAD build/sam_c21n_xpro/debug/_ext/1360937237/app.o
LOAD build/sam_c21n_xpro/debug/_ext/1205691902/sys_debug.o
LOAD build/sam_c21n_xpro/debug/_ext/1639364742/sys_console.o
LOAD build/sam_c21n_xpro/debug/_ext/1639364742/sys_console_uart.o
LOAD build/sam_c21n_xpro/debug/_ext/1993392304/plib_sercom3_usart.o
                0x00000001                __MPLAB_BUILD = 0x1
                0x00040000                __rom_end = (ORIGIN (rom) + LENGTH (rom))
                0x20008000                __ram_end = (ORIGIN (ram) + LENGTH (ram))

.config_00804000
                0x00804000        0x4
 *(.config_00804000)
 .config_00804000
                0x00804000        0x4 build/sam_c21n_xpro/debug/_ext/1758384875/initialization.o

.config_00804004
                0x00804004        0x4
 *(.config_00804004)
 .config_00804004
                0x00804004        0x4 build/sam_c21n_xpro/debug/_ext/1758384875/initialization.o

.vectors        0x00000000       0xbc
                0x00000000                . = ALIGN (0x4)
                0x00000000                _sfixed = .
 *(.vectors .vectors.* .vectors_default .vectors_default.*)
 .vectors       0x00000000       0xbc build/sam_c21n_xpro/debug/_ext/1758384875/interrupts.o
                0x00000000                exception_table
 *(.isr_vector)
 *(.reset*)
 *(.after_vectors)

.text           0x000000bc       0x20
                0x000000bc                . = ALIGN (0x4)
 *(.glue_7t)
 .glue_7t       0x000000bc        0x0 linker stubs
 *(.glue_7)
 .glue_7        0x000000bc        0x0 linker stubs
 *(.gnu.linkonce.r.*)
 *(.ARM.extab* .gnu.linkonce.armextab.*)
                0x000000bc                . = ALIGN (0x4)
 *(.init)
 .init          0x000000bc        0x4 c:/program files/microchip/xc32/v2.40/bin/bin/../../lib/gcc/pic32c/6.2.1/crti.o
                0x000000bc                _init
 .init          0x000000c0        0x8 c:/program files/microchip/xc32/v2.40/bin/bin/../../lib/gcc/pic32c/6.2.1/crtn.o
                0x000000c8                . = ALIGN (0x4)
                0x000000c8                __preinit_array_start = .
 *(.preinit_array)
                0x000000c8                __preinit_array_end = .
                0x000000c8                . = ALIGN (0x4)
                0x000000c8                __init_array_start = .
 *(SORT(.init_array.*))
 *(.init_array)
 .init_array    0x000000c8        0x4 c:/program files/microchip/xc32/v2.40/bin/bin/../../lib/gcc/pic32c/6.2.1/crtbegin.o
                0x000000cc                __init_array_end = .
                0x000000cc                . = ALIGN (0x4)
 *crtbegin.o(.ctors)
 *(EXCLUDE_FILE(*crtend.o) .ctors)
 *(SORT(.ctors.*))
 *crtend.o(.ctors)
                0x000000cc                . = ALIGN (0x4)
 *(.fini)
 .fini          0x000000cc        0x4 c:/program files/microchip/xc32/v2.40/bin/bin/../../lib/gcc/pic32c/6.2.1/crti.o
                0x000000cc                _fini
 .fini          0x000000d0        0x8 c:/program files/microchip/xc32/v2.40/bin/bin/../../lib/gcc/pic32c/6.2.1/crtn.o
                0x000000d8                . = ALIGN (0x4)
                0x000000d8                __fini_array_start = .
 *(.fini_array)
 .fini_array    0x000000d8        0x4 c:/program files/microchip/xc32/v2.40/bin/bin/../../lib/gcc/pic32c/6.2.1/crtbegin.o
 *(SORT(.fini_array.*))
                0x000000dc                __fini_array_end = .
 *crtbegin.o(.dtors)
 *(EXCLUDE_FILE(*crtend.o) .dtors)
 *(SORT(.dtors.*))
 *crtend.o(.dtors)
                0x000000dc                . = ALIGN (0x4)
                0x000000dc                _efixed = .
                [!provide]                PROVIDE (__exidx_start, .)

.ARM.exidx      0x000000dc        0x8
 *(.ARM.exidx* .gnu.linkonce.armexidx.*)
 .ARM.exidx     0x000000dc        0x8 c:/program files/microchip/xc32/v2.40/bin/bin/../../lib/gcc/pic32c/6.2.1\libgcc.a(_udivmoddi4.o)
                [!provide]                PROVIDE (__exidx_end, .)
                0x000000e4                . = ALIGN (0x4)
                0x000000e4                _etext = .

.bss            0x20000000     0x168c
                0x20000000                . = ALIGN (0x4)
                0x20000000                __bss_start__ = .
                0x20000000                _sbss = .
                0x20000000                _szero = .
 *(COMMON)
 COMMON         0x20000000       0x34 build/sam_c21n_xpro/debug/_ext/1360937237/appiot.o
                0x20000000                mqtttime
                0x20000004                _iotdata
                0x20000008                mcahineData
                0x2000000c                _iotram
                0x20000024                _iottimer
 COMMON         0x20000034       0x18 build/sam_c21n_xpro/debug/_ext/1360937237/moden.o
                0x20000034                _moden
                0x20000038                _moden_cmd_data
                0x20000044                _moden_command
                0x20000048                commandtimeouttimer
 *fill*         0x2000004c       0x14 
 COMMON         0x20000060      0x3ec build/sam_c21n_xpro/debug/_ext/1360937237/canapp.o
                0x20000060                rx_message
                0x20000068                appCAN
                0x20000080                Can0MessageRAM
                0x20000264                message
                0x2000026c                CAN_ECU_Data_1
                0x200002ac                ecu_init
                0x200002bc                rx0_buf
                0x20000384                _canrx0buffer
 COMMON         0x2000044c     0x1207 build/sam_c21n_xpro/debug/_ext/1360937237/appuart.o
                0x2000044c                mqtttxbufindex
                0x20000450                rxBuffer
                0x20000550                txBuffer
                0x20000950                platformrxbuffer
                0x20000a50                _atcomd
 *fill*         0x20001653        0x1 
 COMMON         0x20001654       0x15 build/sam_c21n_xpro/debug/_ext/1360937237/apptimer.o
                0x20001654                timer100ms
                0x20001658                timer10ms
                0x2000165c                timer1000ms
                0x20001660                timer1ms
                0x20001664                timermqttupload
                0x20001668                _timer
 *fill*         0x20001669        0x3 
 COMMON         0x2000166c       0x18 build/sam_c21n_xpro/debug/_ext/1758384875/initialization.o
                0x2000166c                sysObj
 COMMON         0x20001684        0x1 build/sam_c21n_xpro/debug/_ext/1360937237/app.o
                0x20001684                appData
 COMMON         0x20001685        0x1 build/sam_c21n_xpro/debug/_ext/1205691902/sys_debug.o
                0x20001685                gblErrLvl
 *fill*         0x20001686        0x2 
 COMMON         0x20001688        0x4 c:/program files/microchip/xc32/v2.40/bin/bin/../../lib/gcc/pic32c/6.2.1/../../../../pic32c/lib\libg_nano.a(lib_a-reent.o)
                0x20001688                errno
                0x2000168c                . = ALIGN (0x4)
                0x2000168c                __bss_end__ = .
                0x2000168c                _ebss = .
                0x2000168c                _ezero = .
                0x2000168c                . = ALIGN (0x4)
                0x2000168c                _end = .
                0x20007fff                _ram_end_ = ((ORIGIN (ram) + LENGTH (ram)) - 0x1)
                0x00000001                __ICD2RAM = 0x1
                0x00000001                __MPLAB_DEBUG = 0x1
                0x00000001                __DEBUG = 0x1
                0x00000200                _min_heap_size = 0x200
START GROUP
LOAD c:/program files/microchip/xc32/v2.40/bin/bin/../../lib/gcc/pic32c/6.2.1/../../../../pic32c/lib\libpic32c.a
LOAD c:/program files/microchip/xc32/v2.40/bin/bin/../../lib/gcc/pic32c/6.2.1\libgcc.a
LOAD c:/program files/microchip/xc32/v2.40/bin/bin/../../lib/gcc/pic32c/6.2.1/../../../../pic32c/lib\libg_nano.a
LOAD c:/program files/microchip/xc32/v2.40/bin/bin/../../lib/gcc/pic32c/6.2.1/../../../../pic32c/lib\libm_nano.a
LOAD c:/program files/microchip/xc32/v2.40/bin/bin/../../lib/gcc/pic32c/6.2.1/../../../../pic32c/lib\libc_nano.a
END GROUP
LOAD c:/program files/microchip/xc32/v2.40/bin/bin/../../lib/gcc/pic32c/6.2.1/crtend.o
LOAD c:/program files/microchip/xc32/v2.40/bin/bin/../../lib/gcc/pic32c/6.2.1/crtn.o
OUTPUT(dist/sam_c21n_xpro/debug/sam_c21n_xpro.X.debug.elf elf32-littlearm)
LOAD stack
LOAD data_init

.ARM.attributes
                0x00000000       0x28
 .ARM.attributes
                0x00000000       0x1e c:/program files/microchip/xc32/v2.40/bin/bin/../../lib/gcc/pic32c/6.2.1/crti.o
 .ARM.attributes
                0x0000001e       0x2c c:/program files/microchip/xc32/v2.40/bin/bin/../../lib/gcc/pic32c/6.2.1/crtbegin.o
 .ARM.attributes
                0x0000004a       0x32 build/sam_c21n_xpro/debug/_ext/1360937237/appiot.o
 .ARM.attributes
                0x0000007c       0x32 build/sam_c21n_xpro/debug/_ext/1360937237/moden.o
 .ARM.attributes
                0x000000ae       0x32 build/sam_c21n_xpro/debug/_ext/1360937237/canapp.o
 .ARM.attributes
                0x000000e0       0x32 build/sam_c21n_xpro/debug/_ext/1360937237/appuart.o
 .ARM.attributes
                0x00000112       0x32 build/sam_c21n_xpro/debug/_ext/1360937237/appemueeprom.o
 .ARM.attributes
                0x00000144       0x32 build/sam_c21n_xpro/debug/_ext/1360937237/apptimer.o
 .ARM.attributes
                0x00000176       0x32 build/sam_c21n_xpro/debug/_ext/1936826263/drv_at24.o
 .ARM.attributes
                0x000001a8       0x32 build/sam_c21n_xpro/debug/_ext/513394604/drv_spi.o
 .ARM.attributes
                0x000001da       0x32 build/sam_c21n_xpro/debug/_ext/1274584173/drv_usart.o
 .ARM.attributes
                0x0000020c       0x32 build/sam_c21n_xpro/debug/_ext/1019481632/emulated_eeprom.o
 .ARM.attributes
                0x0000023e       0x32 build/sam_c21n_xpro/debug/_ext/1617700295/plib_adc0.o
 .ARM.attributes
                0x00000270       0x32 build/sam_c21n_xpro/debug/_ext/1617702135/plib_can0.o
 .ARM.attributes
                0x000002a2       0x32 build/sam_c21n_xpro/debug/_ext/166077579/plib_clock.o
 .ARM.attributes
                0x000002d4       0x32 build/sam_c21n_xpro/debug/_ext/1617704294/plib_eic.o
 .ARM.attributes
                0x00000306       0x32 build/sam_c21n_xpro/debug/_ext/163928093/plib_evsys.o
 .ARM.attributes
                0x00000338       0x32 build/sam_c21n_xpro/debug/_ext/1390493541/plib_nvic.o
 .ARM.attributes
                0x0000036a       0x32 build/sam_c21n_xpro/debug/_ext/770299191/plib_nvmctrl.o
 .ARM.attributes
                0x0000039c       0x32 build/sam_c21n_xpro/debug/_ext/1390440390/plib_port.o
 .ARM.attributes
                0x000003ce       0x32 build/sam_c21n_xpro/debug/_ext/1451668420/plib_sercom2_i2c_master.o
 .ARM.attributes
                0x00000400       0x32 build/sam_c21n_xpro/debug/_ext/1942903062/plib_sercom0_spi_master.o
 .ARM.attributes
                0x00000432       0x32 build/sam_c21n_xpro/debug/_ext/1993392304/plib_sercom1_usart.o
 .ARM.attributes
                0x00000464       0x32 build/sam_c21n_xpro/debug/_ext/1004774289/plib_systick.o
 .ARM.attributes
                0x00000496       0x32 build/sam_c21n_xpro/debug/_ext/1617721454/plib_wdt.o
 .ARM.attributes
                0x000004c8       0x32 build/sam_c21n_xpro/debug/_ext/730014449/xc32_monitor.o
 .ARM.attributes
                0x000004fa       0x32 build/sam_c21n_xpro/debug/_ext/855761890/sys_int.o
 .ARM.attributes
                0x0000052c       0x32 build/sam_c21n_xpro/debug/_ext/1758384875/initialization.o
 .ARM.attributes
                0x0000055e       0x32 build/sam_c21n_xpro/debug/_ext/1758384875/interrupts.o
 .ARM.attributes
                0x00000590       0x32 build/sam_c21n_xpro/debug/_ext/1758384875/exceptions.o
 .ARM.attributes
                0x000005c2       0x32 build/sam_c21n_xpro/debug/_ext/1758384875/startup_xc32.o
 .ARM.attributes
                0x000005f4       0x32 build/sam_c21n_xpro/debug/_ext/1360937237/main.o
 .ARM.attributes
                0x00000626       0x32 build/sam_c21n_xpro/debug/_ext/1360937237/app.o
 .ARM.attributes
                0x00000658       0x32 build/sam_c21n_xpro/debug/_ext/1205691902/sys_debug.o
 .ARM.attributes
                0x0000068a       0x32 build/sam_c21n_xpro/debug/_ext/1639364742/sys_console.o
 .ARM.attributes
                0x000006bc       0x32 build/sam_c21n_xpro/debug/_ext/1639364742/sys_console_uart.o
 .ARM.attributes
                0x000006ee       0x32 build/sam_c21n_xpro/debug/_ext/1993392304/plib_sercom3_usart.o
 .ARM.attributes
                0x00000720       0x2c c:/program files/microchip/xc32/v2.40/bin/bin/../../lib/gcc/pic32c/6.2.1/../../../../pic32c/lib\libpic32c.a(data_init.o)
 .ARM.attributes
                0x0000074c       0x1e c:/program files/microchip/xc32/v2.40/bin/bin/../../lib/gcc/pic32c/6.2.1\libgcc.a(_udivsi3.o)
 .ARM.attributes
                0x0000076a       0x1e c:/program files/microchip/xc32/v2.40/bin/bin/../../lib/gcc/pic32c/6.2.1\libgcc.a(_dvmd_tls.o)
 .ARM.attributes
                0x00000788       0x1e c:/program files/microchip/xc32/v2.40/bin/bin/../../lib/gcc/pic32c/6.2.1\libgcc.a(_aeabi_uldivmod.o)
 .ARM.attributes
                0x000007a6       0x2c c:/program files/microchip/xc32/v2.40/bin/bin/../../lib/gcc/pic32c/6.2.1\libgcc.a(_muldi3.o)
 .ARM.attributes
                0x000007d2       0x2c c:/program files/microchip/xc32/v2.40/bin/bin/../../lib/gcc/pic32c/6.2.1\libgcc.a(_udivmoddi4.o)
 .ARM.attributes
                0x000007fe       0x2c c:/program files/microchip/xc32/v2.40/bin/bin/../../lib/gcc/pic32c/6.2.1\libgcc.a(divsf3.o)
 .ARM.attributes
                0x0000082a       0x2c c:/program files/microchip/xc32/v2.40/bin/bin/../../lib/gcc/pic32c/6.2.1\libgcc.a(floatunsisf.o)
 .ARM.attributes
                0x00000856       0x1e c:/program files/microchip/xc32/v2.40/bin/bin/../../lib/gcc/pic32c/6.2.1\libgcc.a(_thumb1_case_uqi.o)
 .ARM.attributes
                0x00000874       0x1e c:/program files/microchip/xc32/v2.40/bin/bin/../../lib/gcc/pic32c/6.2.1\libgcc.a(_lshrdi3.o)
 .ARM.attributes
                0x00000892       0x1e c:/program files/microchip/xc32/v2.40/bin/bin/../../lib/gcc/pic32c/6.2.1\libgcc.a(_ashldi3.o)
 .ARM.attributes
                0x000008b0       0x1e c:/program files/microchip/xc32/v2.40/bin/bin/../../lib/gcc/pic32c/6.2.1\libgcc.a(_clzsi2.o)
 .ARM.attributes
                0x000008ce       0x1e c:/program files/microchip/xc32/v2.40/bin/bin/../../lib/gcc/pic32c/6.2.1\libgcc.a(_clzdi2.o)
 .ARM.attributes
                0x000008ec       0x2c c:/program files/microchip/xc32/v2.40/bin/bin/../../lib/gcc/pic32c/6.2.1/../../../../pic32c/lib\libg_nano.a(lib_a-init.o)
 .ARM.attributes
                0x00000918       0x2c c:/program files/microchip/xc32/v2.40/bin/bin/../../lib/gcc/pic32c/6.2.1/../../../../pic32c/lib\libg_nano.a(lib_a-memcmp.o)
 .ARM.attributes
                0x00000944       0x2c c:/program files/microchip/xc32/v2.40/bin/bin/../../lib/gcc/pic32c/6.2.1/../../../../pic32c/lib\libg_nano.a(lib_a-memcpy-stub.o)
 .ARM.attributes
                0x00000970       0x2c c:/program files/microchip/xc32/v2.40/bin/bin/../../lib/gcc/pic32c/6.2.1/../../../../pic32c/lib\libg_nano.a(lib_a-memset.o)
 .ARM.attributes
                0x0000099c       0x2c c:/program files/microchip/xc32/v2.40/bin/bin/../../lib/gcc/pic32c/6.2.1/../../../../pic32c/lib\libg_nano.a(_lib_a-sprintf.cdnopuxX.o)
 .ARM.attributes
                0x000009c8       0x1c c:/program files/microchip/xc32/v2.40/bin/bin/../../lib/gcc/pic32c/6.2.1/../../../../pic32c/lib\libg_nano.a(lib_a-strlen.o)
 .ARM.attributes
                0x000009e4       0x2c c:/program files/microchip/xc32/v2.40/bin/bin/../../lib/gcc/pic32c/6.2.1/../../../../pic32c/lib\libg_nano.a(_lib_a-nano-vfprintf.cdnopuxX.o)
 .ARM.attributes
                0x00000a10       0x2c c:/program files/microchip/xc32/v2.40/bin/bin/../../lib/gcc/pic32c/6.2.1/../../../../pic32c/lib\libg_nano.a(lib_a-nano-vfprintf_i.o)
 .ARM.attributes
                0x00000a3c       0x2c c:/program files/microchip/xc32/v2.40/bin/bin/../../lib/gcc/pic32c/6.2.1/../../../../pic32c/lib\libg_nano.a(lib_a-__ssfputs.o)
 .ARM.attributes
                0x00000a68       0x2c c:/program files/microchip/xc32/v2.40/bin/bin/../../lib/gcc/pic32c/6.2.1/../../../../pic32c/lib\libg_nano.a(lib_a-wbuf.o)
 .ARM.attributes
                0x00000a94       0x2c c:/program files/microchip/xc32/v2.40/bin/bin/../../lib/gcc/pic32c/6.2.1/../../../../pic32c/lib\libg_nano.a(lib_a-wsetup.o)
 .ARM.attributes
                0x00000ac0       0x2c c:/program files/microchip/xc32/v2.40/bin/bin/../../lib/gcc/pic32c/6.2.1/../../../../pic32c/lib\libg_nano.a(lib_a-fflush.o)
 .ARM.attributes
                0x00000aec       0x2c c:/program files/microchip/xc32/v2.40/bin/bin/../../lib/gcc/pic32c/6.2.1/../../../../pic32c/lib\libg_nano.a(lib_a-findfp.o)
 .ARM.attributes
                0x00000b18       0x2c c:/program files/microchip/xc32/v2.40/bin/bin/../../lib/gcc/pic32c/6.2.1/../../../../pic32c/lib\libg_nano.a(lib_a-fputwc.o)
 .ARM.attributes
                0x00000b44       0x2c c:/program files/microchip/xc32/v2.40/bin/bin/../../lib/gcc/pic32c/6.2.1/../../../../pic32c/lib\libg_nano.a(lib_a-fwalk.o)
 .ARM.attributes
                0x00000b70       0x2c c:/program files/microchip/xc32/v2.40/bin/bin/../../lib/gcc/pic32c/6.2.1/../../../../pic32c/lib\libg_nano.a(lib_a-impure.o)
 .ARM.attributes
                0x00000b9c       0x2c c:/program files/microchip/xc32/v2.40/bin/bin/../../lib/gcc/pic32c/6.2.1/../../../../pic32c/lib\libg_nano.a(lib_a-locale.o)
 .ARM.attributes
                0x00000bc8       0x2c c:/program files/microchip/xc32/v2.40/bin/bin/../../lib/gcc/pic32c/6.2.1/../../../../pic32c/lib\libg_nano.a(lib_a-makebuf.o)
 .ARM.attributes
                0x00000bf4       0x2c c:/program files/microchip/xc32/v2.40/bin/bin/../../lib/gcc/pic32c/6.2.1/../../../../pic32c/lib\libg_nano.a(lib_a-mbtowc_r.o)
 .ARM.attributes
                0x00000c20       0x2c c:/program files/microchip/xc32/v2.40/bin/bin/../../lib/gcc/pic32c/6.2.1/../../../../pic32c/lib\libg_nano.a(lib_a-memchr-stub.o)
 .ARM.attributes
                0x00000c4c       0x2c c:/program files/microchip/xc32/v2.40/bin/bin/../../lib/gcc/pic32c/6.2.1/../../../../pic32c/lib\libg_nano.a(lib_a-nano-freer.o)
 .ARM.attributes
                0x00000c78       0x2c c:/program files/microchip/xc32/v2.40/bin/bin/../../lib/gcc/pic32c/6.2.1/../../../../pic32c/lib\libg_nano.a(lib_a-nano-mallocr.o)
 .ARM.attributes
                0x00000ca4       0x2c c:/program files/microchip/xc32/v2.40/bin/bin/../../lib/gcc/pic32c/6.2.1/../../../../pic32c/lib\libg_nano.a(lib_a-sbrkr.o)
 .ARM.attributes
                0x00000cd0       0x2c c:/program files/microchip/xc32/v2.40/bin/bin/../../lib/gcc/pic32c/6.2.1/../../../../pic32c/lib\libg_nano.a(lib_a-stdio.o)
 .ARM.attributes
                0x00000cfc       0x2c c:/program files/microchip/xc32/v2.40/bin/bin/../../lib/gcc/pic32c/6.2.1/../../../../pic32c/lib\libg_nano.a(lib_a-wcrtomb.o)
 .ARM.attributes
                0x00000d28       0x2c c:/program files/microchip/xc32/v2.40/bin/bin/../../lib/gcc/pic32c/6.2.1/../../../../pic32c/lib\libg_nano.a(lib_a-wctomb_r.o)
 .ARM.attributes
                0x00000d54       0x2c c:/program files/microchip/xc32/v2.40/bin/bin/../../lib/gcc/pic32c/6.2.1/../../../../pic32c/lib\libg_nano.a(lib_a-writer.o)
 .ARM.attributes
                0x00000d80       0x2c c:/program files/microchip/xc32/v2.40/bin/bin/../../lib/gcc/pic32c/6.2.1/../../../../pic32c/lib\libg_nano.a(lib_a-closer.o)
 .ARM.attributes
                0x00000dac       0x2c c:/program files/microchip/xc32/v2.40/bin/bin/../../lib/gcc/pic32c/6.2.1/../../../../pic32c/lib\libg_nano.a(lib_a-ctype_.o)
 .ARM.attributes
                0x00000dd8       0x2c c:/program files/microchip/xc32/v2.40/bin/bin/../../lib/gcc/pic32c/6.2.1/../../../../pic32c/lib\libg_nano.a(lib_a-fstatr.o)
 .ARM.attributes
                0x00000e04       0x2c c:/program files/microchip/xc32/v2.40/bin/bin/../../lib/gcc/pic32c/6.2.1/../../../../pic32c/lib\libg_nano.a(lib_a-isattyr.o)
 .ARM.attributes
                0x00000e30       0x2c c:/program files/microchip/xc32/v2.40/bin/bin/../../lib/gcc/pic32c/6.2.1/../../../../pic32c/lib\libg_nano.a(lib_a-lseekr.o)
 .ARM.attributes
                0x00000e5c       0x2c c:/program files/microchip/xc32/v2.40/bin/bin/../../lib/gcc/pic32c/6.2.1/../../../../pic32c/lib\libg_nano.a(lib_a-mlock.o)
 .ARM.attributes
                0x00000e88       0x2c c:/program files/microchip/xc32/v2.40/bin/bin/../../lib/gcc/pic32c/6.2.1/../../../../pic32c/lib\libg_nano.a(lib_a-readr.o)
 .ARM.attributes
                0x00000eb4       0x2c c:/program files/microchip/xc32/v2.40/bin/bin/../../lib/gcc/pic32c/6.2.1/../../../../pic32c/lib\libg_nano.a(lib_a-reent.o)
 .ARM.attributes
                0x00000ee0       0x2c c:/program files/microchip/xc32/v2.40/bin/bin/../../lib/gcc/pic32c/6.2.1/../../../../pic32c/lib\libpic32c.a(_close.o)
 .ARM.attributes
                0x00000f0c       0x2c c:/program files/microchip/xc32/v2.40/bin/bin/../../lib/gcc/pic32c/6.2.1/../../../../pic32c/lib\libpic32c.a(_fstat.o)
 .ARM.attributes
                0x00000f38       0x2c c:/program files/microchip/xc32/v2.40/bin/bin/../../lib/gcc/pic32c/6.2.1/../../../../pic32c/lib\libpic32c.a(_isatty.o)
 .ARM.attributes
                0x00000f64       0x2c c:/program files/microchip/xc32/v2.40/bin/bin/../../lib/gcc/pic32c/6.2.1/../../../../pic32c/lib\libpic32c.a(_lseek.o)
 .ARM.attributes
                0x00000f90       0x2c c:/program files/microchip/xc32/v2.40/bin/bin/../../lib/gcc/pic32c/6.2.1/../../../../pic32c/lib\libpic32c.a(_read.o)
 .ARM.attributes
                0x00000fbc       0x2c c:/program files/microchip/xc32/v2.40/bin/bin/../../lib/gcc/pic32c/6.2.1/../../../../pic32c/lib\libpic32c.a(sbrk.o)
 .ARM.attributes
                0x00000fe8       0x2c c:/program files/microchip/xc32/v2.40/bin/bin/../../lib/gcc/pic32c/6.2.1/../../../../pic32c/lib\libpic32c.a(_write.o)
 .ARM.attributes
                0x00001014       0x2c c:/program files/microchip/xc32/v2.40/bin/bin/../../lib/gcc/pic32c/6.2.1/../../../../pic32c/lib\libpic32c.a(close.o)
 .ARM.attributes
                0x00001040       0x2c c:/program files/microchip/xc32/v2.40/bin/bin/../../lib/gcc/pic32c/6.2.1/../../../../pic32c/lib\libpic32c.a(fstat.o)
 .ARM.attributes
                0x0000106c       0x2c c:/program files/microchip/xc32/v2.40/bin/bin/../../lib/gcc/pic32c/6.2.1/../../../../pic32c/lib\libpic32c.a(isatty.o)
 .ARM.attributes
                0x00001098       0x2c c:/program files/microchip/xc32/v2.40/bin/bin/../../lib/gcc/pic32c/6.2.1/../../../../pic32c/lib\libpic32c.a(lseek.o)
 .ARM.attributes
                0x000010c4       0x1e c:/program files/microchip/xc32/v2.40/bin/bin/../../lib/gcc/pic32c/6.2.1/crtn.o

.comment        0x00000000       0x3c
 .comment       0x00000000       0x3c c:/program files/microchip/xc32/v2.40/bin/bin/../../lib/gcc/pic32c/6.2.1/crtbegin.o
                                 0x3d (size before relaxing)
 .comment       0x0000003c       0x3d build/sam_c21n_xpro/debug/_ext/1360937237/appiot.o
 .comment       0x0000003c       0x3d build/sam_c21n_xpro/debug/_ext/1360937237/moden.o
 .comment       0x0000003c       0x3d build/sam_c21n_xpro/debug/_ext/1360937237/canapp.o
 .comment       0x0000003c       0x3d build/sam_c21n_xpro/debug/_ext/1360937237/appuart.o
 .comment       0x0000003c       0x3d build/sam_c21n_xpro/debug/_ext/1360937237/appemueeprom.o
 .comment       0x0000003c       0x3d build/sam_c21n_xpro/debug/_ext/1360937237/apptimer.o
 .comment       0x0000003c       0x3d build/sam_c21n_xpro/debug/_ext/1936826263/drv_at24.o
 .comment       0x0000003c       0x3d build/sam_c21n_xpro/debug/_ext/513394604/drv_spi.o
 .comment       0x0000003c       0x3d build/sam_c21n_xpro/debug/_ext/1274584173/drv_usart.o
 .comment       0x0000003c       0x3d build/sam_c21n_xpro/debug/_ext/1019481632/emulated_eeprom.o
 .comment       0x0000003c       0x3d build/sam_c21n_xpro/debug/_ext/1617700295/plib_adc0.o
 .comment       0x0000003c       0x3d build/sam_c21n_xpro/debug/_ext/1617702135/plib_can0.o
 .comment       0x0000003c       0x3d build/sam_c21n_xpro/debug/_ext/166077579/plib_clock.o
 .comment       0x0000003c       0x3d build/sam_c21n_xpro/debug/_ext/1617704294/plib_eic.o
 .comment       0x0000003c       0x3d build/sam_c21n_xpro/debug/_ext/163928093/plib_evsys.o
 .comment       0x0000003c       0x3d build/sam_c21n_xpro/debug/_ext/1390493541/plib_nvic.o
 .comment       0x0000003c       0x3d build/sam_c21n_xpro/debug/_ext/770299191/plib_nvmctrl.o
 .comment       0x0000003c       0x3d build/sam_c21n_xpro/debug/_ext/1390440390/plib_port.o
 .comment       0x0000003c       0x3d build/sam_c21n_xpro/debug/_ext/1451668420/plib_sercom2_i2c_master.o
 .comment       0x0000003c       0x3d build/sam_c21n_xpro/debug/_ext/1942903062/plib_sercom0_spi_master.o
 .comment       0x0000003c       0x3d build/sam_c21n_xpro/debug/_ext/1993392304/plib_sercom1_usart.o
 .comment       0x0000003c       0x3d build/sam_c21n_xpro/debug/_ext/1004774289/plib_systick.o
 .comment       0x0000003c       0x3d build/sam_c21n_xpro/debug/_ext/1617721454/plib_wdt.o
 .comment       0x0000003c       0x3d build/sam_c21n_xpro/debug/_ext/730014449/xc32_monitor.o
 .comment       0x0000003c       0x3d build/sam_c21n_xpro/debug/_ext/855761890/sys_int.o
 .comment       0x0000003c       0x3d build/sam_c21n_xpro/debug/_ext/1758384875/initialization.o
 .comment       0x0000003c       0x3d build/sam_c21n_xpro/debug/_ext/1758384875/interrupts.o
 .comment       0x0000003c       0x3d build/sam_c21n_xpro/debug/_ext/1758384875/exceptions.o
 .comment       0x0000003c       0x3d build/sam_c21n_xpro/debug/_ext/1758384875/startup_xc32.o
 .comment       0x0000003c       0x3d build/sam_c21n_xpro/debug/_ext/1360937237/main.o
 .comment       0x0000003c       0x3d build/sam_c21n_xpro/debug/_ext/1360937237/app.o
 .comment       0x0000003c       0x3d build/sam_c21n_xpro/debug/_ext/1205691902/sys_debug.o
 .comment       0x0000003c       0x3d build/sam_c21n_xpro/debug/_ext/1639364742/sys_console.o
 .comment       0x0000003c       0x3d build/sam_c21n_xpro/debug/_ext/1639364742/sys_console_uart.o
 .comment       0x0000003c       0x3d build/sam_c21n_xpro/debug/_ext/1993392304/plib_sercom3_usart.o
 .comment       0x0000003c       0x3d c:/program files/microchip/xc32/v2.40/bin/bin/../../lib/gcc/pic32c/6.2.1/../../../../pic32c/lib\libpic32c.a(data_init.o)
 .comment       0x0000003c       0x3d c:/program files/microchip/xc32/v2.40/bin/bin/../../lib/gcc/pic32c/6.2.1\libgcc.a(_muldi3.o)
 .comment       0x0000003c       0x3d c:/program files/microchip/xc32/v2.40/bin/bin/../../lib/gcc/pic32c/6.2.1\libgcc.a(_udivmoddi4.o)
 .comment       0x0000003c       0x3d c:/program files/microchip/xc32/v2.40/bin/bin/../../lib/gcc/pic32c/6.2.1\libgcc.a(divsf3.o)
 .comment       0x0000003c       0x3d c:/program files/microchip/xc32/v2.40/bin/bin/../../lib/gcc/pic32c/6.2.1\libgcc.a(floatunsisf.o)
 .comment       0x0000003c       0x3d c:/program files/microchip/xc32/v2.40/bin/bin/../../lib/gcc/pic32c/6.2.1/../../../../pic32c/lib\libg_nano.a(lib_a-init.o)
 .comment       0x0000003c       0x3d c:/program files/microchip/xc32/v2.40/bin/bin/../../lib/gcc/pic32c/6.2.1/../../../../pic32c/lib\libg_nano.a(lib_a-memcmp.o)
 .comment       0x0000003c       0x3d c:/program files/microchip/xc32/v2.40/bin/bin/../../lib/gcc/pic32c/6.2.1/../../../../pic32c/lib\libg_nano.a(lib_a-memcpy-stub.o)
 .comment       0x0000003c       0x3d c:/program files/microchip/xc32/v2.40/bin/bin/../../lib/gcc/pic32c/6.2.1/../../../../pic32c/lib\libg_nano.a(lib_a-memset.o)
 .comment       0x0000003c       0x3d c:/program files/microchip/xc32/v2.40/bin/bin/../../lib/gcc/pic32c/6.2.1/../../../../pic32c/lib\libg_nano.a(_lib_a-sprintf.cdnopuxX.o)
 .comment       0x0000003c       0x3d c:/program files/microchip/xc32/v2.40/bin/bin/../../lib/gcc/pic32c/6.2.1/../../../../pic32c/lib\libg_nano.a(_lib_a-nano-vfprintf.cdnopuxX.o)
 .comment       0x0000003c       0x3d c:/program files/microchip/xc32/v2.40/bin/bin/../../lib/gcc/pic32c/6.2.1/../../../../pic32c/lib\libg_nano.a(lib_a-nano-vfprintf_i.o)
 .comment       0x0000003c       0x3d c:/program files/microchip/xc32/v2.40/bin/bin/../../lib/gcc/pic32c/6.2.1/../../../../pic32c/lib\libg_nano.a(lib_a-__ssfputs.o)
 .comment       0x0000003c       0x3d c:/program files/microchip/xc32/v2.40/bin/bin/../../lib/gcc/pic32c/6.2.1/../../../../pic32c/lib\libg_nano.a(lib_a-wbuf.o)
 .comment       0x0000003c       0x3d c:/program files/microchip/xc32/v2.40/bin/bin/../../lib/gcc/pic32c/6.2.1/../../../../pic32c/lib\libg_nano.a(lib_a-wsetup.o)
 .comment       0x0000003c       0x3d c:/program files/microchip/xc32/v2.40/bin/bin/../../lib/gcc/pic32c/6.2.1/../../../../pic32c/lib\libg_nano.a(lib_a-fflush.o)
 .comment       0x0000003c       0x3d c:/program files/microchip/xc32/v2.40/bin/bin/../../lib/gcc/pic32c/6.2.1/../../../../pic32c/lib\libg_nano.a(lib_a-findfp.o)
 .comment       0x0000003c       0x3d c:/program files/microchip/xc32/v2.40/bin/bin/../../lib/gcc/pic32c/6.2.1/../../../../pic32c/lib\libg_nano.a(lib_a-fputwc.o)
 .comment       0x0000003c       0x3d c:/program files/microchip/xc32/v2.40/bin/bin/../../lib/gcc/pic32c/6.2.1/../../../../pic32c/lib\libg_nano.a(lib_a-fwalk.o)
 .comment       0x0000003c       0x3d c:/program files/microchip/xc32/v2.40/bin/bin/../../lib/gcc/pic32c/6.2.1/../../../../pic32c/lib\libg_nano.a(lib_a-impure.o)
 .comment       0x0000003c       0x3d c:/program files/microchip/xc32/v2.40/bin/bin/../../lib/gcc/pic32c/6.2.1/../../../../pic32c/lib\libg_nano.a(lib_a-locale.o)
 .comment       0x0000003c       0x3d c:/program files/microchip/xc32/v2.40/bin/bin/../../lib/gcc/pic32c/6.2.1/../../../../pic32c/lib\libg_nano.a(lib_a-makebuf.o)
 .comment       0x0000003c       0x3d c:/program files/microchip/xc32/v2.40/bin/bin/../../lib/gcc/pic32c/6.2.1/../../../../pic32c/lib\libg_nano.a(lib_a-mbtowc_r.o)
 .comment       0x0000003c       0x3d c:/program files/microchip/xc32/v2.40/bin/bin/../../lib/gcc/pic32c/6.2.1/../../../../pic32c/lib\libg_nano.a(lib_a-memchr-stub.o)
 .comment       0x0000003c       0x3d c:/program files/microchip/xc32/v2.40/bin/bin/../../lib/gcc/pic32c/6.2.1/../../../../pic32c/lib\libg_nano.a(lib_a-nano-freer.o)
 .comment       0x0000003c       0x3d c:/program files/microchip/xc32/v2.40/bin/bin/../../lib/gcc/pic32c/6.2.1/../../../../pic32c/lib\libg_nano.a(lib_a-nano-mallocr.o)
 .comment       0x0000003c       0x3d c:/program files/microchip/xc32/v2.40/bin/bin/../../lib/gcc/pic32c/6.2.1/../../../../pic32c/lib\libg_nano.a(lib_a-sbrkr.o)
 .comment       0x0000003c       0x3d c:/program files/microchip/xc32/v2.40/bin/bin/../../lib/gcc/pic32c/6.2.1/../../../../pic32c/lib\libg_nano.a(lib_a-stdio.o)
 .comment       0x0000003c       0x3d c:/program files/microchip/xc32/v2.40/bin/bin/../../lib/gcc/pic32c/6.2.1/../../../../pic32c/lib\libg_nano.a(lib_a-wcrtomb.o)
 .comment       0x0000003c       0x3d c:/program files/microchip/xc32/v2.40/bin/bin/../../lib/gcc/pic32c/6.2.1/../../../../pic32c/lib\libg_nano.a(lib_a-wctomb_r.o)
 .comment       0x0000003c       0x3d c:/program files/microchip/xc32/v2.40/bin/bin/../../lib/gcc/pic32c/6.2.1/../../../../pic32c/lib\libg_nano.a(lib_a-writer.o)
 .comment       0x0000003c       0x3d c:/program files/microchip/xc32/v2.40/bin/bin/../../lib/gcc/pic32c/6.2.1/../../../../pic32c/lib\libg_nano.a(lib_a-closer.o)
 .comment       0x0000003c       0x3d c:/program files/microchip/xc32/v2.40/bin/bin/../../lib/gcc/pic32c/6.2.1/../../../../pic32c/lib\libg_nano.a(lib_a-ctype_.o)
 .comment       0x0000003c       0x3d c:/program files/microchip/xc32/v2.40/bin/bin/../../lib/gcc/pic32c/6.2.1/../../../../pic32c/lib\libg_nano.a(lib_a-fstatr.o)
 .comment       0x0000003c       0x3d c:/program files/microchip/xc32/v2.40/bin/bin/../../lib/gcc/pic32c/6.2.1/../../../../pic32c/lib\libg_nano.a(lib_a-isattyr.o)
 .comment       0x0000003c       0x3d c:/program files/microchip/xc32/v2.40/bin/bin/../../lib/gcc/pic32c/6.2.1/../../../../pic32c/lib\libg_nano.a(lib_a-lseekr.o)
 .comment       0x0000003c       0x3d c:/program files/microchip/xc32/v2.40/bin/bin/../../lib/gcc/pic32c/6.2.1/../../../../pic32c/lib\libg_nano.a(lib_a-mlock.o)
 .comment       0x0000003c       0x3d c:/program files/microchip/xc32/v2.40/bin/bin/../../lib/gcc/pic32c/6.2.1/../../../../pic32c/lib\libg_nano.a(lib_a-readr.o)
 .comment       0x0000003c       0x3d c:/program files/microchip/xc32/v2.40/bin/bin/../../lib/gcc/pic32c/6.2.1/../../../../pic32c/lib\libg_nano.a(lib_a-reent.o)
 .comment       0x0000003c       0x3d c:/program files/microchip/xc32/v2.40/bin/bin/../../lib/gcc/pic32c/6.2.1/../../../../pic32c/lib\libpic32c.a(_close.o)
 .comment       0x0000003c       0x3d c:/program files/microchip/xc32/v2.40/bin/bin/../../lib/gcc/pic32c/6.2.1/../../../../pic32c/lib\libpic32c.a(_fstat.o)
 .comment       0x0000003c       0x3d c:/program files/microchip/xc32/v2.40/bin/bin/../../lib/gcc/pic32c/6.2.1/../../../../pic32c/lib\libpic32c.a(_isatty.o)
 .comment       0x0000003c       0x3d c:/program files/microchip/xc32/v2.40/bin/bin/../../lib/gcc/pic32c/6.2.1/../../../../pic32c/lib\libpic32c.a(_lseek.o)
 .comment       0x0000003c       0x3d c:/program files/microchip/xc32/v2.40/bin/bin/../../lib/gcc/pic32c/6.2.1/../../../../pic32c/lib\libpic32c.a(_read.o)
 .comment       0x0000003c       0x3d c:/program files/microchip/xc32/v2.40/bin/bin/../../lib/gcc/pic32c/6.2.1/../../../../pic32c/lib\libpic32c.a(sbrk.o)
 .comment       0x0000003c       0x3d c:/program files/microchip/xc32/v2.40/bin/bin/../../lib/gcc/pic32c/6.2.1/../../../../pic32c/lib\libpic32c.a(_write.o)
 .comment       0x0000003c       0x3d c:/program files/microchip/xc32/v2.40/bin/bin/../../lib/gcc/pic32c/6.2.1/../../../../pic32c/lib\libpic32c.a(close.o)
 .comment       0x0000003c       0x3d c:/program files/microchip/xc32/v2.40/bin/bin/../../lib/gcc/pic32c/6.2.1/../../../../pic32c/lib\libpic32c.a(fstat.o)
 .comment       0x0000003c       0x3d c:/program files/microchip/xc32/v2.40/bin/bin/../../lib/gcc/pic32c/6.2.1/../../../../pic32c/lib\libpic32c.a(isatty.o)
 .comment       0x0000003c       0x3d c:/program files/microchip/xc32/v2.40/bin/bin/../../lib/gcc/pic32c/6.2.1/../../../../pic32c/lib\libpic32c.a(lseek.o)

.debug_info     0x00000000    0x5f115
 .debug_info    0x00000000     0x1a2e build/sam_c21n_xpro/debug/_ext/1360937237/appiot.o
 .debug_info    0x00001a2e     0x1a3d build/sam_c21n_xpro/debug/_ext/1360937237/moden.o
 .debug_info    0x0000346b     0x32f2 build/sam_c21n_xpro/debug/_ext/1360937237/canapp.o
 .debug_info    0x0000675d     0x1746 build/sam_c21n_xpro/debug/_ext/1360937237/appuart.o
 .debug_info    0x00007ea3     0x15c6 build/sam_c21n_xpro/debug/_ext/1360937237/appemueeprom.o
 .debug_info    0x00009469     0x1bbd build/sam_c21n_xpro/debug/_ext/1360937237/apptimer.o
 .debug_info    0x0000b026     0x1d66 build/sam_c21n_xpro/debug/_ext/1936826263/drv_at24.o
 .debug_info    0x0000cd8c     0x3d13 build/sam_c21n_xpro/debug/_ext/513394604/drv_spi.o
 .debug_info    0x00010a9f     0x2a1a build/sam_c21n_xpro/debug/_ext/1274584173/drv_usart.o
 .debug_info    0x000134b9     0x28fb build/sam_c21n_xpro/debug/_ext/1019481632/emulated_eeprom.o
 .debug_info    0x00015db4      0xc48 build/sam_c21n_xpro/debug/_ext/1617700295/plib_adc0.o
 .debug_info    0x000169fc     0x287a build/sam_c21n_xpro/debug/_ext/1617702135/plib_can0.o
 .debug_info    0x00019276      0xb00 build/sam_c21n_xpro/debug/_ext/166077579/plib_clock.o
 .debug_info    0x00019d76      0x6e7 build/sam_c21n_xpro/debug/_ext/1617704294/plib_eic.o
 .debug_info    0x0001a45d      0x354 build/sam_c21n_xpro/debug/_ext/163928093/plib_evsys.o
 .debug_info    0x0001a7b1      0xb5b build/sam_c21n_xpro/debug/_ext/1390493541/plib_nvic.o
 .debug_info    0x0001b30c     0x167d build/sam_c21n_xpro/debug/_ext/770299191/plib_nvmctrl.o
 .debug_info    0x0001c989      0xbba build/sam_c21n_xpro/debug/_ext/1390440390/plib_port.o
 .debug_info    0x0001d543     0x16f2 build/sam_c21n_xpro/debug/_ext/1451668420/plib_sercom2_i2c_master.o
 .debug_info    0x0001ec35     0x139f build/sam_c21n_xpro/debug/_ext/1942903062/plib_sercom0_spi_master.o
 .debug_info    0x0001ffd4     0x1f07 build/sam_c21n_xpro/debug/_ext/1993392304/plib_sercom1_usart.o
 .debug_info    0x00021edb      0x905 build/sam_c21n_xpro/debug/_ext/1004774289/plib_systick.o
 .debug_info    0x000227e0      0x61d build/sam_c21n_xpro/debug/_ext/1617721454/plib_wdt.o
 .debug_info    0x00022dfd      0x342 build/sam_c21n_xpro/debug/_ext/730014449/xc32_monitor.o
 .debug_info    0x0002313f      0x9c6 build/sam_c21n_xpro/debug/_ext/855761890/sys_int.o
 .debug_info    0x00023b05     0x3dcd build/sam_c21n_xpro/debug/_ext/1758384875/initialization.o
 .debug_info    0x000278d2     0x1651 build/sam_c21n_xpro/debug/_ext/1758384875/interrupts.o
 .debug_info    0x00028f23     0x101f build/sam_c21n_xpro/debug/_ext/1758384875/exceptions.o
 .debug_info    0x00029f42      0x4d8 build/sam_c21n_xpro/debug/_ext/1758384875/startup_xc32.o
 .debug_info    0x0002a41a     0x2004 build/sam_c21n_xpro/debug/_ext/1360937237/main.o
 .debug_info    0x0002c41e      0xf29 build/sam_c21n_xpro/debug/_ext/1360937237/app.o
 .debug_info    0x0002d347     0x12d7 build/sam_c21n_xpro/debug/_ext/1205691902/sys_debug.o
 .debug_info    0x0002e61e     0x1eb4 build/sam_c21n_xpro/debug/_ext/1639364742/sys_console.o
 .debug_info    0x000304d2     0x20bf build/sam_c21n_xpro/debug/_ext/1639364742/sys_console_uart.o
 .debug_info    0x00032591     0x1f07 build/sam_c21n_xpro/debug/_ext/1993392304/plib_sercom3_usart.o
 .debug_info    0x00034498      0x1f0 c:/program files/microchip/xc32/v2.40/bin/bin/../../lib/gcc/pic32c/6.2.1/../../../../pic32c/lib\libpic32c.a(data_init.o)
 .debug_info    0x00034688       0xee c:/program files/microchip/xc32/v2.40/bin/bin/../../lib/gcc/pic32c/6.2.1\libgcc.a(_udivsi3.o)
 .debug_info    0x00034776       0xee c:/program files/microchip/xc32/v2.40/bin/bin/../../lib/gcc/pic32c/6.2.1\libgcc.a(_dvmd_tls.o)
 .debug_info    0x00034864       0xee c:/program files/microchip/xc32/v2.40/bin/bin/../../lib/gcc/pic32c/6.2.1\libgcc.a(_aeabi_uldivmod.o)
 .debug_info    0x00034952     0x13d1 c:/program files/microchip/xc32/v2.40/bin/bin/../../lib/gcc/pic32c/6.2.1\libgcc.a(_muldi3.o)
 .debug_info    0x00035d23     0x132c c:/program files/microchip/xc32/v2.40/bin/bin/../../lib/gcc/pic32c/6.2.1\libgcc.a(_udivmoddi4.o)
 .debug_info    0x0003704f      0x58b c:/program files/microchip/xc32/v2.40/bin/bin/../../lib/gcc/pic32c/6.2.1\libgcc.a(divsf3.o)
 .debug_info    0x000375da      0x465 c:/program files/microchip/xc32/v2.40/bin/bin/../../lib/gcc/pic32c/6.2.1\libgcc.a(floatunsisf.o)
 .debug_info    0x00037a3f       0xee c:/program files/microchip/xc32/v2.40/bin/bin/../../lib/gcc/pic32c/6.2.1\libgcc.a(_thumb1_case_uqi.o)
 .debug_info    0x00037b2d       0xee c:/program files/microchip/xc32/v2.40/bin/bin/../../lib/gcc/pic32c/6.2.1\libgcc.a(_lshrdi3.o)
 .debug_info    0x00037c1b       0xee c:/program files/microchip/xc32/v2.40/bin/bin/../../lib/gcc/pic32c/6.2.1\libgcc.a(_ashldi3.o)
 .debug_info    0x00037d09       0xee c:/program files/microchip/xc32/v2.40/bin/bin/../../lib/gcc/pic32c/6.2.1\libgcc.a(_clzsi2.o)
 .debug_info    0x00037df7       0xee c:/program files/microchip/xc32/v2.40/bin/bin/../../lib/gcc/pic32c/6.2.1\libgcc.a(_clzdi2.o)
 .debug_info    0x00037ee5      0x359 c:/program files/microchip/xc32/v2.40/bin/bin/../../lib/gcc/pic32c/6.2.1/../../../../pic32c/lib\libg_nano.a(lib_a-init.o)
 .debug_info    0x0003823e      0xd94 c:/program files/microchip/xc32/v2.40/bin/bin/../../lib/gcc/pic32c/6.2.1/../../../../pic32c/lib\libg_nano.a(lib_a-memcmp.o)
 .debug_info    0x00038fd2      0xdb3 c:/program files/microchip/xc32/v2.40/bin/bin/../../lib/gcc/pic32c/6.2.1/../../../../pic32c/lib\libg_nano.a(lib_a-memcpy-stub.o)
 .debug_info    0x00039d85     0x14e8 c:/program files/microchip/xc32/v2.40/bin/bin/../../lib/gcc/pic32c/6.2.1/../../../../pic32c/lib\libg_nano.a(lib_a-memset.o)
 .debug_info    0x0003b26d      0xe2e c:/program files/microchip/xc32/v2.40/bin/bin/../../lib/gcc/pic32c/6.2.1/../../../../pic32c/lib\libg_nano.a(_lib_a-sprintf.cdnopuxX.o)
 .debug_info    0x0003c09b      0x117 c:/program files/microchip/xc32/v2.40/bin/bin/../../lib/gcc/pic32c/6.2.1/../../../../pic32c/lib\libg_nano.a(lib_a-strlen.o)
 .debug_info    0x0003c1b2     0x1e92 c:/program files/microchip/xc32/v2.40/bin/bin/../../lib/gcc/pic32c/6.2.1/../../../../pic32c/lib\libg_nano.a(_lib_a-nano-vfprintf.cdnopuxX.o)
 .debug_info    0x0003e044     0x1d15 c:/program files/microchip/xc32/v2.40/bin/bin/../../lib/gcc/pic32c/6.2.1/../../../../pic32c/lib\libg_nano.a(lib_a-nano-vfprintf_i.o)
 .debug_info    0x0003fd59     0x188d c:/program files/microchip/xc32/v2.40/bin/bin/../../lib/gcc/pic32c/6.2.1/../../../../pic32c/lib\libg_nano.a(lib_a-__ssfputs.o)
 .debug_info    0x000415e6     0x11b3 c:/program files/microchip/xc32/v2.40/bin/bin/../../lib/gcc/pic32c/6.2.1/../../../../pic32c/lib\libg_nano.a(lib_a-wbuf.o)
 .debug_info    0x00042799     0x112e c:/program files/microchip/xc32/v2.40/bin/bin/../../lib/gcc/pic32c/6.2.1/../../../../pic32c/lib\libg_nano.a(lib_a-wsetup.o)
 .debug_info    0x000438c7     0x1298 c:/program files/microchip/xc32/v2.40/bin/bin/../../lib/gcc/pic32c/6.2.1/../../../../pic32c/lib\libg_nano.a(lib_a-fflush.o)
 .debug_info    0x00044b5f     0x1470 c:/program files/microchip/xc32/v2.40/bin/bin/../../lib/gcc/pic32c/6.2.1/../../../../pic32c/lib\libg_nano.a(lib_a-findfp.o)
 .debug_info    0x00045fcf     0x12ea c:/program files/microchip/xc32/v2.40/bin/bin/../../lib/gcc/pic32c/6.2.1/../../../../pic32c/lib\libg_nano.a(lib_a-fputwc.o)
 .debug_info    0x000472b9     0x11a9 c:/program files/microchip/xc32/v2.40/bin/bin/../../lib/gcc/pic32c/6.2.1/../../../../pic32c/lib\libg_nano.a(lib_a-fwalk.o)
 .debug_info    0x00048462      0xd3c c:/program files/microchip/xc32/v2.40/bin/bin/../../lib/gcc/pic32c/6.2.1/../../../../pic32c/lib\libg_nano.a(lib_a-impure.o)
 .debug_info    0x0004919e     0x17cf c:/program files/microchip/xc32/v2.40/bin/bin/../../lib/gcc/pic32c/6.2.1/../../../../pic32c/lib\libg_nano.a(lib_a-locale.o)
 .debug_info    0x0004a96d     0x14e5 c:/program files/microchip/xc32/v2.40/bin/bin/../../lib/gcc/pic32c/6.2.1/../../../../pic32c/lib\libg_nano.a(lib_a-makebuf.o)
 .debug_info    0x0004be52     0x16a8 c:/program files/microchip/xc32/v2.40/bin/bin/../../lib/gcc/pic32c/6.2.1/../../../../pic32c/lib\libg_nano.a(lib_a-mbtowc_r.o)
 .debug_info    0x0004d4fa      0xdb2 c:/program files/microchip/xc32/v2.40/bin/bin/../../lib/gcc/pic32c/6.2.1/../../../../pic32c/lib\libg_nano.a(lib_a-memchr-stub.o)
 .debug_info    0x0004e2ac     0x10ed c:/program files/microchip/xc32/v2.40/bin/bin/../../lib/gcc/pic32c/6.2.1/../../../../pic32c/lib\libg_nano.a(lib_a-nano-freer.o)
 .debug_info    0x0004f399     0x119a c:/program files/microchip/xc32/v2.40/bin/bin/../../lib/gcc/pic32c/6.2.1/../../../../pic32c/lib\libg_nano.a(lib_a-nano-mallocr.o)
 .debug_info    0x00050533      0xe2c c:/program files/microchip/xc32/v2.40/bin/bin/../../lib/gcc/pic32c/6.2.1/../../../../pic32c/lib\libg_nano.a(lib_a-sbrkr.o)
 .debug_info    0x0005135f     0x135a c:/program files/microchip/xc32/v2.40/bin/bin/../../lib/gcc/pic32c/6.2.1/../../../../pic32c/lib\libg_nano.a(lib_a-stdio.o)
 .debug_info    0x000526b9     0x16a4 c:/program files/microchip/xc32/v2.40/bin/bin/../../lib/gcc/pic32c/6.2.1/../../../../pic32c/lib\libg_nano.a(lib_a-wcrtomb.o)
 .debug_info    0x00053d5d     0x166c c:/program files/microchip/xc32/v2.40/bin/bin/../../lib/gcc/pic32c/6.2.1/../../../../pic32c/lib\libg_nano.a(lib_a-wctomb_r.o)
 .debug_info    0x000553c9      0xe4b c:/program files/microchip/xc32/v2.40/bin/bin/../../lib/gcc/pic32c/6.2.1/../../../../pic32c/lib\libg_nano.a(lib_a-writer.o)
 .debug_info    0x00056214      0xdfa c:/program files/microchip/xc32/v2.40/bin/bin/../../lib/gcc/pic32c/6.2.1/../../../../pic32c/lib\libg_nano.a(lib_a-closer.o)
 .debug_info    0x0005700e     0x14b9 c:/program files/microchip/xc32/v2.40/bin/bin/../../lib/gcc/pic32c/6.2.1/../../../../pic32c/lib\libg_nano.a(lib_a-ctype_.o)
 .debug_info    0x000584c7     0x10f5 c:/program files/microchip/xc32/v2.40/bin/bin/../../lib/gcc/pic32c/6.2.1/../../../../pic32c/lib\libg_nano.a(lib_a-fstatr.o)
 .debug_info    0x000595bc      0xe07 c:/program files/microchip/xc32/v2.40/bin/bin/../../lib/gcc/pic32c/6.2.1/../../../../pic32c/lib\libg_nano.a(lib_a-isattyr.o)
 .debug_info    0x0005a3c3      0xe32 c:/program files/microchip/xc32/v2.40/bin/bin/../../lib/gcc/pic32c/6.2.1/../../../../pic32c/lib\libg_nano.a(lib_a-lseekr.o)
 .debug_info    0x0005b1f5      0xd79 c:/program files/microchip/xc32/v2.40/bin/bin/../../lib/gcc/pic32c/6.2.1/../../../../pic32c/lib\libg_nano.a(lib_a-mlock.o)
 .debug_info    0x0005bf6e      0xe49 c:/program files/microchip/xc32/v2.40/bin/bin/../../lib/gcc/pic32c/6.2.1/../../../../pic32c/lib\libg_nano.a(lib_a-readr.o)
 .debug_info    0x0005cdb7      0xf2f c:/program files/microchip/xc32/v2.40/bin/bin/../../lib/gcc/pic32c/6.2.1/../../../../pic32c/lib\libg_nano.a(lib_a-reent.o)
 .debug_info    0x0005dce6      0x1d7 c:/program files/microchip/xc32/v2.40/bin/bin/../../lib/gcc/pic32c/6.2.1/../../../../pic32c/lib\libpic32c.a(_close.o)
 .debug_info    0x0005debd      0x1d7 c:/program files/microchip/xc32/v2.40/bin/bin/../../lib/gcc/pic32c/6.2.1/../../../../pic32c/lib\libpic32c.a(_fstat.o)
 .debug_info    0x0005e094      0x1d9 c:/program files/microchip/xc32/v2.40/bin/bin/../../lib/gcc/pic32c/6.2.1/../../../../pic32c/lib\libpic32c.a(_isatty.o)
 .debug_info    0x0005e26d      0x1d7 c:/program files/microchip/xc32/v2.40/bin/bin/../../lib/gcc/pic32c/6.2.1/../../../../pic32c/lib\libpic32c.a(_lseek.o)
 .debug_info    0x0005e444      0x1d5 c:/program files/microchip/xc32/v2.40/bin/bin/../../lib/gcc/pic32c/6.2.1/../../../../pic32c/lib\libpic32c.a(_read.o)
 .debug_info    0x0005e619      0x1d3 c:/program files/microchip/xc32/v2.40/bin/bin/../../lib/gcc/pic32c/6.2.1/../../../../pic32c/lib\libpic32c.a(sbrk.o)
 .debug_info    0x0005e7ec      0x1d7 c:/program files/microchip/xc32/v2.40/bin/bin/../../lib/gcc/pic32c/6.2.1/../../../../pic32c/lib\libpic32c.a(_write.o)
 .debug_info    0x0005e9c3      0x1d4 c:/program files/microchip/xc32/v2.40/bin/bin/../../lib/gcc/pic32c/6.2.1/../../../../pic32c/lib\libpic32c.a(close.o)
 .debug_info    0x0005eb97      0x1d4 c:/program files/microchip/xc32/v2.40/bin/bin/../../lib/gcc/pic32c/6.2.1/../../../../pic32c/lib\libpic32c.a(fstat.o)
 .debug_info    0x0005ed6b      0x1d6 c:/program files/microchip/xc32/v2.40/bin/bin/../../lib/gcc/pic32c/6.2.1/../../../../pic32c/lib\libpic32c.a(isatty.o)
 .debug_info    0x0005ef41      0x1d4 c:/program files/microchip/xc32/v2.40/bin/bin/../../lib/gcc/pic32c/6.2.1/../../../../pic32c/lib\libpic32c.a(lseek.o)

.debug_abbrev   0x00000000     0xa066
 .debug_abbrev  0x00000000      0x27e build/sam_c21n_xpro/debug/_ext/1360937237/appiot.o
 .debug_abbrev  0x0000027e      0x2fa build/sam_c21n_xpro/debug/_ext/1360937237/moden.o
 .debug_abbrev  0x00000578      0x450 build/sam_c21n_xpro/debug/_ext/1360937237/canapp.o
 .debug_abbrev  0x000009c8      0x2e4 build/sam_c21n_xpro/debug/_ext/1360937237/appuart.o
 .debug_abbrev  0x00000cac      0x21e build/sam_c21n_xpro/debug/_ext/1360937237/appemueeprom.o
 .debug_abbrev  0x00000eca      0x238 build/sam_c21n_xpro/debug/_ext/1360937237/apptimer.o
 .debug_abbrev  0x00001102      0x3b0 build/sam_c21n_xpro/debug/_ext/1936826263/drv_at24.o
 .debug_abbrev  0x000014b2      0x4e7 build/sam_c21n_xpro/debug/_ext/513394604/drv_spi.o
 .debug_abbrev  0x00001999      0x506 build/sam_c21n_xpro/debug/_ext/1274584173/drv_usart.o
 .debug_abbrev  0x00001e9f      0x56a build/sam_c21n_xpro/debug/_ext/1019481632/emulated_eeprom.o
 .debug_abbrev  0x00002409      0x154 build/sam_c21n_xpro/debug/_ext/1617700295/plib_adc0.o
 .debug_abbrev  0x0000255d      0x3e5 build/sam_c21n_xpro/debug/_ext/1617702135/plib_can0.o
 .debug_abbrev  0x00002942      0x126 build/sam_c21n_xpro/debug/_ext/166077579/plib_clock.o
 .debug_abbrev  0x00002a68      0x16c build/sam_c21n_xpro/debug/_ext/1617704294/plib_eic.o
 .debug_abbrev  0x00002bd4       0x39 build/sam_c21n_xpro/debug/_ext/163928093/plib_evsys.o
 .debug_abbrev  0x00002c0d      0x1b9 build/sam_c21n_xpro/debug/_ext/1390493541/plib_nvic.o
 .debug_abbrev  0x00002dc6      0x26a build/sam_c21n_xpro/debug/_ext/770299191/plib_nvmctrl.o
 .debug_abbrev  0x00003030      0x1ae build/sam_c21n_xpro/debug/_ext/1390440390/plib_port.o
 .debug_abbrev  0x000031de      0x36e build/sam_c21n_xpro/debug/_ext/1451668420/plib_sercom2_i2c_master.o
 .debug_abbrev  0x0000354c      0x255 build/sam_c21n_xpro/debug/_ext/1942903062/plib_sercom0_spi_master.o
 .debug_abbrev  0x000037a1      0x3e5 build/sam_c21n_xpro/debug/_ext/1993392304/plib_sercom1_usart.o
 .debug_abbrev  0x00003b86      0x1e0 build/sam_c21n_xpro/debug/_ext/1004774289/plib_systick.o
 .debug_abbrev  0x00003d66       0xc5 build/sam_c21n_xpro/debug/_ext/1617721454/plib_wdt.o
 .debug_abbrev  0x00003e2b       0x89 build/sam_c21n_xpro/debug/_ext/730014449/xc32_monitor.o
 .debug_abbrev  0x00003eb4      0x1f7 build/sam_c21n_xpro/debug/_ext/855761890/sys_int.o
 .debug_abbrev  0x000040ab      0x2b6 build/sam_c21n_xpro/debug/_ext/1758384875/initialization.o
 .debug_abbrev  0x00004361      0x1be build/sam_c21n_xpro/debug/_ext/1758384875/interrupts.o
 .debug_abbrev  0x0000451f      0x1aa build/sam_c21n_xpro/debug/_ext/1758384875/exceptions.o
 .debug_abbrev  0x000046c9      0x10b build/sam_c21n_xpro/debug/_ext/1758384875/startup_xc32.o
 .debug_abbrev  0x000047d4      0x279 build/sam_c21n_xpro/debug/_ext/1360937237/main.o
 .debug_abbrev  0x00004a4d      0x1ea build/sam_c21n_xpro/debug/_ext/1360937237/app.o
 .debug_abbrev  0x00004c37      0x237 build/sam_c21n_xpro/debug/_ext/1205691902/sys_debug.o
 .debug_abbrev  0x00004e6e      0x418 build/sam_c21n_xpro/debug/_ext/1639364742/sys_console.o
 .debug_abbrev  0x00005286      0x3f9 build/sam_c21n_xpro/debug/_ext/1639364742/sys_console_uart.o
 .debug_abbrev  0x0000567f      0x3e5 build/sam_c21n_xpro/debug/_ext/1993392304/plib_sercom3_usart.o
 .debug_abbrev  0x00005a64       0x2a c:/program files/microchip/xc32/v2.40/bin/bin/../../lib/gcc/pic32c/6.2.1/../../../../pic32c/lib\libpic32c.a(data_init.o)
 .debug_abbrev  0x00005a8e       0x14 c:/program files/microchip/xc32/v2.40/bin/bin/../../lib/gcc/pic32c/6.2.1\libgcc.a(_udivsi3.o)
 .debug_abbrev  0x00005aa2       0x14 c:/program files/microchip/xc32/v2.40/bin/bin/../../lib/gcc/pic32c/6.2.1\libgcc.a(_dvmd_tls.o)
 .debug_abbrev  0x00005ab6       0x14 c:/program files/microchip/xc32/v2.40/bin/bin/../../lib/gcc/pic32c/6.2.1\libgcc.a(_aeabi_uldivmod.o)
 .debug_abbrev  0x00005aca      0x176 c:/program files/microchip/xc32/v2.40/bin/bin/../../lib/gcc/pic32c/6.2.1\libgcc.a(_muldi3.o)
 .debug_abbrev  0x00005c40      0x13b c:/program files/microchip/xc32/v2.40/bin/bin/../../lib/gcc/pic32c/6.2.1\libgcc.a(_udivmoddi4.o)
 .debug_abbrev  0x00005d7b      0x135 c:/program files/microchip/xc32/v2.40/bin/bin/../../lib/gcc/pic32c/6.2.1\libgcc.a(divsf3.o)
 .debug_abbrev  0x00005eb0      0x12d c:/program files/microchip/xc32/v2.40/bin/bin/../../lib/gcc/pic32c/6.2.1\libgcc.a(floatunsisf.o)
 .debug_abbrev  0x00005fdd       0x14 c:/program files/microchip/xc32/v2.40/bin/bin/../../lib/gcc/pic32c/6.2.1\libgcc.a(_thumb1_case_uqi.o)
 .debug_abbrev  0x00005ff1       0x14 c:/program files/microchip/xc32/v2.40/bin/bin/../../lib/gcc/pic32c/6.2.1\libgcc.a(_lshrdi3.o)
 .debug_abbrev  0x00006005       0x14 c:/program files/microchip/xc32/v2.40/bin/bin/../../lib/gcc/pic32c/6.2.1\libgcc.a(_ashldi3.o)
 .debug_abbrev  0x00006019       0x14 c:/program files/microchip/xc32/v2.40/bin/bin/../../lib/gcc/pic32c/6.2.1\libgcc.a(_clzsi2.o)
 .debug_abbrev  0x0000602d       0x14 c:/program files/microchip/xc32/v2.40/bin/bin/../../lib/gcc/pic32c/6.2.1\libgcc.a(_clzdi2.o)
 .debug_abbrev  0x00006041       0xa3 c:/program files/microchip/xc32/v2.40/bin/bin/../../lib/gcc/pic32c/6.2.1/../../../../pic32c/lib\libg_nano.a(lib_a-init.o)
 .debug_abbrev  0x000060e4      0x16d c:/program files/microchip/xc32/v2.40/bin/bin/../../lib/gcc/pic32c/6.2.1/../../../../pic32c/lib\libg_nano.a(lib_a-memcmp.o)
 .debug_abbrev  0x00006251      0x17c c:/program files/microchip/xc32/v2.40/bin/bin/../../lib/gcc/pic32c/6.2.1/../../../../pic32c/lib\libg_nano.a(lib_a-memcpy-stub.o)
 .debug_abbrev  0x000063cd      0x170 c:/program files/microchip/xc32/v2.40/bin/bin/../../lib/gcc/pic32c/6.2.1/../../../../pic32c/lib\libg_nano.a(lib_a-memset.o)
 .debug_abbrev  0x0000653d      0x1a5 c:/program files/microchip/xc32/v2.40/bin/bin/../../lib/gcc/pic32c/6.2.1/../../../../pic32c/lib\libg_nano.a(_lib_a-sprintf.cdnopuxX.o)
 .debug_abbrev  0x000066e2       0x14 c:/program files/microchip/xc32/v2.40/bin/bin/../../lib/gcc/pic32c/6.2.1/../../../../pic32c/lib\libg_nano.a(lib_a-strlen.o)
 .debug_abbrev  0x000066f6      0x30c c:/program files/microchip/xc32/v2.40/bin/bin/../../lib/gcc/pic32c/6.2.1/../../../../pic32c/lib\libg_nano.a(_lib_a-nano-vfprintf.cdnopuxX.o)
 .debug_abbrev  0x00006a02      0x25f c:/program files/microchip/xc32/v2.40/bin/bin/../../lib/gcc/pic32c/6.2.1/../../../../pic32c/lib\libg_nano.a(lib_a-nano-vfprintf_i.o)
 .debug_abbrev  0x00006c61      0x1f6 c:/program files/microchip/xc32/v2.40/bin/bin/../../lib/gcc/pic32c/6.2.1/../../../../pic32c/lib\libg_nano.a(lib_a-__ssfputs.o)
 .debug_abbrev  0x00006e57      0x208 c:/program files/microchip/xc32/v2.40/bin/bin/../../lib/gcc/pic32c/6.2.1/../../../../pic32c/lib\libg_nano.a(lib_a-wbuf.o)
 .debug_abbrev  0x0000705f      0x1ec c:/program files/microchip/xc32/v2.40/bin/bin/../../lib/gcc/pic32c/6.2.1/../../../../pic32c/lib\libg_nano.a(lib_a-wsetup.o)
 .debug_abbrev  0x0000724b      0x263 c:/program files/microchip/xc32/v2.40/bin/bin/../../lib/gcc/pic32c/6.2.1/../../../../pic32c/lib\libg_nano.a(lib_a-fflush.o)
 .debug_abbrev  0x000074ae      0x295 c:/program files/microchip/xc32/v2.40/bin/bin/../../lib/gcc/pic32c/6.2.1/../../../../pic32c/lib\libg_nano.a(lib_a-findfp.o)
 .debug_abbrev  0x00007743      0x233 c:/program files/microchip/xc32/v2.40/bin/bin/../../lib/gcc/pic32c/6.2.1/../../../../pic32c/lib\libg_nano.a(lib_a-fputwc.o)
 .debug_abbrev  0x00007976      0x1b0 c:/program files/microchip/xc32/v2.40/bin/bin/../../lib/gcc/pic32c/6.2.1/../../../../pic32c/lib\libg_nano.a(lib_a-fwalk.o)
 .debug_abbrev  0x00007b26      0x131 c:/program files/microchip/xc32/v2.40/bin/bin/../../lib/gcc/pic32c/6.2.1/../../../../pic32c/lib\libg_nano.a(lib_a-impure.o)
 .debug_abbrev  0x00007c57      0x264 c:/program files/microchip/xc32/v2.40/bin/bin/../../lib/gcc/pic32c/6.2.1/../../../../pic32c/lib\libg_nano.a(lib_a-locale.o)
 .debug_abbrev  0x00007ebb      0x268 c:/program files/microchip/xc32/v2.40/bin/bin/../../lib/gcc/pic32c/6.2.1/../../../../pic32c/lib\libg_nano.a(lib_a-makebuf.o)
 .debug_abbrev  0x00008123      0x1cd c:/program files/microchip/xc32/v2.40/bin/bin/../../lib/gcc/pic32c/6.2.1/../../../../pic32c/lib\libg_nano.a(lib_a-mbtowc_r.o)
 .debug_abbrev  0x000082f0      0x16d c:/program files/microchip/xc32/v2.40/bin/bin/../../lib/gcc/pic32c/6.2.1/../../../../pic32c/lib\libg_nano.a(lib_a-memchr-stub.o)
 .debug_abbrev  0x0000845d      0x24f c:/program files/microchip/xc32/v2.40/bin/bin/../../lib/gcc/pic32c/6.2.1/../../../../pic32c/lib\libg_nano.a(lib_a-nano-freer.o)
 .debug_abbrev  0x000086ac      0x286 c:/program files/microchip/xc32/v2.40/bin/bin/../../lib/gcc/pic32c/6.2.1/../../../../pic32c/lib\libg_nano.a(lib_a-nano-mallocr.o)
 .debug_abbrev  0x00008932      0x1a8 c:/program files/microchip/xc32/v2.40/bin/bin/../../lib/gcc/pic32c/6.2.1/../../../../pic32c/lib\libg_nano.a(lib_a-sbrkr.o)
 .debug_abbrev  0x00008ada      0x224 c:/program files/microchip/xc32/v2.40/bin/bin/../../lib/gcc/pic32c/6.2.1/../../../../pic32c/lib\libg_nano.a(lib_a-stdio.o)
 .debug_abbrev  0x00008cfe      0x1d5 c:/program files/microchip/xc32/v2.40/bin/bin/../../lib/gcc/pic32c/6.2.1/../../../../pic32c/lib\libg_nano.a(lib_a-wcrtomb.o)
 .debug_abbrev  0x00008ed3      0x1ce c:/program files/microchip/xc32/v2.40/bin/bin/../../lib/gcc/pic32c/6.2.1/../../../../pic32c/lib\libg_nano.a(lib_a-wctomb_r.o)
 .debug_abbrev  0x000090a1      0x198 c:/program files/microchip/xc32/v2.40/bin/bin/../../lib/gcc/pic32c/6.2.1/../../../../pic32c/lib\libg_nano.a(lib_a-writer.o)
 .debug_abbrev  0x00009239      0x193 c:/program files/microchip/xc32/v2.40/bin/bin/../../lib/gcc/pic32c/6.2.1/../../../../pic32c/lib\libg_nano.a(lib_a-closer.o)
 .debug_abbrev  0x000093cc      0x131 c:/program files/microchip/xc32/v2.40/bin/bin/../../lib/gcc/pic32c/6.2.1/../../../../pic32c/lib\libg_nano.a(lib_a-ctype_.o)
 .debug_abbrev  0x000094fd      0x193 c:/program files/microchip/xc32/v2.40/bin/bin/../../lib/gcc/pic32c/6.2.1/../../../../pic32c/lib\libg_nano.a(lib_a-fstatr.o)
 .debug_abbrev  0x00009690      0x193 c:/program files/microchip/xc32/v2.40/bin/bin/../../lib/gcc/pic32c/6.2.1/../../../../pic32c/lib\libg_nano.a(lib_a-isattyr.o)
 .debug_abbrev  0x00009823      0x193 c:/program files/microchip/xc32/v2.40/bin/bin/../../lib/gcc/pic32c/6.2.1/../../../../pic32c/lib\libg_nano.a(lib_a-lseekr.o)
 .debug_abbrev  0x000099b6      0x165 c:/program files/microchip/xc32/v2.40/bin/bin/../../lib/gcc/pic32c/6.2.1/../../../../pic32c/lib\libg_nano.a(lib_a-mlock.o)
 .debug_abbrev  0x00009b1b      0x193 c:/program files/microchip/xc32/v2.40/bin/bin/../../lib/gcc/pic32c/6.2.1/../../../../pic32c/lib\libg_nano.a(lib_a-readr.o)
 .debug_abbrev  0x00009cae      0x1ea c:/program files/microchip/xc32/v2.40/bin/bin/../../lib/gcc/pic32c/6.2.1/../../../../pic32c/lib\libg_nano.a(lib_a-reent.o)
 .debug_abbrev  0x00009e98       0x2a c:/program files/microchip/xc32/v2.40/bin/bin/../../lib/gcc/pic32c/6.2.1/../../../../pic32c/lib\libpic32c.a(_close.o)
 .debug_abbrev  0x00009ec2       0x2a c:/program files/microchip/xc32/v2.40/bin/bin/../../lib/gcc/pic32c/6.2.1/../../../../pic32c/lib\libpic32c.a(_fstat.o)
 .debug_abbrev  0x00009eec       0x2a c:/program files/microchip/xc32/v2.40/bin/bin/../../lib/gcc/pic32c/6.2.1/../../../../pic32c/lib\libpic32c.a(_isatty.o)
 .debug_abbrev  0x00009f16       0x2a c:/program files/microchip/xc32/v2.40/bin/bin/../../lib/gcc/pic32c/6.2.1/../../../../pic32c/lib\libpic32c.a(_lseek.o)
 .debug_abbrev  0x00009f40       0x2a c:/program files/microchip/xc32/v2.40/bin/bin/../../lib/gcc/pic32c/6.2.1/../../../../pic32c/lib\libpic32c.a(_read.o)
 .debug_abbrev  0x00009f6a       0x2a c:/program files/microchip/xc32/v2.40/bin/bin/../../lib/gcc/pic32c/6.2.1/../../../../pic32c/lib\libpic32c.a(sbrk.o)
 .debug_abbrev  0x00009f94       0x2a c:/program files/microchip/xc32/v2.40/bin/bin/../../lib/gcc/pic32c/6.2.1/../../../../pic32c/lib\libpic32c.a(_write.o)
 .debug_abbrev  0x00009fbe       0x2a c:/program files/microchip/xc32/v2.40/bin/bin/../../lib/gcc/pic32c/6.2.1/../../../../pic32c/lib\libpic32c.a(close.o)
 .debug_abbrev  0x00009fe8       0x2a c:/program files/microchip/xc32/v2.40/bin/bin/../../lib/gcc/pic32c/6.2.1/../../../../pic32c/lib\libpic32c.a(fstat.o)
 .debug_abbrev  0x0000a012       0x2a c:/program files/microchip/xc32/v2.40/bin/bin/../../lib/gcc/pic32c/6.2.1/../../../../pic32c/lib\libpic32c.a(isatty.o)
 .debug_abbrev  0x0000a03c       0x2a c:/program files/microchip/xc32/v2.40/bin/bin/../../lib/gcc/pic32c/6.2.1/../../../../pic32c/lib\libpic32c.a(lseek.o)

.debug_loc      0x00000000     0xec57
 .debug_loc     0x00000000       0x20 build/sam_c21n_xpro/debug/_ext/1360937237/appiot.o
 .debug_loc     0x00000020       0xdb build/sam_c21n_xpro/debug/_ext/1360937237/moden.o
 .debug_loc     0x000000fb      0xdd7 build/sam_c21n_xpro/debug/_ext/1360937237/canapp.o
 .debug_loc     0x00000ed2      0x2a8 build/sam_c21n_xpro/debug/_ext/1360937237/appuart.o
 .debug_loc     0x0000117a       0x20 build/sam_c21n_xpro/debug/_ext/1360937237/apptimer.o
 .debug_loc     0x0000119a      0x75f build/sam_c21n_xpro/debug/_ext/1936826263/drv_at24.o
 .debug_loc     0x000018f9     0x19fd build/sam_c21n_xpro/debug/_ext/513394604/drv_spi.o
 .debug_loc     0x000032f6      0xef7 build/sam_c21n_xpro/debug/_ext/1274584173/drv_usart.o
 .debug_loc     0x000041ed     0x14de build/sam_c21n_xpro/debug/_ext/1019481632/emulated_eeprom.o
 .debug_loc     0x000056cb      0x10a build/sam_c21n_xpro/debug/_ext/1617700295/plib_adc0.o
 .debug_loc     0x000057d5      0xb3f build/sam_c21n_xpro/debug/_ext/1617702135/plib_can0.o
 .debug_loc     0x00006314       0x3f build/sam_c21n_xpro/debug/_ext/166077579/plib_clock.o
 .debug_loc     0x00006353       0xe1 build/sam_c21n_xpro/debug/_ext/1617704294/plib_eic.o
 .debug_loc     0x00006434      0x18b build/sam_c21n_xpro/debug/_ext/1390493541/plib_nvic.o
 .debug_loc     0x000065bf      0x53c build/sam_c21n_xpro/debug/_ext/770299191/plib_nvmctrl.o
 .debug_loc     0x00006afb      0x1ee build/sam_c21n_xpro/debug/_ext/1390440390/plib_port.o
 .debug_loc     0x00006ce9      0x938 build/sam_c21n_xpro/debug/_ext/1451668420/plib_sercom2_i2c_master.o
 .debug_loc     0x00007621      0x450 build/sam_c21n_xpro/debug/_ext/1942903062/plib_sercom0_spi_master.o
 .debug_loc     0x00007a71      0xadb build/sam_c21n_xpro/debug/_ext/1993392304/plib_sercom1_usart.o
 .debug_loc     0x0000854c      0x3aa build/sam_c21n_xpro/debug/_ext/1004774289/plib_systick.o
 .debug_loc     0x000088f6       0x21 build/sam_c21n_xpro/debug/_ext/1617721454/plib_wdt.o
 .debug_loc     0x00008917       0x42 build/sam_c21n_xpro/debug/_ext/730014449/xc32_monitor.o
 .debug_loc     0x00008959      0x15b build/sam_c21n_xpro/debug/_ext/855761890/sys_int.o
 .debug_loc     0x00008ab4       0x41 build/sam_c21n_xpro/debug/_ext/1758384875/initialization.o
 .debug_loc     0x00008af5       0x20 build/sam_c21n_xpro/debug/_ext/1758384875/startup_xc32.o
 .debug_loc     0x00008b15       0xcd build/sam_c21n_xpro/debug/_ext/1360937237/main.o
 .debug_loc     0x00008be2       0x14 build/sam_c21n_xpro/debug/_ext/1360937237/app.o
 .debug_loc     0x00008bf6       0x63 build/sam_c21n_xpro/debug/_ext/1205691902/sys_debug.o
 .debug_loc     0x00008c59      0xa64 build/sam_c21n_xpro/debug/_ext/1639364742/sys_console.o
 .debug_loc     0x000096bd      0x772 build/sam_c21n_xpro/debug/_ext/1639364742/sys_console_uart.o
 .debug_loc     0x00009e2f      0xadb build/sam_c21n_xpro/debug/_ext/1993392304/plib_sercom3_usart.o
 .debug_loc     0x0000a90a       0x14 c:/program files/microchip/xc32/v2.40/bin/bin/../../lib/gcc/pic32c/6.2.1/../../../../pic32c/lib\libpic32c.a(data_init.o)
 .debug_loc     0x0000a91e      0x164 c:/program files/microchip/xc32/v2.40/bin/bin/../../lib/gcc/pic32c/6.2.1\libgcc.a(_muldi3.o)
 .debug_loc     0x0000aa82      0x29d c:/program files/microchip/xc32/v2.40/bin/bin/../../lib/gcc/pic32c/6.2.1\libgcc.a(_udivmoddi4.o)
 .debug_loc     0x0000ad1f      0x6a6 c:/program files/microchip/xc32/v2.40/bin/bin/../../lib/gcc/pic32c/6.2.1\libgcc.a(divsf3.o)
 .debug_loc     0x0000b3c5      0x150 c:/program files/microchip/xc32/v2.40/bin/bin/../../lib/gcc/pic32c/6.2.1\libgcc.a(floatunsisf.o)
 .debug_loc     0x0000b515       0x72 c:/program files/microchip/xc32/v2.40/bin/bin/../../lib/gcc/pic32c/6.2.1/../../../../pic32c/lib\libg_nano.a(lib_a-init.o)
 .debug_loc     0x0000b587      0x158 c:/program files/microchip/xc32/v2.40/bin/bin/../../lib/gcc/pic32c/6.2.1/../../../../pic32c/lib\libg_nano.a(lib_a-memcmp.o)
 .debug_loc     0x0000b6df       0xde c:/program files/microchip/xc32/v2.40/bin/bin/../../lib/gcc/pic32c/6.2.1/../../../../pic32c/lib\libg_nano.a(lib_a-memcpy-stub.o)
 .debug_loc     0x0000b7bd       0x72 c:/program files/microchip/xc32/v2.40/bin/bin/../../lib/gcc/pic32c/6.2.1/../../../../pic32c/lib\libg_nano.a(lib_a-memset.o)
 .debug_loc     0x0000b82f       0x73 c:/program files/microchip/xc32/v2.40/bin/bin/../../lib/gcc/pic32c/6.2.1/../../../../pic32c/lib\libg_nano.a(_lib_a-sprintf.cdnopuxX.o)
 .debug_loc     0x0000b8a2      0x996 c:/program files/microchip/xc32/v2.40/bin/bin/../../lib/gcc/pic32c/6.2.1/../../../../pic32c/lib\libg_nano.a(_lib_a-nano-vfprintf.cdnopuxX.o)
 .debug_loc     0x0000c238      0x66f c:/program files/microchip/xc32/v2.40/bin/bin/../../lib/gcc/pic32c/6.2.1/../../../../pic32c/lib\libg_nano.a(lib_a-nano-vfprintf_i.o)
 .debug_loc     0x0000c8a7      0x1da c:/program files/microchip/xc32/v2.40/bin/bin/../../lib/gcc/pic32c/6.2.1/../../../../pic32c/lib\libg_nano.a(lib_a-__ssfputs.o)
 .debug_loc     0x0000ca81      0x194 c:/program files/microchip/xc32/v2.40/bin/bin/../../lib/gcc/pic32c/6.2.1/../../../../pic32c/lib\libg_nano.a(lib_a-wbuf.o)
 .debug_loc     0x0000cc15       0x9e c:/program files/microchip/xc32/v2.40/bin/bin/../../lib/gcc/pic32c/6.2.1/../../../../pic32c/lib\libg_nano.a(lib_a-wsetup.o)
 .debug_loc     0x0000ccb3      0x30b c:/program files/microchip/xc32/v2.40/bin/bin/../../lib/gcc/pic32c/6.2.1/../../../../pic32c/lib\libg_nano.a(lib_a-fflush.o)
 .debug_loc     0x0000cfbe      0x2b8 c:/program files/microchip/xc32/v2.40/bin/bin/../../lib/gcc/pic32c/6.2.1/../../../../pic32c/lib\libg_nano.a(lib_a-findfp.o)
 .debug_loc     0x0000d276      0x2ac c:/program files/microchip/xc32/v2.40/bin/bin/../../lib/gcc/pic32c/6.2.1/../../../../pic32c/lib\libg_nano.a(lib_a-fputwc.o)
 .debug_loc     0x0000d522      0x1d9 c:/program files/microchip/xc32/v2.40/bin/bin/../../lib/gcc/pic32c/6.2.1/../../../../pic32c/lib\libg_nano.a(lib_a-fwalk.o)
 .debug_loc     0x0000d6fb      0x174 c:/program files/microchip/xc32/v2.40/bin/bin/../../lib/gcc/pic32c/6.2.1/../../../../pic32c/lib\libg_nano.a(lib_a-locale.o)
 .debug_loc     0x0000d86f      0x260 c:/program files/microchip/xc32/v2.40/bin/bin/../../lib/gcc/pic32c/6.2.1/../../../../pic32c/lib\libg_nano.a(lib_a-makebuf.o)
 .debug_loc     0x0000dacf      0x19a c:/program files/microchip/xc32/v2.40/bin/bin/../../lib/gcc/pic32c/6.2.1/../../../../pic32c/lib\libg_nano.a(lib_a-mbtowc_r.o)
 .debug_loc     0x0000dc69       0xb4 c:/program files/microchip/xc32/v2.40/bin/bin/../../lib/gcc/pic32c/6.2.1/../../../../pic32c/lib\libg_nano.a(lib_a-memchr-stub.o)
 .debug_loc     0x0000dd1d      0x108 c:/program files/microchip/xc32/v2.40/bin/bin/../../lib/gcc/pic32c/6.2.1/../../../../pic32c/lib\libg_nano.a(lib_a-nano-freer.o)
 .debug_loc     0x0000de25      0x242 c:/program files/microchip/xc32/v2.40/bin/bin/../../lib/gcc/pic32c/6.2.1/../../../../pic32c/lib\libg_nano.a(lib_a-nano-mallocr.o)
 .debug_loc     0x0000e067       0x6d c:/program files/microchip/xc32/v2.40/bin/bin/../../lib/gcc/pic32c/6.2.1/../../../../pic32c/lib\libg_nano.a(lib_a-sbrkr.o)
 .debug_loc     0x0000e0d4      0x382 c:/program files/microchip/xc32/v2.40/bin/bin/../../lib/gcc/pic32c/6.2.1/../../../../pic32c/lib\libg_nano.a(lib_a-stdio.o)
 .debug_loc     0x0000e456      0x1cb c:/program files/microchip/xc32/v2.40/bin/bin/../../lib/gcc/pic32c/6.2.1/../../../../pic32c/lib\libg_nano.a(lib_a-wcrtomb.o)
 .debug_loc     0x0000e621       0xf1 c:/program files/microchip/xc32/v2.40/bin/bin/../../lib/gcc/pic32c/6.2.1/../../../../pic32c/lib\libg_nano.a(lib_a-wctomb_r.o)
 .debug_loc     0x0000e712       0xc5 c:/program files/microchip/xc32/v2.40/bin/bin/../../lib/gcc/pic32c/6.2.1/../../../../pic32c/lib\libg_nano.a(lib_a-writer.o)
 .debug_loc     0x0000e7d7       0x6d c:/program files/microchip/xc32/v2.40/bin/bin/../../lib/gcc/pic32c/6.2.1/../../../../pic32c/lib\libg_nano.a(lib_a-closer.o)
 .debug_loc     0x0000e844       0x99 c:/program files/microchip/xc32/v2.40/bin/bin/../../lib/gcc/pic32c/6.2.1/../../../../pic32c/lib\libg_nano.a(lib_a-fstatr.o)
 .debug_loc     0x0000e8dd       0x6d c:/program files/microchip/xc32/v2.40/bin/bin/../../lib/gcc/pic32c/6.2.1/../../../../pic32c/lib\libg_nano.a(lib_a-isattyr.o)
 .debug_loc     0x0000e94a       0xc5 c:/program files/microchip/xc32/v2.40/bin/bin/../../lib/gcc/pic32c/6.2.1/../../../../pic32c/lib\libg_nano.a(lib_a-lseekr.o)
 .debug_loc     0x0000ea0f       0xc5 c:/program files/microchip/xc32/v2.40/bin/bin/../../lib/gcc/pic32c/6.2.1/../../../../pic32c/lib\libg_nano.a(lib_a-readr.o)
 .debug_loc     0x0000ead4      0x10b c:/program files/microchip/xc32/v2.40/bin/bin/../../lib/gcc/pic32c/6.2.1/../../../../pic32c/lib\libg_nano.a(lib_a-reent.o)
 .debug_loc     0x0000ebdf       0x14 c:/program files/microchip/xc32/v2.40/bin/bin/../../lib/gcc/pic32c/6.2.1/../../../../pic32c/lib\libpic32c.a(_close.o)
 .debug_loc     0x0000ebf3       0x14 c:/program files/microchip/xc32/v2.40/bin/bin/../../lib/gcc/pic32c/6.2.1/../../../../pic32c/lib\libpic32c.a(_fstat.o)
 .debug_loc     0x0000ec07       0x14 c:/program files/microchip/xc32/v2.40/bin/bin/../../lib/gcc/pic32c/6.2.1/../../../../pic32c/lib\libpic32c.a(_isatty.o)
 .debug_loc     0x0000ec1b       0x14 c:/program files/microchip/xc32/v2.40/bin/bin/../../lib/gcc/pic32c/6.2.1/../../../../pic32c/lib\libpic32c.a(_lseek.o)
 .debug_loc     0x0000ec2f       0x14 c:/program files/microchip/xc32/v2.40/bin/bin/../../lib/gcc/pic32c/6.2.1/../../../../pic32c/lib\libpic32c.a(_read.o)
 .debug_loc     0x0000ec43       0x14 c:/program files/microchip/xc32/v2.40/bin/bin/../../lib/gcc/pic32c/6.2.1/../../../../pic32c/lib\libpic32c.a(_write.o)

.debug_aranges  0x00000000     0x1630
 .debug_aranges
                0x00000000       0x68 build/sam_c21n_xpro/debug/_ext/1360937237/appiot.o
 .debug_aranges
                0x00000068       0x58 build/sam_c21n_xpro/debug/_ext/1360937237/moden.o
 .debug_aranges
                0x000000c0      0x140 build/sam_c21n_xpro/debug/_ext/1360937237/canapp.o
 .debug_aranges
                0x00000200       0x58 build/sam_c21n_xpro/debug/_ext/1360937237/appuart.o
 .debug_aranges
                0x00000258       0x60 build/sam_c21n_xpro/debug/_ext/1360937237/appemueeprom.o
 .debug_aranges
                0x000002b8       0x40 build/sam_c21n_xpro/debug/_ext/1360937237/apptimer.o
 .debug_aranges
                0x000002f8       0x80 build/sam_c21n_xpro/debug/_ext/1936826263/drv_at24.o
 .debug_aranges
                0x00000378       0x98 build/sam_c21n_xpro/debug/_ext/513394604/drv_spi.o
 .debug_aranges
                0x00000410       0x70 build/sam_c21n_xpro/debug/_ext/1274584173/drv_usart.o
 .debug_aranges
                0x00000480       0x98 build/sam_c21n_xpro/debug/_ext/1019481632/emulated_eeprom.o
 .debug_aranges
                0x00000518       0x80 build/sam_c21n_xpro/debug/_ext/1617700295/plib_adc0.o
 .debug_aranges
                0x00000598       0xb0 build/sam_c21n_xpro/debug/_ext/1617702135/plib_can0.o
 .debug_aranges
                0x00000648       0x20 build/sam_c21n_xpro/debug/_ext/166077579/plib_clock.o
 .debug_aranges
                0x00000668       0x40 build/sam_c21n_xpro/debug/_ext/1617704294/plib_eic.o
 .debug_aranges
                0x000006a8       0x20 build/sam_c21n_xpro/debug/_ext/163928093/plib_evsys.o
 .debug_aranges
                0x000006c8       0x38 build/sam_c21n_xpro/debug/_ext/1390493541/plib_nvic.o
 .debug_aranges
                0x00000700       0xa0 build/sam_c21n_xpro/debug/_ext/770299191/plib_nvmctrl.o
 .debug_aranges
                0x000007a0       0x70 build/sam_c21n_xpro/debug/_ext/1390440390/plib_port.o
 .debug_aranges
                0x00000810       0x70 build/sam_c21n_xpro/debug/_ext/1451668420/plib_sercom2_i2c_master.o
 .debug_aranges
                0x00000880       0x60 build/sam_c21n_xpro/debug/_ext/1942903062/plib_sercom0_spi_master.o
 .debug_aranges
                0x000008e0       0xc0 build/sam_c21n_xpro/debug/_ext/1993392304/plib_sercom1_usart.o
 .debug_aranges
                0x000009a0       0x98 build/sam_c21n_xpro/debug/_ext/1004774289/plib_systick.o
 .debug_aranges
                0x00000a38       0x68 build/sam_c21n_xpro/debug/_ext/1617721454/plib_wdt.o
 .debug_aranges
                0x00000aa0       0x28 build/sam_c21n_xpro/debug/_ext/730014449/xc32_monitor.o
 .debug_aranges
                0x00000ac8       0x40 build/sam_c21n_xpro/debug/_ext/855761890/sys_int.o
 .debug_aranges
                0x00000b08       0x20 build/sam_c21n_xpro/debug/_ext/1758384875/initialization.o
 .debug_aranges
                0x00000b28       0x20 build/sam_c21n_xpro/debug/_ext/1758384875/interrupts.o
 .debug_aranges
                0x00000b48       0x28 build/sam_c21n_xpro/debug/_ext/1758384875/exceptions.o
 .debug_aranges
                0x00000b70       0x28 build/sam_c21n_xpro/debug/_ext/1758384875/startup_xc32.o
 .debug_aranges
                0x00000b98       0x40 build/sam_c21n_xpro/debug/_ext/1360937237/main.o
 .debug_aranges
                0x00000bd8       0x28 build/sam_c21n_xpro/debug/_ext/1360937237/app.o
 .debug_aranges
                0x00000c00       0x48 build/sam_c21n_xpro/debug/_ext/1205691902/sys_debug.o
 .debug_aranges
                0x00000c48       0x88 build/sam_c21n_xpro/debug/_ext/1639364742/sys_console.o
 .debug_aranges
                0x00000cd0       0x70 build/sam_c21n_xpro/debug/_ext/1639364742/sys_console_uart.o
 .debug_aranges
                0x00000d40       0xc0 build/sam_c21n_xpro/debug/_ext/1993392304/plib_sercom3_usart.o
 .debug_aranges
                0x00000e00       0x20 c:/program files/microchip/xc32/v2.40/bin/bin/../../lib/gcc/pic32c/6.2.1/../../../../pic32c/lib\libpic32c.a(data_init.o)
 .debug_aranges
                0x00000e20       0x20 c:/program files/microchip/xc32/v2.40/bin/bin/../../lib/gcc/pic32c/6.2.1\libgcc.a(_udivsi3.o)
 .debug_aranges
                0x00000e40       0x20 c:/program files/microchip/xc32/v2.40/bin/bin/../../lib/gcc/pic32c/6.2.1\libgcc.a(_dvmd_tls.o)
 .debug_aranges
                0x00000e60       0x20 c:/program files/microchip/xc32/v2.40/bin/bin/../../lib/gcc/pic32c/6.2.1\libgcc.a(_aeabi_uldivmod.o)
 .debug_aranges
                0x00000e80       0x20 c:/program files/microchip/xc32/v2.40/bin/bin/../../lib/gcc/pic32c/6.2.1\libgcc.a(_muldi3.o)
 .debug_aranges
                0x00000ea0       0x20 c:/program files/microchip/xc32/v2.40/bin/bin/../../lib/gcc/pic32c/6.2.1\libgcc.a(_udivmoddi4.o)
 .debug_aranges
                0x00000ec0       0x20 c:/program files/microchip/xc32/v2.40/bin/bin/../../lib/gcc/pic32c/6.2.1\libgcc.a(divsf3.o)
 .debug_aranges
                0x00000ee0       0x20 c:/program files/microchip/xc32/v2.40/bin/bin/../../lib/gcc/pic32c/6.2.1\libgcc.a(floatunsisf.o)
 .debug_aranges
                0x00000f00       0x20 c:/program files/microchip/xc32/v2.40/bin/bin/../../lib/gcc/pic32c/6.2.1\libgcc.a(_thumb1_case_uqi.o)
 .debug_aranges
                0x00000f20       0x20 c:/program files/microchip/xc32/v2.40/bin/bin/../../lib/gcc/pic32c/6.2.1\libgcc.a(_lshrdi3.o)
 .debug_aranges
                0x00000f40       0x20 c:/program files/microchip/xc32/v2.40/bin/bin/../../lib/gcc/pic32c/6.2.1\libgcc.a(_ashldi3.o)
 .debug_aranges
                0x00000f60       0x20 c:/program files/microchip/xc32/v2.40/bin/bin/../../lib/gcc/pic32c/6.2.1\libgcc.a(_clzsi2.o)
 .debug_aranges
                0x00000f80       0x20 c:/program files/microchip/xc32/v2.40/bin/bin/../../lib/gcc/pic32c/6.2.1\libgcc.a(_clzdi2.o)
 .debug_aranges
                0x00000fa0       0x20 c:/program files/microchip/xc32/v2.40/bin/bin/../../lib/gcc/pic32c/6.2.1/../../../../pic32c/lib\libg_nano.a(lib_a-init.o)
 .debug_aranges
                0x00000fc0       0x20 c:/program files/microchip/xc32/v2.40/bin/bin/../../lib/gcc/pic32c/6.2.1/../../../../pic32c/lib\libg_nano.a(lib_a-memcmp.o)
 .debug_aranges
                0x00000fe0       0x20 c:/program files/microchip/xc32/v2.40/bin/bin/../../lib/gcc/pic32c/6.2.1/../../../../pic32c/lib\libg_nano.a(lib_a-memcpy-stub.o)
 .debug_aranges
                0x00001000       0x20 c:/program files/microchip/xc32/v2.40/bin/bin/../../lib/gcc/pic32c/6.2.1/../../../../pic32c/lib\libg_nano.a(lib_a-memset.o)
 .debug_aranges
                0x00001020       0x20 c:/program files/microchip/xc32/v2.40/bin/bin/../../lib/gcc/pic32c/6.2.1/../../../../pic32c/lib\libg_nano.a(_lib_a-sprintf.cdnopuxX.o)
 .debug_aranges
                0x00001040       0x20 c:/program files/microchip/xc32/v2.40/bin/bin/../../lib/gcc/pic32c/6.2.1/../../../../pic32c/lib\libg_nano.a(lib_a-strlen.o)
 .debug_aranges
                0x00001060       0x30 c:/program files/microchip/xc32/v2.40/bin/bin/../../lib/gcc/pic32c/6.2.1/../../../../pic32c/lib\libg_nano.a(_lib_a-nano-vfprintf.cdnopuxX.o)
 .debug_aranges
                0x00001090       0x28 c:/program files/microchip/xc32/v2.40/bin/bin/../../lib/gcc/pic32c/6.2.1/../../../../pic32c/lib\libg_nano.a(lib_a-nano-vfprintf_i.o)
 .debug_aranges
                0x000010b8       0x28 c:/program files/microchip/xc32/v2.40/bin/bin/../../lib/gcc/pic32c/6.2.1/../../../../pic32c/lib\libg_nano.a(lib_a-__ssfputs.o)
 .debug_aranges
                0x000010e0       0x28 c:/program files/microchip/xc32/v2.40/bin/bin/../../lib/gcc/pic32c/6.2.1/../../../../pic32c/lib\libg_nano.a(lib_a-wbuf.o)
 .debug_aranges
                0x00001108       0x20 c:/program files/microchip/xc32/v2.40/bin/bin/../../lib/gcc/pic32c/6.2.1/../../../../pic32c/lib\libg_nano.a(lib_a-wsetup.o)
 .debug_aranges
                0x00001128       0x30 c:/program files/microchip/xc32/v2.40/bin/bin/../../lib/gcc/pic32c/6.2.1/../../../../pic32c/lib\libg_nano.a(lib_a-fflush.o)
 .debug_aranges
                0x00001158       0x48 c:/program files/microchip/xc32/v2.40/bin/bin/../../lib/gcc/pic32c/6.2.1/../../../../pic32c/lib\libg_nano.a(lib_a-findfp.o)
 .debug_aranges
                0x000011a0       0x30 c:/program files/microchip/xc32/v2.40/bin/bin/../../lib/gcc/pic32c/6.2.1/../../../../pic32c/lib\libg_nano.a(lib_a-fputwc.o)
 .debug_aranges
                0x000011d0       0x28 c:/program files/microchip/xc32/v2.40/bin/bin/../../lib/gcc/pic32c/6.2.1/../../../../pic32c/lib\libg_nano.a(lib_a-fwalk.o)
 .debug_aranges
                0x000011f8       0x18 c:/program files/microchip/xc32/v2.40/bin/bin/../../lib/gcc/pic32c/6.2.1/../../../../pic32c/lib\libg_nano.a(lib_a-impure.o)
 .debug_aranges
                0x00001210       0x40 c:/program files/microchip/xc32/v2.40/bin/bin/../../lib/gcc/pic32c/6.2.1/../../../../pic32c/lib\libg_nano.a(lib_a-locale.o)
 .debug_aranges
                0x00001250       0x28 c:/program files/microchip/xc32/v2.40/bin/bin/../../lib/gcc/pic32c/6.2.1/../../../../pic32c/lib\libg_nano.a(lib_a-makebuf.o)
 .debug_aranges
                0x00001278       0x28 c:/program files/microchip/xc32/v2.40/bin/bin/../../lib/gcc/pic32c/6.2.1/../../../../pic32c/lib\libg_nano.a(lib_a-mbtowc_r.o)
 .debug_aranges
                0x000012a0       0x20 c:/program files/microchip/xc32/v2.40/bin/bin/../../lib/gcc/pic32c/6.2.1/../../../../pic32c/lib\libg_nano.a(lib_a-memchr-stub.o)
 .debug_aranges
                0x000012c0       0x20 c:/program files/microchip/xc32/v2.40/bin/bin/../../lib/gcc/pic32c/6.2.1/../../../../pic32c/lib\libg_nano.a(lib_a-nano-freer.o)
 .debug_aranges
                0x000012e0       0x20 c:/program files/microchip/xc32/v2.40/bin/bin/../../lib/gcc/pic32c/6.2.1/../../../../pic32c/lib\libg_nano.a(lib_a-nano-mallocr.o)
 .debug_aranges
                0x00001300       0x20 c:/program files/microchip/xc32/v2.40/bin/bin/../../lib/gcc/pic32c/6.2.1/../../../../pic32c/lib\libg_nano.a(lib_a-sbrkr.o)
 .debug_aranges
                0x00001320       0x40 c:/program files/microchip/xc32/v2.40/bin/bin/../../lib/gcc/pic32c/6.2.1/../../../../pic32c/lib\libg_nano.a(lib_a-stdio.o)
 .debug_aranges
                0x00001360       0x28 c:/program files/microchip/xc32/v2.40/bin/bin/../../lib/gcc/pic32c/6.2.1/../../../../pic32c/lib\libg_nano.a(lib_a-wcrtomb.o)
 .debug_aranges
                0x00001388       0x28 c:/program files/microchip/xc32/v2.40/bin/bin/../../lib/gcc/pic32c/6.2.1/../../../../pic32c/lib\libg_nano.a(lib_a-wctomb_r.o)
 .debug_aranges
                0x000013b0       0x20 c:/program files/microchip/xc32/v2.40/bin/bin/../../lib/gcc/pic32c/6.2.1/../../../../pic32c/lib\libg_nano.a(lib_a-writer.o)
 .debug_aranges
                0x000013d0       0x20 c:/program files/microchip/xc32/v2.40/bin/bin/../../lib/gcc/pic32c/6.2.1/../../../../pic32c/lib\libg_nano.a(lib_a-closer.o)
 .debug_aranges
                0x000013f0       0x18 c:/program files/microchip/xc32/v2.40/bin/bin/../../lib/gcc/pic32c/6.2.1/../../../../pic32c/lib\libg_nano.a(lib_a-ctype_.o)
 .debug_aranges
                0x00001408       0x20 c:/program files/microchip/xc32/v2.40/bin/bin/../../lib/gcc/pic32c/6.2.1/../../../../pic32c/lib\libg_nano.a(lib_a-fstatr.o)
 .debug_aranges
                0x00001428       0x20 c:/program files/microchip/xc32/v2.40/bin/bin/../../lib/gcc/pic32c/6.2.1/../../../../pic32c/lib\libg_nano.a(lib_a-isattyr.o)
 .debug_aranges
                0x00001448       0x20 c:/program files/microchip/xc32/v2.40/bin/bin/../../lib/gcc/pic32c/6.2.1/../../../../pic32c/lib\libg_nano.a(lib_a-lseekr.o)
 .debug_aranges
                0x00001468       0x20 c:/program files/microchip/xc32/v2.40/bin/bin/../../lib/gcc/pic32c/6.2.1/../../../../pic32c/lib\libg_nano.a(lib_a-mlock.o)
 .debug_aranges
                0x00001488       0x20 c:/program files/microchip/xc32/v2.40/bin/bin/../../lib/gcc/pic32c/6.2.1/../../../../pic32c/lib\libg_nano.a(lib_a-readr.o)
 .debug_aranges
                0x000014a8       0x28 c:/program files/microchip/xc32/v2.40/bin/bin/../../lib/gcc/pic32c/6.2.1/../../../../pic32c/lib\libg_nano.a(lib_a-reent.o)
 .debug_aranges
                0x000014d0       0x20 c:/program files/microchip/xc32/v2.40/bin/bin/../../lib/gcc/pic32c/6.2.1/../../../../pic32c/lib\libpic32c.a(_close.o)
 .debug_aranges
                0x000014f0       0x20 c:/program files/microchip/xc32/v2.40/bin/bin/../../lib/gcc/pic32c/6.2.1/../../../../pic32c/lib\libpic32c.a(_fstat.o)
 .debug_aranges
                0x00001510       0x20 c:/program files/microchip/xc32/v2.40/bin/bin/../../lib/gcc/pic32c/6.2.1/../../../../pic32c/lib\libpic32c.a(_isatty.o)
 .debug_aranges
                0x00001530       0x20 c:/program files/microchip/xc32/v2.40/bin/bin/../../lib/gcc/pic32c/6.2.1/../../../../pic32c/lib\libpic32c.a(_lseek.o)
 .debug_aranges
                0x00001550       0x20 c:/program files/microchip/xc32/v2.40/bin/bin/../../lib/gcc/pic32c/6.2.1/../../../../pic32c/lib\libpic32c.a(_read.o)
 .debug_aranges
                0x00001570       0x20 c:/program files/microchip/xc32/v2.40/bin/bin/../../lib/gcc/pic32c/6.2.1/../../../../pic32c/lib\libpic32c.a(sbrk.o)
 .debug_aranges
                0x00001590       0x20 c:/program files/microchip/xc32/v2.40/bin/bin/../../lib/gcc/pic32c/6.2.1/../../../../pic32c/lib\libpic32c.a(_write.o)
 .debug_aranges
                0x000015b0       0x20 c:/program files/microchip/xc32/v2.40/bin/bin/../../lib/gcc/pic32c/6.2.1/../../../../pic32c/lib\libpic32c.a(close.o)
 .debug_aranges
                0x000015d0       0x20 c:/program files/microchip/xc32/v2.40/bin/bin/../../lib/gcc/pic32c/6.2.1/../../../../pic32c/lib\libpic32c.a(fstat.o)
 .debug_aranges
                0x000015f0       0x20 c:/program files/microchip/xc32/v2.40/bin/bin/../../lib/gcc/pic32c/6.2.1/../../../../pic32c/lib\libpic32c.a(isatty.o)
 .debug_aranges
                0x00001610       0x20 c:/program files/microchip/xc32/v2.40/bin/bin/../../lib/gcc/pic32c/6.2.1/../../../../pic32c/lib\libpic32c.a(lseek.o)

.debug_ranges   0x00000000     0x1978
 .debug_ranges  0x00000000       0x58 build/sam_c21n_xpro/debug/_ext/1360937237/appiot.o
 .debug_ranges  0x00000058       0x48 build/sam_c21n_xpro/debug/_ext/1360937237/moden.o
 .debug_ranges  0x000000a0      0x130 build/sam_c21n_xpro/debug/_ext/1360937237/canapp.o
 .debug_ranges  0x000001d0       0x48 build/sam_c21n_xpro/debug/_ext/1360937237/appuart.o
 .debug_ranges  0x00000218       0x50 build/sam_c21n_xpro/debug/_ext/1360937237/appemueeprom.o
 .debug_ranges  0x00000268       0x30 build/sam_c21n_xpro/debug/_ext/1360937237/apptimer.o
 .debug_ranges  0x00000298       0x88 build/sam_c21n_xpro/debug/_ext/1936826263/drv_at24.o
 .debug_ranges  0x00000320      0x1a0 build/sam_c21n_xpro/debug/_ext/513394604/drv_spi.o
 .debug_ranges  0x000004c0      0x130 build/sam_c21n_xpro/debug/_ext/1274584173/drv_usart.o
 .debug_ranges  0x000005f0      0x2a0 build/sam_c21n_xpro/debug/_ext/1019481632/emulated_eeprom.o
 .debug_ranges  0x00000890       0x70 build/sam_c21n_xpro/debug/_ext/1617700295/plib_adc0.o
 .debug_ranges  0x00000900       0xf0 build/sam_c21n_xpro/debug/_ext/1617702135/plib_can0.o
 .debug_ranges  0x000009f0       0x10 build/sam_c21n_xpro/debug/_ext/166077579/plib_clock.o
 .debug_ranges  0x00000a00       0x30 build/sam_c21n_xpro/debug/_ext/1617704294/plib_eic.o
 .debug_ranges  0x00000a30       0x10 build/sam_c21n_xpro/debug/_ext/163928093/plib_evsys.o
 .debug_ranges  0x00000a40       0x28 build/sam_c21n_xpro/debug/_ext/1390493541/plib_nvic.o
 .debug_ranges  0x00000a68       0x90 build/sam_c21n_xpro/debug/_ext/770299191/plib_nvmctrl.o
 .debug_ranges  0x00000af8       0x60 build/sam_c21n_xpro/debug/_ext/1390440390/plib_port.o
 .debug_ranges  0x00000b58       0xe8 build/sam_c21n_xpro/debug/_ext/1451668420/plib_sercom2_i2c_master.o
 .debug_ranges  0x00000c40       0x50 build/sam_c21n_xpro/debug/_ext/1942903062/plib_sercom0_spi_master.o
 .debug_ranges  0x00000c90      0x1b0 build/sam_c21n_xpro/debug/_ext/1993392304/plib_sercom1_usart.o
 .debug_ranges  0x00000e40       0x88 build/sam_c21n_xpro/debug/_ext/1004774289/plib_systick.o
 .debug_ranges  0x00000ec8       0x58 build/sam_c21n_xpro/debug/_ext/1617721454/plib_wdt.o
 .debug_ranges  0x00000f20       0x18 build/sam_c21n_xpro/debug/_ext/730014449/xc32_monitor.o
 .debug_ranges  0x00000f38       0x30 build/sam_c21n_xpro/debug/_ext/855761890/sys_int.o
 .debug_ranges  0x00000f68       0x10 build/sam_c21n_xpro/debug/_ext/1758384875/initialization.o
 .debug_ranges  0x00000f78       0x10 build/sam_c21n_xpro/debug/_ext/1758384875/interrupts.o
 .debug_ranges  0x00000f88       0x18 build/sam_c21n_xpro/debug/_ext/1758384875/exceptions.o
 .debug_ranges  0x00000fa0       0x18 build/sam_c21n_xpro/debug/_ext/1758384875/startup_xc32.o
 .debug_ranges  0x00000fb8       0x30 build/sam_c21n_xpro/debug/_ext/1360937237/main.o
 .debug_ranges  0x00000fe8       0x18 build/sam_c21n_xpro/debug/_ext/1360937237/app.o
 .debug_ranges  0x00001000       0x38 build/sam_c21n_xpro/debug/_ext/1205691902/sys_debug.o
 .debug_ranges  0x00001038       0x78 build/sam_c21n_xpro/debug/_ext/1639364742/sys_console.o
 .debug_ranges  0x000010b0       0x78 build/sam_c21n_xpro/debug/_ext/1639364742/sys_console_uart.o
 .debug_ranges  0x00001128      0x1b0 build/sam_c21n_xpro/debug/_ext/1993392304/plib_sercom3_usart.o
 .debug_ranges  0x000012d8       0x10 c:/program files/microchip/xc32/v2.40/bin/bin/../../lib/gcc/pic32c/6.2.1/../../../../pic32c/lib\libpic32c.a(data_init.o)
 .debug_ranges  0x000012e8       0x28 c:/program files/microchip/xc32/v2.40/bin/bin/../../lib/gcc/pic32c/6.2.1\libgcc.a(_muldi3.o)
 .debug_ranges  0x00001310       0x50 c:/program files/microchip/xc32/v2.40/bin/bin/../../lib/gcc/pic32c/6.2.1\libgcc.a(divsf3.o)
 .debug_ranges  0x00001360       0x38 c:/program files/microchip/xc32/v2.40/bin/bin/../../lib/gcc/pic32c/6.2.1\libgcc.a(floatunsisf.o)
 .debug_ranges  0x00001398       0x10 c:/program files/microchip/xc32/v2.40/bin/bin/../../lib/gcc/pic32c/6.2.1/../../../../pic32c/lib\libg_nano.a(lib_a-init.o)
 .debug_ranges  0x000013a8       0x10 c:/program files/microchip/xc32/v2.40/bin/bin/../../lib/gcc/pic32c/6.2.1/../../../../pic32c/lib\libg_nano.a(lib_a-memcmp.o)
 .debug_ranges  0x000013b8       0x10 c:/program files/microchip/xc32/v2.40/bin/bin/../../lib/gcc/pic32c/6.2.1/../../../../pic32c/lib\libg_nano.a(lib_a-memcpy-stub.o)
 .debug_ranges  0x000013c8       0x10 c:/program files/microchip/xc32/v2.40/bin/bin/../../lib/gcc/pic32c/6.2.1/../../../../pic32c/lib\libg_nano.a(lib_a-memset.o)
 .debug_ranges  0x000013d8       0x10 c:/program files/microchip/xc32/v2.40/bin/bin/../../lib/gcc/pic32c/6.2.1/../../../../pic32c/lib\libg_nano.a(_lib_a-sprintf.cdnopuxX.o)
 .debug_ranges  0x000013e8       0x60 c:/program files/microchip/xc32/v2.40/bin/bin/../../lib/gcc/pic32c/6.2.1/../../../../pic32c/lib\libg_nano.a(_lib_a-nano-vfprintf.cdnopuxX.o)
 .debug_ranges  0x00001448       0x90 c:/program files/microchip/xc32/v2.40/bin/bin/../../lib/gcc/pic32c/6.2.1/../../../../pic32c/lib\libg_nano.a(lib_a-nano-vfprintf_i.o)
 .debug_ranges  0x000014d8       0x30 c:/program files/microchip/xc32/v2.40/bin/bin/../../lib/gcc/pic32c/6.2.1/../../../../pic32c/lib\libg_nano.a(lib_a-__ssfputs.o)
 .debug_ranges  0x00001508       0x30 c:/program files/microchip/xc32/v2.40/bin/bin/../../lib/gcc/pic32c/6.2.1/../../../../pic32c/lib\libg_nano.a(lib_a-wbuf.o)
 .debug_ranges  0x00001538       0x38 c:/program files/microchip/xc32/v2.40/bin/bin/../../lib/gcc/pic32c/6.2.1/../../../../pic32c/lib\libg_nano.a(lib_a-wsetup.o)
 .debug_ranges  0x00001570       0x68 c:/program files/microchip/xc32/v2.40/bin/bin/../../lib/gcc/pic32c/6.2.1/../../../../pic32c/lib\libg_nano.a(lib_a-fflush.o)
 .debug_ranges  0x000015d8       0x38 c:/program files/microchip/xc32/v2.40/bin/bin/../../lib/gcc/pic32c/6.2.1/../../../../pic32c/lib\libg_nano.a(lib_a-findfp.o)
 .debug_ranges  0x00001610       0x50 c:/program files/microchip/xc32/v2.40/bin/bin/../../lib/gcc/pic32c/6.2.1/../../../../pic32c/lib\libg_nano.a(lib_a-fputwc.o)
 .debug_ranges  0x00001660       0x18 c:/program files/microchip/xc32/v2.40/bin/bin/../../lib/gcc/pic32c/6.2.1/../../../../pic32c/lib\libg_nano.a(lib_a-fwalk.o)
 .debug_ranges  0x00001678       0x30 c:/program files/microchip/xc32/v2.40/bin/bin/../../lib/gcc/pic32c/6.2.1/../../../../pic32c/lib\libg_nano.a(lib_a-locale.o)
 .debug_ranges  0x000016a8       0x30 c:/program files/microchip/xc32/v2.40/bin/bin/../../lib/gcc/pic32c/6.2.1/../../../../pic32c/lib\libg_nano.a(lib_a-makebuf.o)
 .debug_ranges  0x000016d8       0x18 c:/program files/microchip/xc32/v2.40/bin/bin/../../lib/gcc/pic32c/6.2.1/../../../../pic32c/lib\libg_nano.a(lib_a-mbtowc_r.o)
 .debug_ranges  0x000016f0       0x10 c:/program files/microchip/xc32/v2.40/bin/bin/../../lib/gcc/pic32c/6.2.1/../../../../pic32c/lib\libg_nano.a(lib_a-memchr-stub.o)
 .debug_ranges  0x00001700       0x28 c:/program files/microchip/xc32/v2.40/bin/bin/../../lib/gcc/pic32c/6.2.1/../../../../pic32c/lib\libg_nano.a(lib_a-nano-freer.o)
 .debug_ranges  0x00001728       0x60 c:/program files/microchip/xc32/v2.40/bin/bin/../../lib/gcc/pic32c/6.2.1/../../../../pic32c/lib\libg_nano.a(lib_a-nano-mallocr.o)
 .debug_ranges  0x00001788       0x10 c:/program files/microchip/xc32/v2.40/bin/bin/../../lib/gcc/pic32c/6.2.1/../../../../pic32c/lib\libg_nano.a(lib_a-sbrkr.o)
 .debug_ranges  0x00001798       0x30 c:/program files/microchip/xc32/v2.40/bin/bin/../../lib/gcc/pic32c/6.2.1/../../../../pic32c/lib\libg_nano.a(lib_a-stdio.o)
 .debug_ranges  0x000017c8       0x30 c:/program files/microchip/xc32/v2.40/bin/bin/../../lib/gcc/pic32c/6.2.1/../../../../pic32c/lib\libg_nano.a(lib_a-wcrtomb.o)
 .debug_ranges  0x000017f8       0x18 c:/program files/microchip/xc32/v2.40/bin/bin/../../lib/gcc/pic32c/6.2.1/../../../../pic32c/lib\libg_nano.a(lib_a-wctomb_r.o)
 .debug_ranges  0x00001810       0x10 c:/program files/microchip/xc32/v2.40/bin/bin/../../lib/gcc/pic32c/6.2.1/../../../../pic32c/lib\libg_nano.a(lib_a-writer.o)
 .debug_ranges  0x00001820       0x10 c:/program files/microchip/xc32/v2.40/bin/bin/../../lib/gcc/pic32c/6.2.1/../../../../pic32c/lib\libg_nano.a(lib_a-closer.o)
 .debug_ranges  0x00001830       0x10 c:/program files/microchip/xc32/v2.40/bin/bin/../../lib/gcc/pic32c/6.2.1/../../../../pic32c/lib\libg_nano.a(lib_a-fstatr.o)
 .debug_ranges  0x00001840       0x10 c:/program files/microchip/xc32/v2.40/bin/bin/../../lib/gcc/pic32c/6.2.1/../../../../pic32c/lib\libg_nano.a(lib_a-isattyr.o)
 .debug_ranges  0x00001850       0x10 c:/program files/microchip/xc32/v2.40/bin/bin/../../lib/gcc/pic32c/6.2.1/../../../../pic32c/lib\libg_nano.a(lib_a-lseekr.o)
 .debug_ranges  0x00001860       0x10 c:/program files/microchip/xc32/v2.40/bin/bin/../../lib/gcc/pic32c/6.2.1/../../../../pic32c/lib\libg_nano.a(lib_a-mlock.o)
 .debug_ranges  0x00001870       0x10 c:/program files/microchip/xc32/v2.40/bin/bin/../../lib/gcc/pic32c/6.2.1/../../../../pic32c/lib\libg_nano.a(lib_a-readr.o)
 .debug_ranges  0x00001880       0x48 c:/program files/microchip/xc32/v2.40/bin/bin/../../lib/gcc/pic32c/6.2.1/../../../../pic32c/lib\libg_nano.a(lib_a-reent.o)
 .debug_ranges  0x000018c8       0x10 c:/program files/microchip/xc32/v2.40/bin/bin/../../lib/gcc/pic32c/6.2.1/../../../../pic32c/lib\libpic32c.a(_close.o)