Archive member included to satisfy reference by file (symbol)

c:/program files/microchip/xc32/v2.40/bin/bin/../../lib/gcc/pic32c/6.2.1/../../../../pic32c/lib\libpic32c.a(data_init.o)
                              build/sam_c21n_xpro/production/_ext/1758384875/startup_xc32.o (__pic32c_data_initialization)
c:/program files/microchip/xc32/v2.40/bin/bin/../../lib/gcc/pic32c/6.2.1\libgcc.a(_udivsi3.o)
                              build/sam_c21n_xpro/production/_ext/1360937237/canapp.o (__aeabi_uidiv)
c:/program files/microchip/xc32/v2.40/bin/bin/../../lib/gcc/pic32c/6.2.1\libgcc.a(_dvmd_tls.o)
                              c:/program files/microchip/xc32/v2.40/bin/bin/../../lib/gcc/pic32c/6.2.1\libgcc.a(_udivsi3.o) (__aeabi_idiv0)
c:/program files/microchip/xc32/v2.40/bin/bin/../../lib/gcc/pic32c/6.2.1\libgcc.a(_aeabi_uldivmod.o)
                              build/sam_c21n_xpro/production/_ext/1993392304/plib_sercom1_usart.o (__aeabi_uldivmod)
c:/program files/microchip/xc32/v2.40/bin/bin/../../lib/gcc/pic32c/6.2.1\libgcc.a(_muldi3.o)
                              build/sam_c21n_xpro/production/_ext/1993392304/plib_sercom1_usart.o (__aeabi_lmul)
c:/program files/microchip/xc32/v2.40/bin/bin/../../lib/gcc/pic32c/6.2.1\libgcc.a(_fixunssfsi.o)
                              build/sam_c21n_xpro/production/_ext/1451668420/plib_sercom2_i2c_master.o (__aeabi_f2uiz)
c:/program files/microchip/xc32/v2.40/bin/bin/../../lib/gcc/pic32c/6.2.1\libgcc.a(_udivmoddi4.o)
                              c:/program files/microchip/xc32/v2.40/bin/bin/../../lib/gcc/pic32c/6.2.1\libgcc.a(_aeabi_uldivmod.o) (__udivmoddi4)
c:/program files/microchip/xc32/v2.40/bin/bin/../../lib/gcc/pic32c/6.2.1\libgcc.a(addsf3.o)
                              build/sam_c21n_xpro/production/_ext/1451668420/plib_sercom2_i2c_master.o (__aeabi_fadd)
c:/program files/microchip/xc32/v2.40/bin/bin/../../lib/gcc/pic32c/6.2.1\libgcc.a(divsf3.o)
                              build/sam_c21n_xpro/production/_ext/1360937237/canapp.o (__aeabi_fdiv)
c:/program files/microchip/xc32/v2.40/bin/bin/../../lib/gcc/pic32c/6.2.1\libgcc.a(mulsf3.o)
                              build/sam_c21n_xpro/production/_ext/1360937237/canapp.o (__aeabi_fmul)
c:/program files/microchip/xc32/v2.40/bin/bin/../../lib/gcc/pic32c/6.2.1\libgcc.a(subsf3.o)
                              build/sam_c21n_xpro/production/_ext/1360937237/canapp.o (__aeabi_fsub)
c:/program files/microchip/xc32/v2.40/bin/bin/../../lib/gcc/pic32c/6.2.1\libgcc.a(fixsfsi.o)
                              build/sam_c21n_xpro/production/_ext/1360937237/canapp.o (__aeabi_f2iz)
c:/program files/microchip/xc32/v2.40/bin/bin/../../lib/gcc/pic32c/6.2.1\libgcc.a(floatsisf.o)
                              build/sam_c21n_xpro/production/_ext/1360937237/canapp.o (__aeabi_i2f)
c:/program files/microchip/xc32/v2.40/bin/bin/../../lib/gcc/pic32c/6.2.1\libgcc.a(floatunsisf.o)
                              build/sam_c21n_xpro/production/_ext/1360937237/canapp.o (__aeabi_ui2f)
c:/program files/microchip/xc32/v2.40/bin/bin/../../lib/gcc/pic32c/6.2.1\libgcc.a(muldf3.o)
                              build/sam_c21n_xpro/production/_ext/1360937237/canapp.o (__aeabi_dmul)
c:/program files/microchip/xc32/v2.40/bin/bin/../../lib/gcc/pic32c/6.2.1\libgcc.a(floatsidf.o)
                              build/sam_c21n_xpro/production/_ext/1360937237/canapp.o (__aeabi_i2d)
c:/program files/microchip/xc32/v2.40/bin/bin/../../lib/gcc/pic32c/6.2.1\libgcc.a(extendsfdf2.o)
                              build/sam_c21n_xpro/production/_ext/1360937237/canapp.o (__aeabi_f2d)
c:/program files/microchip/xc32/v2.40/bin/bin/../../lib/gcc/pic32c/6.2.1\libgcc.a(truncdfsf2.o)
                              build/sam_c21n_xpro/production/_ext/1360937237/canapp.o (__aeabi_d2f)
c:/program files/microchip/xc32/v2.40/bin/bin/../../lib/gcc/pic32c/6.2.1\libgcc.a(_thumb1_case_uqi.o)
                              c:/program files/microchip/xc32/v2.40/bin/bin/../../lib/gcc/pic32c/6.2.1\libgcc.a(divsf3.o) (__gnu_thumb1_case_uqi)
c:/program files/microchip/xc32/v2.40/bin/bin/../../lib/gcc/pic32c/6.2.1\libgcc.a(_thumb1_case_uhi.o)
                              c:/program files/microchip/xc32/v2.40/bin/bin/../../lib/gcc/pic32c/6.2.1\libgcc.a(muldf3.o) (__gnu_thumb1_case_uhi)
c:/program files/microchip/xc32/v2.40/bin/bin/../../lib/gcc/pic32c/6.2.1\libgcc.a(_lshrdi3.o)
                              c:/program files/microchip/xc32/v2.40/bin/bin/../../lib/gcc/pic32c/6.2.1\libgcc.a(_udivmoddi4.o) (__aeabi_llsr)
c:/program files/microchip/xc32/v2.40/bin/bin/../../lib/gcc/pic32c/6.2.1\libgcc.a(_ashldi3.o)
                              c:/program files/microchip/xc32/v2.40/bin/bin/../../lib/gcc/pic32c/6.2.1\libgcc.a(_udivmoddi4.o) (__aeabi_llsl)
c:/program files/microchip/xc32/v2.40/bin/bin/../../lib/gcc/pic32c/6.2.1\libgcc.a(_arm_cmpsf2.o)
                              c:/program files/microchip/xc32/v2.40/bin/bin/../../lib/gcc/pic32c/6.2.1\libgcc.a(_fixunssfsi.o) (__aeabi_fcmpge)
[...]
Memory Configuration

Name             Origin             Length             Attributes
rom              0x00000000         0x00040000         xrl
ram              0x20000000         0x00008000         xw !r
config_00804000  0x00804000         0x00000004
config_00804004  0x00804004         0x00000004
*default*        0x00000000         0xffffffff

Linker script and memory map

LOAD c:/program files/microchip/xc32/v2.40/bin/bin/../../lib/gcc/pic32c/6.2.1/crti.o
LOAD c:/program files/microchip/xc32/v2.40/bin/bin/../../lib/gcc/pic32c/6.2.1/crtbegin.o
LOAD build/sam_c21n_xpro/production/_ext/1360937237/appiot.o
LOAD build/sam_c21n_xpro/production/_ext/1360937237/moden.o
LOAD build/sam_c21n_xpro/production/_ext/1360937237/canapp.o
LOAD build/sam_c21n_xpro/production/_ext/1360937237/appuart.o
LOAD build/sam_c21n_xpro/production/_ext/1360937237/appemueeprom.o
LOAD build/sam_c21n_xpro/production/_ext/1360937237/apptimer.o
LOAD build/sam_c21n_xpro/production/_ext/1360937237/app_uart_debug.o
LOAD build/sam_c21n_xpro/production/_ext/1936826263/drv_at24.o
LOAD build/sam_c21n_xpro/production/_ext/1274584173/drv_usart.o
LOAD build/sam_c21n_xpro/production/_ext/1019481632/emulated_eeprom.o
LOAD build/sam_c21n_xpro/production/_ext/1617700295/plib_adc0.o
LOAD build/sam_c21n_xpro/production/_ext/1617702135/plib_can0.o
LOAD build/sam_c21n_xpro/production/_ext/166077579/plib_clock.o
LOAD build/sam_c21n_xpro/production/_ext/1617704294/plib_eic.o
LOAD build/sam_c21n_xpro/production/_ext/163928093/plib_evsys.o
LOAD build/sam_c21n_xpro/production/_ext/1390493541/plib_nvic.o
LOAD build/sam_c21n_xpro/production/_ext/770299191/plib_nvmctrl.o
LOAD build/sam_c21n_xpro/production/_ext/1390440390/plib_port.o
LOAD build/sam_c21n_xpro/production/_ext/1451668420/plib_sercom2_i2c_master.o
LOAD build/sam_c21n_xpro/production/_ext/1993392304/plib_sercom1_usart.o
LOAD build/sam_c21n_xpro/production/_ext/1993392304/plib_sercom0_usart.o
LOAD build/sam_c21n_xpro/production/_ext/1004774289/plib_systick.o
LOAD build/sam_c21n_xpro/production/_ext/1617721454/plib_wdt.o
LOAD build/sam_c21n_xpro/production/_ext/730014449/xc32_monitor.o
LOAD build/sam_c21n_xpro/production/_ext/855761890/sys_int.o
LOAD build/sam_c21n_xpro/production/_ext/1758384875/initialization.o
LOAD build/sam_c21n_xpro/production/_ext/1758384875/interrupts.o
LOAD build/sam_c21n_xpro/production/_ext/1758384875/exceptions.o
LOAD build/sam_c21n_xpro/production/_ext/1758384875/startup_xc32.o
LOAD build/sam_c21n_xpro/production/_ext/1758384875/libc_syscalls.o
LOAD build/sam_c21n_xpro/production/_ext/1758384875/tasks.o
LOAD build/sam_c21n_xpro/production/_ext/1360937237/main.o
LOAD build/sam_c21n_xpro/production/_ext/1360937237/app.o
                0x00000001                __MPLAB_BUILD = 0x1
                0x00040000                __rom_end = (ORIGIN (rom) + LENGTH (rom))
                0x20008000                __ram_end = (ORIGIN (ram) + LENGTH (ram))

.config_00804000
                0x00804000        0x4
 *(.config_00804000)
 .config_00804000
                0x00804000        0x4 build/sam_c21n_xpro/production/_ext/1758384875/initialization.o

.config_00804004
                0x00804004        0x4
 *(.config_00804004)
 .config_00804004
                0x00804004        0x4 build/sam_c21n_xpro/production/_ext/1758384875/initialization.o

.vectors        0x00000000       0xbc
                0x00000000                . = ALIGN (0x4)
                0x00000000                _sfixed = .
 *(.vectors .vectors.* .vectors_default .vectors_default.*)
 .vectors       0x00000000       0xbc build/sam_c21n_xpro/production/_ext/1758384875/interrupts.o
                0x00000000                exception_table
 *(.isr_vector)
 *(.reset*)
 *(.after_vectors)

.text           0x000000bc       0x20
                0x000000bc                . = ALIGN (0x4)
 *(.glue_7t)
 .glue_7t       0x000000bc        0x0 linker stubs
 *(.glue_7)
 .glue_7        0x000000bc        0x0 linker stubs
 *(.gnu.linkonce.r.*)
 *(.ARM.extab* .gnu.linkonce.armextab.*)
                0x000000bc                . = ALIGN (0x4)
 *(.init)
 .init          0x000000bc        0x4 c:/program files/microchip/xc32/v2.40/bin/bin/../../lib/gcc/pic32c/6.2.1/crti.o
                0x000000bc                _init
 .init          0x000000c0        0x8 c:/program files/microchip/xc32/v2.40/bin/bin/../../lib/gcc/pic32c/6.2.1/crtn.o
                0x000000c8                . = ALIGN (0x4)
                0x000000c8                __preinit_array_start = .
 *(.preinit_array)
                0x000000c8                __preinit_array_end = .
                0x000000c8                . = ALIGN (0x4)
                0x000000c8                __init_array_start = .
 *(SORT(.init_array.*))
 *(.init_array)
 .init_array    0x000000c8        0x4 c:/program files/microchip/xc32/v2.40/bin/bin/../../lib/gcc/pic32c/6.2.1/crtbegin.o
                0x000000cc                __init_array_end = .
                0x000000cc                . = ALIGN (0x4)
 *crtbegin.o(.ctors)
 *(EXCLUDE_FILE(*crtend.o) .ctors)
 *(SORT(.ctors.*))
 *crtend.o(.ctors)
                0x000000cc                . = ALIGN (0x4)
 *(.fini)
 .fini          0x000000cc        0x4 c:/program files/microchip/xc32/v2.40/bin/bin/../../lib/gcc/pic32c/6.2.1/crti.o
                0x000000cc                _fini
 .fini          0x000000d0        0x8 c:/program files/microchip/xc32/v2.40/bin/bin/../../lib/gcc/pic32c/6.2.1/crtn.o
                0x000000d8                . = ALIGN (0x4)
                0x000000d8                __fini_array_start = .
 *(.fini_array)
 .fini_array    0x000000d8        0x4 c:/program files/microchip/xc32/v2.40/bin/bin/../../lib/gcc/pic32c/6.2.1/crtbegin.o
 *(SORT(.fini_array.*))
                0x000000dc                __fini_array_end = .
 *crtbegin.o(.dtors)
 *(EXCLUDE_FILE(*crtend.o) .dtors)
 *(SORT(.dtors.*))
 *crtend.o(.dtors)
                0x000000dc                . = ALIGN (0x4)
                0x000000dc                _efixed = .
                [!provide]                PROVIDE (__exidx_start, .)

.ARM.exidx      0x000000dc        0x8
 *(.ARM.exidx* .gnu.linkonce.armexidx.*)
 .ARM.exidx     0x000000dc        0x8 c:/program files/microchip/xc32/v2.40/bin/bin/../../lib/gcc/pic32c/6.2.1\libgcc.a(_udivmoddi4.o)
                [!provide]                PROVIDE (__exidx_end, .)
                0x000000e4                . = ALIGN (0x4)
                0x000000e4                _etext = .

.bss            0x20000000     0x16e0
                0x20000000                . = ALIGN (0x4)
                0x20000000                __bss_start__ = .
                0x20000000                _sbss = .
                0x20000000                _szero = .
 *(COMMON)
 COMMON         0x20000000       0x34 build/sam_c21n_xpro/production/_ext/1360937237/appiot.o
                0x20000000                mqtttime
                0x20000004                _iotdata
                0x20000008                mcahineData
                0x2000000c                _iotram
                0x20000024                _iottimer
 COMMON         0x20000034       0x80 build/sam_c21n_xpro/production/_ext/1360937237/moden.o
                0x20000034                _moden
                0x2000003c                _moden_cmd_data
                0x20000048                _moden_command
                0x2000004c                commandtimeouttimer
                0x20000050                buffer
 *fill*         0x200000b4        0xc 
 COMMON         0x200000c0      0x3ec build/sam_c21n_xpro/production/_ext/1360937237/canapp.o
                0x200000c0                rx_message
                0x200000c8                appCAN
                0x200000e0                Can0MessageRAM
                0x200002c4                message
                0x200002cc                CAN_ECU_Data_1
                0x2000030c                ecu_init
                0x2000031c                rx0_buf
                0x200003e4                _canrx0buffer
 COMMON         0x200004ac     0x1203 build/sam_c21n_xpro/production/_ext/1360937237/appuart.o
                0x200004ac                rxBuffer
                0x200005ac                txBuffer
                0x200009ac                platformrxbuffer
                0x20000aac                _atcomd
 *fill*         0x200016af        0x1 
 COMMON         0x200016b0       0x15 build/sam_c21n_xpro/production/_ext/1360937237/apptimer.o
                0x200016b0                timer100ms
                0x200016b4                timer10ms
                0x200016b8                timer1000ms
                0x200016bc                timer1ms
                0x200016c0                timermqttupload
                0x200016c4                _timer
 *fill*         0x200016c5        0x3 
 COMMON         0x200016c8       0x10 build/sam_c21n_xpro/production/_ext/1758384875/initialization.o
                0x200016c8                sysObj
 COMMON         0x200016d8        0x1 build/sam_c21n_xpro/production/_ext/1360937237/app.o
                0x200016d8                appData
 *fill*         0x200016d9        0x3 
 COMMON         0x200016dc        0x4 c:/program files/microchip/xc32/v2.40/bin/bin/../../lib/gcc/pic32c/6.2.1/../../../../pic32c/lib\libc_nano.a(lib_a-reent.o)
                0x200016dc                errno
                0x200016e0                . = ALIGN (0x4)
                0x200016e0                __bss_end__ = .
                0x200016e0                _ebss = .
                0x200016e0                _ezero = .
                0x200016e0                . = ALIGN (0x4)
                0x200016e0                _end = .
                0x20007fff                _ram_end_ = ((ORIGIN (ram) + LENGTH (ram)) - 0x1)
                0x00000400                _min_heap_size = 0x400
START GROUP
LOAD c:/program files/microchip/xc32/v2.40/bin/bin/../../lib/gcc/pic32c/6.2.1/../../../../pic32c/lib\libpic32c.a
LOAD c:/program files/microchip/xc32/v2.40/bin/bin/../../lib/gcc/pic32c/6.2.1\libgcc.a
LOAD c:/program files/microchip/xc32/v2.40/bin/bin/../../lib/gcc/pic32c/6.2.1/../../../../pic32c/lib\libm_nano.a
LOAD c:/program files/microchip/xc32/v2.40/bin/bin/../../lib/gcc/pic32c/6.2.1/../../../../pic32c/lib\libc_nano.a
END GROUP
LOAD c:/program files/microchip/xc32/v2.40/bin/bin/../../lib/gcc/pic32c/6.2.1/crtend.o
LOAD c:/program files/microchip/xc32/v2.40/bin/bin/../../lib/gcc/pic32c/6.2.1/crtn.o
OUTPUT(dist/sam_c21n_xpro/production/sam_c21n_xpro.X.production.elf elf32-littlearm)
LOAD stack
LOAD data_init

.ARM.attributes
                0x00000000       0x28
 .ARM.attributes
                0x00000000       0x1e c:/program files/microchip/xc32/v2.40/bin/bin/../../lib/gcc/pic32c/6.2.1/crti.o
 .ARM.attributes
                0x0000001e       0x2c c:/program files/microchip/xc32/v2.40/bin/bin/../../lib/gcc/pic32c/6.2.1/crtbegin.o
 .ARM.attributes
                0x0000004a       0x32 build/sam_c21n_xpro/production/_ext/1360937237/appiot.o
 .ARM.attributes
                0x0000007c       0x32 build/sam_c21n_xpro/production/_ext/1360937237/moden.o
 .ARM.attributes
                0x000000ae       0x32 build/sam_c21n_xpro/production/_ext/1360937237/canapp.o
 .ARM.attributes
                0x000000e0       0x32 build/sam_c21n_xpro/production/_ext/1360937237/appuart.o
 .ARM.attributes
                0x00000112       0x32 build/sam_c21n_xpro/production/_ext/1360937237/appemueeprom.o
 .ARM.attributes
                0x00000144       0x32 build/sam_c21n_xpro/production/_ext/1360937237/apptimer.o
 .ARM.attributes
                0x00000176       0x32 build/sam_c21n_xpro/production/_ext/1360937237/app_uart_debug.o
 .ARM.attributes
                0x000001a8       0x32 build/sam_c21n_xpro/production/_ext/1936826263/drv_at24.o
 .ARM.attributes
                0x000001da       0x32 build/sam_c21n_xpro/production/_ext/1274584173/drv_usart.o
 .ARM.attributes
                0x0000020c       0x32 build/sam_c21n_xpro/production/_ext/1019481632/emulated_eeprom.o
 .ARM.attributes
                0x0000023e       0x32 build/sam_c21n_xpro/production/_ext/1617700295/plib_adc0.o
 .ARM.attributes
                0x00000270       0x32 build/sam_c21n_xpro/production/_ext/1617702135/plib_can0.o
 .ARM.attributes
                0x000002a2       0x32 build/sam_c21n_xpro/production/_ext/166077579/plib_clock.o
 .ARM.attributes
                0x000002d4       0x32 build/sam_c21n_xpro/production/_ext/1617704294/plib_eic.o
 .ARM.attributes
                0x00000306       0x32 build/sam_c21n_xpro/production/_ext/163928093/plib_evsys.o
 .ARM.attributes
                0x00000338       0x32 build/sam_c21n_xpro/production/_ext/1390493541/plib_nvic.o
 .ARM.attributes
                0x0000036a       0x32 build/sam_c21n_xpro/production/_ext/770299191/plib_nvmctrl.o
 .ARM.attributes
                0x0000039c       0x32 build/sam_c21n_xpro/production/_ext/1390440390/plib_port.o
 .ARM.attributes
                0x000003ce       0x32 build/sam_c21n_xpro/production/_ext/1451668420/plib_sercom2_i2c_master.o
 .ARM.attributes
                0x00000400       0x32 build/sam_c21n_xpro/production/_ext/1993392304/plib_sercom1_usart.o
 .ARM.attributes
                0x00000432       0x32 build/sam_c21n_xpro/production/_ext/1993392304/plib_sercom0_usart.o
 .ARM.attributes
                0x00000464       0x32 build/sam_c21n_xpro/production/_ext/1004774289/plib_systick.o
 .ARM.attributes
                0x00000496       0x32 build/sam_c21n_xpro/production/_ext/1617721454/plib_wdt.o
 .ARM.attributes
                0x000004c8       0x32 build/sam_c21n_xpro/production/_ext/730014449/xc32_monitor.o
 .ARM.attributes
                0x000004fa       0x32 build/sam_c21n_xpro/production/_ext/855761890/sys_int.o
 .ARM.attributes
                0x0000052c       0x32 build/sam_c21n_xpro/production/_ext/1758384875/initialization.o
 .ARM.attributes
                0x0000055e       0x32 build/sam_c21n_xpro/production/_ext/1758384875/interrupts.o
 .ARM.attributes
                0x00000590       0x32 build/sam_c21n_xpro/production/_ext/1758384875/exceptions.o
 .ARM.attributes
                0x000005c2       0x32 build/sam_c21n_xpro/production/_ext/1758384875/startup_xc32.o
 .ARM.attributes
                0x000005f4       0x32 build/sam_c21n_xpro/production/_ext/1360937237/main.o
 .ARM.attributes
                0x00000626       0x32 build/sam_c21n_xpro/production/_ext/1360937237/app.o
 .ARM.attributes
                0x00000658       0x2c c:/program files/microchip/xc32/v2.40/bin/bin/../../lib/gcc/pic32c/6.2.1/../../../../pic32c/lib\libpic32c.a(data_init.o)
 .ARM.attributes
                0x00000684       0x1e c:/program files/microchip/xc32/v2.40/bin/bin/../../lib/gcc/pic32c/6.2.1\libgcc.a(_udivsi3.o)
 .ARM.attributes
                0x000006a2       0x1e c:/program files/microchip/xc32/v2.40/bin/bin/../../lib/gcc/pic32c/6.2.1\libgcc.a(_dvmd_tls.o)
 .ARM.attributes
                0x000006c0       0x1e c:/program files/microchip/xc32/v2.40/bin/bin/../../lib/gcc/pic32c/6.2.1\libgcc.a(_aeabi_uldivmod.o)
 .ARM.attributes
                0x000006de       0x2c c:/program files/microchip/xc32/v2.40/bin/bin/../../lib/gcc/pic32c/6.2.1\libgcc.a(_muldi3.o)
 .ARM.attributes
                0x0000070a       0x2c c:/program files/microchip/xc32/v2.40/bin/bin/../../lib/gcc/pic32c/6.2.1\libgcc.a(_udivmoddi4.o)
 .ARM.attributes
                0x00000736       0x2c c:/program files/microchip/xc32/v2.40/bin/bin/../../lib/gcc/pic32c/6.2.1\libgcc.a(divsf3.o)
 .ARM.attributes
                0x00000762       0x2c c:/program files/microchip/xc32/v2.40/bin/bin/../../lib/gcc/pic32c/6.2.1\libgcc.a(floatunsisf.o)
 .ARM.attributes
                0x0000078e       0x1e c:/program files/microchip/xc32/v2.40/bin/bin/../../lib/gcc/pic32c/6.2.1\libgcc.a(_thumb1_case_uqi.o)
 .ARM.attributes
                0x000007ac       0x1e c:/program files/microchip/xc32/v2.40/bin/bin/../../lib/gcc/pic32c/6.2.1\libgcc.a(_lshrdi3.o)
 .ARM.attributes
                0x000007ca       0x1e c:/program files/microchip/xc32/v2.40/bin/bin/../../lib/gcc/pic32c/6.2.1\libgcc.a(_ashldi3.o)
 .ARM.attributes
                0x000007e8       0x1e c:/program files/microchip/xc32/v2.40/bin/bin/../../lib/gcc/pic32c/6.2.1\libgcc.a(_clzsi2.o)
 .ARM.attributes
                0x00000806       0x1e c:/program files/microchip/xc32/v2.40/bin/bin/../../lib/gcc/pic32c/6.2.1\libgcc.a(_clzdi2.o)
 .ARM.attributes
                0x00000824       0x2c c:/program files/microchip/xc32/v2.40/bin/bin/../../lib/gcc/pic32c/6.2.1/../../../../pic32c/lib\libc_nano.a(lib_a-init.o)
 .ARM.attributes
                0x00000850       0x2c c:/program files/microchip/xc32/v2.40/bin/bin/../../lib/gcc/pic32c/6.2.1/../../../../pic32c/lib\libc_nano.a(lib_a-memcmp.o)
 .ARM.attributes
                0x0000087c       0x2c c:/program files/microchip/xc32/v2.40/bin/bin/../../lib/gcc/pic32c/6.2.1/../../../../pic32c/lib\libc_nano.a(lib_a-memcpy-stub.o)
 .ARM.attributes
                0x000008a8       0x2c c:/program files/microchip/xc32/v2.40/bin/bin/../../lib/gcc/pic32c/6.2.1/../../../../pic32c/lib\libc_nano.a(lib_a-memset.o)
 .ARM.attributes
                0x000008d4       0x2c c:/program files/microchip/xc32/v2.40/bin/bin/../../lib/gcc/pic32c/6.2.1/../../../../pic32c/lib\libc_nano.a(_lib_a-sprintf.cdnopuxX.o)
 .ARM.attributes
                0x00000900       0x2c c:/program files/microchip/xc32/v2.40/bin/bin/../../lib/gcc/pic32c/6.2.1/../../../../pic32c/lib\libc_nano.a(lib_a-strcat.o)
 .ARM.attributes
                0x0000092c       0x1c c:/program files/microchip/xc32/v2.40/bin/bin/../../lib/gcc/pic32c/6.2.1/../../../../pic32c/lib\libc_nano.a(lib_a-strlen.o)
 .ARM.attributes
                0x00000948       0x2c c:/program files/microchip/xc32/v2.40/bin/bin/../../lib/gcc/pic32c/6.2.1/../../../../pic32c/lib\libc_nano.a(lib_a-strstr.o)
 .ARM.attributes
                0x00000974       0x2c c:/program files/microchip/xc32/v2.40/bin/bin/../../lib/gcc/pic32c/6.2.1/../../../../pic32c/lib\libc_nano.a(_lib_a-nano-vfprintf.cdnopuxX.o)
 .ARM.attributes
                0x000009a0       0x2c c:/program files/microchip/xc32/v2.40/bin/bin/../../lib/gcc/pic32c/6.2.1/../../../../pic32c/lib\libc_nano.a(lib_a-nano-vfprintf_i.o)
 .ARM.attributes
                0x000009cc       0x2c c:/program files/microchip/xc32/v2.40/bin/bin/../../lib/gcc/pic32c/6.2.1/../../../../pic32c/lib\libc_nano.a(lib_a-__ssfputs.o)
 .ARM.attributes
                0x000009f8       0x2c c:/program files/microchip/xc32/v2.40/bin/bin/../../lib/gcc/pic32c/6.2.1/../../../../pic32c/lib\libc_nano.a(lib_a-wbuf.o)
 .ARM.attributes
                0x00000a24       0x2c c:/program files/microchip/xc32/v2.40/bin/bin/../../lib/gcc/pic32c/6.2.1/../../../../pic32c/lib\libc_nano.a(lib_a-wsetup.o)
 .ARM.attributes
                0x00000a50       0x2c c:/program files/microchip/xc32/v2.40/bin/bin/../../lib/gcc/pic32c/6.2.1/../../../../pic32c/lib\libc_nano.a(lib_a-fflush.o)
 .ARM.attributes
                0x00000a7c       0x2c c:/program files/microchip/xc32/v2.40/bin/bin/../../lib/gcc/pic32c/6.2.1/../../../../pic32c/lib\libc_nano.a(lib_a-findfp.o)
 .ARM.attributes
                0x00000aa8       0x2c c:/program files/microchip/xc32/v2.40/bin/bin/../../lib/gcc/pic32c/6.2.1/../../../../pic32c/lib\libc_nano.a(lib_a-fputwc.o)
 .ARM.attributes
                0x00000ad4       0x2c c:/program files/microchip/xc32/v2.40/bin/bin/../../lib/gcc/pic32c/6.2.1/../../../../pic32c/lib\libc_nano.a(lib_a-fwalk.o)
 .ARM.attributes
                0x00000b00       0x2c c:/program files/microchip/xc32/v2.40/bin/bin/../../lib/gcc/pic32c/6.2.1/../../../../pic32c/lib\libc_nano.a(lib_a-impure.o)
 .ARM.attributes
                0x00000b2c       0x2c c:/program files/microchip/xc32/v2.40/bin/bin/../../lib/gcc/pic32c/6.2.1/../../../../pic32c/lib\libc_nano.a(lib_a-locale.o)
 .ARM.attributes
                0x00000b58       0x2c c:/program files/microchip/xc32/v2.40/bin/bin/../../lib/gcc/pic32c/6.2.1/../../../../pic32c/lib\libc_nano.a(lib_a-makebuf.o)
 .ARM.attributes
                0x00000b84       0x2c c:/program files/microchip/xc32/v2.40/bin/bin/../../lib/gcc/pic32c/6.2.1/../../../../pic32c/lib\libc_nano.a(lib_a-mbtowc_r.o)
 .ARM.attributes
                0x00000bb0       0x2c c:/program files/microchip/xc32/v2.40/bin/bin/../../lib/gcc/pic32c/6.2.1/../../../../pic32c/lib\libc_nano.a(lib_a-memchr-stub.o)
 .ARM.attributes
                0x00000bdc       0x2c c:/program files/microchip/xc32/v2.40/bin/bin/../../lib/gcc/pic32c/6.2.1/../../../../pic32c/lib\libc_nano.a(lib_a-nano-freer.o)
 .ARM.attributes
                0x00000c08       0x2c c:/program files/microchip/xc32/v2.40/bin/bin/../../lib/gcc/pic32c/6.2.1/../../../../pic32c/lib\libc_nano.a(lib_a-nano-mallocr.o)
 .ARM.attributes
                0x00000c34       0x2c c:/program files/microchip/xc32/v2.40/bin/bin/../../lib/gcc/pic32c/6.2.1/../../../../pic32c/lib\libc_nano.a(lib_a-sbrkr.o)
 .ARM.attributes
                0x00000c60       0x2c c:/program files/microchip/xc32/v2.40/bin/bin/../../lib/gcc/pic32c/6.2.1/../../../../pic32c/lib\libc_nano.a(lib_a-stdio.o)
 .ARM.attributes
                0x00000c8c       0x2c c:/program files/microchip/xc32/v2.40/bin/bin/../../lib/gcc/pic32c/6.2.1/../../../../pic32c/lib\libc_nano.a(lib_a-wcrtomb.o)
 .ARM.attributes
                0x00000cb8       0x2c c:/program files/microchip/xc32/v2.40/bin/bin/../../lib/gcc/pic32c/6.2.1/../../../../pic32c/lib\libc_nano.a(lib_a-wctomb_r.o)
 .ARM.attributes
                0x00000ce4       0x2c c:/program files/microchip/xc32/v2.40/bin/bin/../../lib/gcc/pic32c/6.2.1/../../../../pic32c/lib\libc_nano.a(lib_a-writer.o)
 .ARM.attributes
                0x00000d10       0x2c c:/program files/microchip/xc32/v2.40/bin/bin/../../lib/gcc/pic32c/6.2.1/../../../../pic32c/lib\libc_nano.a(lib_a-closer.o)
 .ARM.attributes
                0x00000d3c       0x2c c:/program files/microchip/xc32/v2.40/bin/bin/../../lib/gcc/pic32c/6.2.1/../../../../pic32c/lib\libc_nano.a(lib_a-ctype_.o)
 .ARM.attributes
                0x00000d68       0x2c c:/program files/microchip/xc32/v2.40/bin/bin/../../lib/gcc/pic32c/6.2.1/../../../../pic32c/lib\libc_nano.a(lib_a-fstatr.o)
 .ARM.attributes
                0x00000d94       0x2c c:/program files/microchip/xc32/v2.40/bin/bin/../../lib/gcc/pic32c/6.2.1/../../../../pic32c/lib\libc_nano.a(lib_a-isattyr.o)
 .ARM.attributes
                0x00000dc0       0x2c c:/program files/microchip/xc32/v2.40/bin/bin/../../lib/gcc/pic32c/6.2.1/../../../../pic32c/lib\libc_nano.a(lib_a-lseekr.o)
 .ARM.attributes
                0x00000dec       0x2c c:/program files/microchip/xc32/v2.40/bin/bin/../../lib/gcc/pic32c/6.2.1/../../../../pic32c/lib\libc_nano.a(lib_a-mlock.o)
 .ARM.attributes
                0x00000e18       0x2c c:/program files/microchip/xc32/v2.40/bin/bin/../../lib/gcc/pic32c/6.2.1/../../../../pic32c/lib\libc_nano.a(lib_a-readr.o)
 .ARM.attributes
                0x00000e44       0x2c c:/program files/microchip/xc32/v2.40/bin/bin/../../lib/gcc/pic32c/6.2.1/../../../../pic32c/lib\libc_nano.a(lib_a-reent.o)
 .ARM.attributes
                0x00000e70       0x2c c:/program files/microchip/xc32/v2.40/bin/bin/../../lib/gcc/pic32c/6.2.1/../../../../pic32c/lib\libpic32c.a(_close.o)
 .ARM.attributes
                0x00000e9c       0x2c c:/program files/microchip/xc32/v2.40/bin/bin/../../lib/gcc/pic32c/6.2.1/../../../../pic32c/lib\libpic32c.a(_fstat.o)
 .ARM.attributes
                0x00000ec8       0x2c c:/program files/microchip/xc32/v2.40/bin/bin/../../lib/gcc/pic32c/6.2.1/../../../../pic32c/lib\libpic32c.a(_isatty.o)
 .ARM.attributes
                0x00000ef4       0x2c c:/program files/microchip/xc32/v2.40/bin/bin/../../lib/gcc/pic32c/6.2.1/../../../../pic32c/lib\libpic32c.a(_lseek.o)
 .ARM.attributes
                0x00000f20       0x2c c:/program files/microchip/xc32/v2.40/bin/bin/../../lib/gcc/pic32c/6.2.1/../../../../pic32c/lib\libpic32c.a(_read.o)
 .ARM.attributes
                0x00000f4c       0x2c c:/program files/microchip/xc32/v2.40/bin/bin/../../lib/gcc/pic32c/6.2.1/../../../../pic32c/lib\libpic32c.a(sbrk.o)
 .ARM.attributes
                0x00000f78       0x2c c:/program files/microchip/xc32/v2.40/bin/bin/../../lib/gcc/pic32c/6.2.1/../../../../pic32c/lib\libpic32c.a(_write.o)
 .ARM.attributes
                0x00000fa4       0x2c c:/program files/microchip/xc32/v2.40/bin/bin/../../lib/gcc/pic32c/6.2.1/../../../../pic32c/lib\libpic32c.a(close.o)
 .ARM.attributes
                0x00000fd0       0x2c c:/program files/microchip/xc32/v2.40/bin/bin/../../lib/gcc/pic32c/6.2.1/../../../../pic32c/lib\libpic32c.a(fstat.o)
 .ARM.attributes
                0x00000ffc       0x2c c:/program files/microchip/xc32/v2.40/bin/bin/../../lib/gcc/pic32c/6.2.1/../../../../pic32c/lib\libpic32c.a(isatty.o)
 .ARM.attributes
                0x00001028       0x2c c:/program files/microchip/xc32/v2.40/bin/bin/../../lib/gcc/pic32c/6.2.1/../../../../pic32c/lib\libpic32c.a(lseek.o)
 .ARM.attributes
                0x00001054       0x1e c:/program files/microchip/xc32/v2.40/bin/bin/../../lib/gcc/pic32c/6.2.1/crtn.o

.comment        0x00000000       0x3c
 .comment       0x00000000       0x3c c:/program files/microchip/xc32/v2.40/bin/bin/../../lib/gcc/pic32c/6.2.1/crtbegin.o
                                 0x3d (size before relaxing)
 .comment       0x0000003c       0x3d build/sam_c21n_xpro/production/_ext/1360937237/appiot.o
 .comment       0x0000003c       0x3d build/sam_c21n_xpro/production/_ext/1360937237/moden.o
 .comment       0x0000003c       0x3d build/sam_c21n_xpro/production/_ext/1360937237/canapp.o
 .comment       0x0000003c       0x3d build/sam_c21n_xpro/production/_ext/1360937237/appuart.o
 .comment       0x0000003c       0x3d build/sam_c21n_xpro/production/_ext/1360937237/appemueeprom.o
 .comment       0x0000003c       0x3d build/sam_c21n_xpro/production/_ext/1360937237/apptimer.o
 .comment       0x0000003c       0x3d build/sam_c21n_xpro/production/_ext/1360937237/app_uart_debug.o
 .comment       0x0000003c       0x3d build/sam_c21n_xpro/production/_ext/1936826263/drv_at24.o
 .comment       0x0000003c       0x3d build/sam_c21n_xpro/production/_ext/1274584173/drv_usart.o
 .comment       0x0000003c       0x3d build/sam_c21n_xpro/production/_ext/1019481632/emulated_eeprom.o
 .comment       0x0000003c       0x3d build/sam_c21n_xpro/production/_ext/1617700295/plib_adc0.o
 .comment       0x0000003c       0x3d build/sam_c21n_xpro/production/_ext/1617702135/plib_can0.o
 .comment       0x0000003c       0x3d build/sam_c21n_xpro/production/_ext/166077579/plib_clock.o
 .comment       0x0000003c       0x3d build/sam_c21n_xpro/production/_ext/1617704294/plib_eic.o
 .comment       0x0000003c       0x3d build/sam_c21n_xpro/production/_ext/163928093/plib_evsys.o
 .comment       0x0000003c       0x3d build/sam_c21n_xpro/production/_ext/1390493541/plib_nvic.o
 .comment       0x0000003c       0x3d build/sam_c21n_xpro/production/_ext/770299191/plib_nvmctrl.o
 .comment       0x0000003c       0x3d build/sam_c21n_xpro/production/_ext/1390440390/plib_port.o
 .comment       0x0000003c       0x3d build/sam_c21n_xpro/production/_ext/1451668420/plib_sercom2_i2c_master.o
 .comment       0x0000003c       0x3d build/sam_c21n_xpro/production/_ext/1993392304/plib_sercom1_usart.o
 .comment       0x0000003c       0x3d build/sam_c21n_xpro/production/_ext/1993392304/plib_sercom0_usart.o
 .comment       0x0000003c       0x3d build/sam_c21n_xpro/production/_ext/1004774289/plib_systick.o
 .comment       0x0000003c       0x3d build/sam_c21n_xpro/production/_ext/1617721454/plib_wdt.o
 .comment       0x0000003c       0x3d build/sam_c21n_xpro/production/_ext/730014449/xc32_monitor.o
 .comment       0x0000003c       0x3d build/sam_c21n_xpro/production/_ext/855761890/sys_int.o
 .comment       0x0000003c       0x3d build/sam_c21n_xpro/production/_ext/1758384875/initialization.o
 .comment       0x0000003c       0x3d build/sam_c21n_xpro/production/_ext/1758384875/interrupts.o
 .comment       0x0000003c       0x3d build/sam_c21n_xpro/production/_ext/1758384875/exceptions.o
 .comment       0x0000003c       0x3d build/sam_c21n_xpro/production/_ext/1758384875/startup_xc32.o
 .comment       0x0000003c       0x3d build/sam_c21n_xpro/production/_ext/1360937237/main.o
 .comment       0x0000003c       0x3d build/sam_c21n_xpro/production/_ext/1360937237/app.o
 .comment       0x0000003c       0x3d c:/program files/microchip/xc32/v2.40/bin/bin/../../lib/gcc/pic32c/6.2.1/../../../../pic32c/lib\libpic32c.a(data_init.o)
 .comment       0x0000003c       0x3d c:/program files/microchip/xc32/v2.40/bin/bin/../../lib/gcc/pic32c/6.2.1\libgcc.a(_muldi3.o)
 .comment       0x0000003c       0x3d c:/program files/microchip/xc32/v2.40/bin/bin/../../lib/gcc/pic32c/6.2.1\libgcc.a(_udivmoddi4.o)
 .comment       0x0000003c       0x3d c:/program files/microchip/xc32/v2.40/bin/bin/../../lib/gcc/pic32c/6.2.1\libgcc.a(divsf3.o)
 .comment       0x0000003c       0x3d c:/program files/microchip/xc32/v2.40/bin/bin/../../lib/gcc/pic32c/6.2.1\libgcc.a(floatunsisf.o)
 .comment       0x0000003c       0x3d c:/program files/microchip/xc32/v2.40/bin/bin/../../lib/gcc/pic32c/6.2.1/../../../../pic32c/lib\libc_nano.a(lib_a-init.o)
 .comment       0x0000003c       0x3d c:/program files/microchip/xc32/v2.40/bin/bin/../../lib/gcc/pic32c/6.2.1/../../../../pic32c/lib\libc_nano.a(lib_a-memcmp.o)
 .comment       0x0000003c       0x3d c:/program files/microchip/xc32/v2.40/bin/bin/../../lib/gcc/pic32c/6.2.1/../../../../pic32c/lib\libc_nano.a(lib_a-memcpy-stub.o)
 .comment       0x0000003c       0x3d c:/program files/microchip/xc32/v2.40/bin/bin/../../lib/gcc/pic32c/6.2.1/../../../../pic32c/lib\libc_nano.a(lib_a-memset.o)
 .comment       0x0000003c       0x3d c:/program files/microchip/xc32/v2.40/bin/bin/../../lib/gcc/pic32c/6.2.1/../../../../pic32c/lib\libc_nano.a(_lib_a-sprintf.cdnopuxX.o)
 .comment       0x0000003c       0x3d c:/program files/microchip/xc32/v2.40/bin/bin/../../lib/gcc/pic32c/6.2.1/../../../../pic32c/lib\libc_nano.a(lib_a-strcat.o)
 .comment       0x0000003c       0x3d c:/program files/microchip/xc32/v2.40/bin/bin/../../lib/gcc/pic32c/6.2.1/../../../../pic32c/lib\libc_nano.a(lib_a-strstr.o)
 .comment       0x0000003c       0x3d c:/program files/microchip/xc32/v2.40/bin/bin/../../lib/gcc/pic32c/6.2.1/../../../../pic32c/lib\libc_nano.a(_lib_a-nano-vfprintf.cdnopuxX.o)
 .comment       0x0000003c       0x3d c:/program files/microchip/xc32/v2.40/bin/bin/../../lib/gcc/pic32c/6.2.1/../../../../pic32c/lib\libc_nano.a(lib_a-nano-vfprintf_i.o)
 .comment       0x0000003c       0x3d c:/program files/microchip/xc32/v2.40/bin/bin/../../lib/gcc/pic32c/6.2.1/../../../../pic32c/lib\libc_nano.a(lib_a-__ssfputs.o)
 .comment       0x0000003c       0x3d c:/program files/microchip/xc32/v2.40/bin/bin/../../lib/gcc/pic32c/6.2.1/../../../../pic32c/lib\libc_nano.a(lib_a-wbuf.o)
 .comment       0x0000003c       0x3d c:/program files/microchip/xc32/v2.40/bin/bin/../../lib/gcc/pic32c/6.2.1/../../../../pic32c/lib\libc_nano.a(lib_a-wsetup.o)
 .comment       0x0000003c       0x3d c:/program files/microchip/xc32/v2.40/bin/bin/../../lib/gcc/pic32c/6.2.1/../../../../pic32c/lib\libc_nano.a(lib_a-fflush.o)
 .comment       0x0000003c       0x3d c:/program files/microchip/xc32/v2.40/bin/bin/../../lib/gcc/pic32c/6.2.1/../../../../pic32c/lib\libc_nano.a(lib_a-findfp.o)
 .comment       0x0000003c       0x3d c:/program files/microchip/xc32/v2.40/bin/bin/../../lib/gcc/pic32c/6.2.1/../../../../pic32c/lib\libc_nano.a(lib_a-fputwc.o)
 .comment       0x0000003c       0x3d c:/program files/microchip/xc32/v2.40/bin/bin/../../lib/gcc/pic32c/6.2.1/../../../../pic32c/lib\libc_nano.a(lib_a-fwalk.o)
 .comment       0x0000003c       0x3d c:/program files/microchip/xc32/v2.40/bin/bin/../../lib/gcc/pic32c/6.2.1/../../../../pic32c/lib\libc_nano.a(lib_a-impure.o)
 .comment       0x0000003c       0x3d c:/program files/microchip/xc32/v2.40/bin/bin/../../lib/gcc/pic32c/6.2.1/../../../../pic32c/lib\libc_nano.a(lib_a-locale.o)
 .comment       0x0000003c       0x3d c:/program files/microchip/xc32/v2.40/bin/bin/../../lib/gcc/pic32c/6.2.1/../../../../pic32c/lib\libc_nano.a(lib_a-makebuf.o)
 .comment       0x0000003c       0x3d c:/program files/microchip/xc32/v2.40/bin/bin/../../lib/gcc/pic32c/6.2.1/../../../../pic32c/lib\libc_nano.a(lib_a-mbtowc_r.o)
 .comment       0x0000003c       0x3d c:/program files/microchip/xc32/v2.40/bin/bin/../../lib/gcc/pic32c/6.2.1/../../../../pic32c/lib\libc_nano.a(lib_a-memchr-stub.o)
 .comment       0x0000003c       0x3d c:/program files/microchip/xc32/v2.40/bin/bin/../../lib/gcc/pic32c/6.2.1/../../../../pic32c/lib\libc_nano.a(lib_a-nano-freer.o)
 .comment       0x0000003c       0x3d c:/program files/microchip/xc32/v2.40/bin/bin/../../lib/gcc/pic32c/6.2.1/../../../../pic32c/lib\libc_nano.a(lib_a-nano-mallocr.o)
 .comment       0x0000003c       0x3d c:/program files/microchip/xc32/v2.40/bin/bin/../../lib/gcc/pic32c/6.2.1/../../../../pic32c/lib\libc_nano.a(lib_a-sbrkr.o)
 .comment       0x0000003c       0x3d c:/program files/microchip/xc32/v2.40/bin/bin/../../lib/gcc/pic32c/6.2.1/../../../../pic32c/lib\libc_nano.a(lib_a-stdio.o)
 .comment       0x0000003c       0x3d c:/program files/microchip/xc32/v2.40/bin/bin/../../lib/gcc/pic32c/6.2.1/../../../../pic32c/lib\libc_nano.a(lib_a-wcrtomb.o)
 .comment       0x0000003c       0x3d c:/program files/microchip/xc32/v2.40/bin/bin/../../lib/gcc/pic32c/6.2.1/../../../../pic32c/lib\libc_nano.a(lib_a-wctomb_r.o)
 .comment       0x0000003c       0x3d c:/program files/microchip/xc32/v2.40/bin/bin/../../lib/gcc/pic32c/6.2.1/../../../../pic32c/lib\libc_nano.a(lib_a-writer.o)
 .comment       0x0000003c       0x3d c:/program files/microchip/xc32/v2.40/bin/bin/../../lib/gcc/pic32c/6.2.1/../../../../pic32c/lib\libc_nano.a(lib_a-closer.o)
 .comment       0x0000003c       0x3d c:/program files/microchip/xc32/v2.40/bin/bin/../../lib/gcc/pic32c/6.2.1/../../../../pic32c/lib\libc_nano.a(lib_a-ctype_.o)
 .comment       0x0000003c       0x3d c:/program files/microchip/xc32/v2.40/bin/bin/../../lib/gcc/pic32c/6.2.1/../../../../pic32c/lib\libc_nano.a(lib_a-fstatr.o)
 .comment       0x0000003c       0x3d c:/program files/microchip/xc32/v2.40/bin/bin/../../lib/gcc/pic32c/6.2.1/../../../../pic32c/lib\libc_nano.a(lib_a-isattyr.o)
 .comment       0x0000003c       0x3d c:/program files/microchip/xc32/v2.40/bin/bin/../../lib/gcc/pic32c/6.2.1/../../../../pic32c/lib\libc_nano.a(lib_a-lseekr.o)
 .comment       0x0000003c       0x3d c:/program files/microchip/xc32/v2.40/bin/bin/../../lib/gcc/pic32c/6.2.1/../../../../pic32c/lib\libc_nano.a(lib_a-mlock.o)
 .comment       0x0000003c       0x3d c:/program files/microchip/xc32/v2.40/bin/bin/../../lib/gcc/pic32c/6.2.1/../../../../pic32c/lib\libc_nano.a(lib_a-readr.o)
 .comment       0x0000003c       0x3d c:/program files/microchip/xc32/v2.40/bin/bin/../../lib/gcc/pic32c/6.2.1/../../../../pic32c/lib\libc_nano.a(lib_a-reent.o)
 .comment       0x0000003c       0x3d c:/program files/microchip/xc32/v2.40/bin/bin/../../lib/gcc/pic32c/6.2.1/../../../../pic32c/lib\libpic32c.a(_close.o)
 .comment       0x0000003c       0x3d c:/program files/microchip/xc32/v2.40/bin/bin/../../lib/gcc/pic32c/6.2.1/../../../../pic32c/lib\libpic32c.a(_fstat.o)
 .comment       0x0000003c       0x3d c:/program files/microchip/xc32/v2.40/bin/bin/../../lib/gcc/pic32c/6.2.1/../../../../pic32c/lib\libpic32c.a(_isatty.o)
 .comment       0x0000003c       0x3d c:/program files/microchip/xc32/v2.40/bin/bin/../../lib/gcc/pic32c/6.2.1/../../../../pic32c/lib\libpic32c.a(_lseek.o)
 .comment       0x0000003c       0x3d c:/program files/microchip/xc32/v2.40/bin/bin/../../lib/gcc/pic32c/6.2.1/../../../../pic32c/lib\libpic32c.a(_read.o)
 .comment       0x0000003c       0x3d c:/program files/microchip/xc32/v2.40/bin/bin/../../lib/gcc/pic32c/6.2.1/../../../../pic32c/lib\libpic32c.a(sbrk.o)
 .comment       0x0000003c       0x3d c:/program files/microchip/xc32/v2.40/bin/bin/../../lib/gcc/pic32c/6.2.1/../../../../pic32c/lib\libpic32c.a(_write.o)
 .comment       0x0000003c       0x3d c:/program files/microchip/xc32/v2.40/bin/bin/../../lib/gcc/pic32c/6.2.1/../../../../pic32c/lib\libpic32c.a(close.o)
 .comment       0x0000003c       0x3d c:/program files/microchip/xc32/v2.40/bin/bin/../../lib/gcc/pic32c/6.2.1/../../../../pic32c/lib\libpic32c.a(fstat.o)
 .comment       0x0000003c       0x3d c:/program files/microchip/xc32/v2.40/bin/bin/../../lib/gcc/pic32c/6.2.1/../../../../pic32c/lib\libpic32c.a(isatty.o)
 .comment       0x0000003c       0x3d c:/program files/microchip/xc32/v2.40/bin/bin/../../lib/gcc/pic32c/6.2.1/../../../../pic32c/lib\libpic32c.a(lseek.o)

.debug_info     0x00000000    0x58e10
 .debug_info    0x00000000     0x1941 build/sam_c21n_xpro/production/_ext/1360937237/appiot.o
 .debug_info    0x00001941     0x4763 build/sam_c21n_xpro/production/_ext/1360937237/moden.o
 .debug_info    0x000060a4     0x3205 build/sam_c21n_xpro/production/_ext/1360937237/canapp.o
 .debug_info    0x000092a9     0x174d build/sam_c21n_xpro/production/_ext/1360937237/appuart.o
 .debug_info    0x0000a9f6     0x14d9 build/sam_c21n_xpro/production/_ext/1360937237/appemueeprom.o
 .debug_info    0x0000becf     0x1af0 build/sam_c21n_xpro/production/_ext/1360937237/apptimer.o
 .debug_info    0x0000d9bf     0x1623 build/sam_c21n_xpro/production/_ext/1360937237/app_uart_debug.o
 .debug_info    0x0000efe2     0x1d5b build/sam_c21n_xpro/production/_ext/1936826263/drv_at24.o
 .debug_info    0x00010d3d     0x2a0c build/sam_c21n_xpro/production/_ext/1274584173/drv_usart.o
 .debug_info    0x00013749     0x28f0 build/sam_c21n_xpro/production/_ext/1019481632/emulated_eeprom.o
 .debug_info    0x00016039      0xc3d build/sam_c21n_xpro/production/_ext/1617700295/plib_adc0.o
 .debug_info    0x00016c76     0x286f build/sam_c21n_xpro/production/_ext/1617702135/plib_can0.o
 .debug_info    0x000194e5      0xaf5 build/sam_c21n_xpro/production/_ext/166077579/plib_clock.o
 .debug_info    0x00019fda      0x6dc build/sam_c21n_xpro/production/_ext/1617704294/plib_eic.o
 .debug_info    0x0001a6b6      0x349 build/sam_c21n_xpro/production/_ext/163928093/plib_evsys.o
 .debug_info    0x0001a9ff      0xb0d build/sam_c21n_xpro/production/_ext/1390493541/plib_nvic.o
 .debug_info    0x0001b50c     0x1672 build/sam_c21n_xpro/production/_ext/770299191/plib_nvmctrl.o
 .debug_info    0x0001cb7e      0xbaf build/sam_c21n_xpro/production/_ext/1390440390/plib_port.o
 .debug_info    0x0001d72d     0x16e7 build/sam_c21n_xpro/production/_ext/1451668420/plib_sercom2_i2c_master.o
 .debug_info    0x0001ee14     0x1efc build/sam_c21n_xpro/production/_ext/1993392304/plib_sercom1_usart.o
 .debug_info    0x00020d10     0x1f0d build/sam_c21n_xpro/production/_ext/1993392304/plib_sercom0_usart.o
 .debug_info    0x00022c1d      0x8fa build/sam_c21n_xpro/production/_ext/1004774289/plib_systick.o
 .debug_info    0x00023517      0x612 build/sam_c21n_xpro/production/_ext/1617721454/plib_wdt.o
 .debug_info    0x00023b29      0x337 build/sam_c21n_xpro/production/_ext/730014449/xc32_monitor.o
 .debug_info    0x00023e60      0x9bb build/sam_c21n_xpro/production/_ext/855761890/sys_int.o
 .debug_info    0x0002481b     0x2567 build/sam_c21n_xpro/production/_ext/1758384875/initialization.o
 .debug_info    0x00026d82     0x1564 build/sam_c21n_xpro/production/_ext/1758384875/interrupts.o
 .debug_info    0x000282e6      0xfed build/sam_c21n_xpro/production/_ext/1758384875/exceptions.o
 .debug_info    0x000292d3      0x4cd build/sam_c21n_xpro/production/_ext/1758384875/startup_xc32.o
 .debug_info    0x000297a0     0x1ff6 build/sam_c21n_xpro/production/_ext/1360937237/main.o
 .debug_info    0x0002b796      0xf1e build/sam_c21n_xpro/production/_ext/1360937237/app.o
 .debug_info    0x0002c6b4      0x1f0 c:/program files/microchip/xc32/v2.40/bin/bin/../../lib/gcc/pic32c/6.2.1/../../../../pic32c/lib\libpic32c.a(data_init.o)
 .debug_info    0x0002c8a4       0xee c:/program files/microchip/xc32/v2.40/bin/bin/../../lib/gcc/pic32c/6.2.1\libgcc.a(_udivsi3.o)
 .debug_info    0x0002c992       0xee c:/program files/microchip/xc32/v2.40/bin/bin/../../lib/gcc/pic32c/6.2.1\libgcc.a(_dvmd_tls.o)
 .debug_info    0x0002ca80       0xee c:/program files/microchip/xc32/v2.40/bin/bin/../../lib/gcc/pic32c/6.2.1\libgcc.a(_aeabi_uldivmod.o)
 .debug_info    0x0002cb6e     0x13d1 c:/program files/microchip/xc32/v2.40/bin/bin/../../lib/gcc/pic32c/6.2.1\libgcc.a(_muldi3.o)
 .debug_info    0x0002df3f     0x132c c:/program files/microchip/xc32/v2.40/bin/bin/../../lib/gcc/pic32c/6.2.1\libgcc.a(_udivmoddi4.o)
 .debug_info    0x0002f26b      0x58b c:/program files/microchip/xc32/v2.40/bin/bin/../../lib/gcc/pic32c/6.2.1\libgcc.a(divsf3.o)
 .debug_info    0x0002f7f6      0x465 c:/program files/microchip/xc32/v2.40/bin/bin/../../lib/gcc/pic32c/6.2.1\libgcc.a(floatunsisf.o)
 .debug_info    0x0002fc5b       0xee c:/program files/microchip/xc32/v2.40/bin/bin/../../lib/gcc/pic32c/6.2.1\libgcc.a(_thumb1_case_uqi.o)
 .debug_info    0x0002fd49       0xee c:/program files/microchip/xc32/v2.40/bin/bin/../../lib/gcc/pic32c/6.2.1\libgcc.a(_lshrdi3.o)
 .debug_info    0x0002fe37       0xee c:/program files/microchip/xc32/v2.40/bin/bin/../../lib/gcc/pic32c/6.2.1\libgcc.a(_ashldi3.o)
 .debug_info    0x0002ff25       0xee c:/program files/microchip/xc32/v2.40/bin/bin/../../lib/gcc/pic32c/6.2.1\libgcc.a(_clzsi2.o)
 .debug_info    0x00030013       0xee c:/program files/microchip/xc32/v2.40/bin/bin/../../lib/gcc/pic32c/6.2.1\libgcc.a(_clzdi2.o)
 .debug_info    0x00030101      0x359 c:/program files/microchip/xc32/v2.40/bin/bin/../../lib/gcc/pic32c/6.2.1/../../../../pic32c/lib\libc_nano.a(lib_a-init.o)
 .debug_info    0x0003045a      0xd94 c:/program files/microchip/xc32/v2.40/bin/bin/../../lib/gcc/pic32c/6.2.1/../../../../pic32c/lib\libc_nano.a(lib_a-memcmp.o)
 .debug_info    0x000311ee      0xdb3 c:/program files/microchip/xc32/v2.40/bin/bin/../../lib/gcc/pic32c/6.2.1/../../../../pic32c/lib\libc_nano.a(lib_a-memcpy-stub.o)
 .debug_info    0x00031fa1     0x14e8 c:/program files/microchip/xc32/v2.40/bin/bin/../../lib/gcc/pic32c/6.2.1/../../../../pic32c/lib\libc_nano.a(lib_a-memset.o)
 .debug_info    0x00033489      0xe2e c:/program files/microchip/xc32/v2.40/bin/bin/../../lib/gcc/pic32c/6.2.1/../../../../pic32c/lib\libc_nano.a(_lib_a-sprintf.cdnopuxX.o)
 .debug_info    0x000342b7      0xd5f c:/program files/microchip/xc32/v2.40/bin/bin/../../lib/gcc/pic32c/6.2.1/../../../../pic32c/lib\libc_nano.a(lib_a-strcat.o)
 .debug_info    0x00035016      0x117 c:/program files/microchip/xc32/v2.40/bin/bin/../../lib/gcc/pic32c/6.2.1/../../../../pic32c/lib\libc_nano.a(lib_a-strlen.o)
 .debug_info    0x0003512d      0xd80 c:/program files/microchip/xc32/v2.40/bin/bin/../../lib/gcc/pic32c/6.2.1/../../../../pic32c/lib\libc_nano.a(lib_a-strstr.o)
 .debug_info    0x00035ead     0x1e92 c:/program files/microchip/xc32/v2.40/bin/bin/../../lib/gcc/pic32c/6.2.1/../../../../pic32c/lib\libc_nano.a(_lib_a-nano-vfprintf.cdnopuxX.o)
 .debug_info    0x00037d3f     0x1d15 c:/program files/microchip/xc32/v2.40/bin/bin/../../lib/gcc/pic32c/6.2.1/../../../../pic32c/lib\libc_nano.a(lib_a-nano-vfprintf_i.o)
 .debug_info    0x00039a54     0x188d c:/program files/microchip/xc32/v2.40/bin/bin/../../lib/gcc/pic32c/6.2.1/../../../../pic32c/lib\libc_nano.a(lib_a-__ssfputs.o)
 .debug_info    0x0003b2e1     0x11b3 c:/program files/microchip/xc32/v2.40/bin/bin/../../lib/gcc/pic32c/6.2.1/../../../../pic32c/lib\libc_nano.a(lib_a-wbuf.o)
 .debug_info    0x0003c494     0x112e c:/program files/microchip/xc32/v2.40/bin/bin/../../lib/gcc/pic32c/6.2.1/../../../../pic32c/lib\libc_nano.a(lib_a-wsetup.o)
 .debug_info    0x0003d5c2     0x1298 c:/program files/microchip/xc32/v2.40/bin/bin/../../lib/gcc/pic32c/6.2.1/../../../../pic32c/lib\libc_nano.a(lib_a-fflush.o)
 .debug_info    0x0003e85a     0x1470 c:/program files/microchip/xc32/v2.40/bin/bin/../../lib/gcc/pic32c/6.2.1/../../../../pic32c/lib\libc_nano.a(lib_a-findfp.o)
 .debug_info    0x0003fcca     0x12ea c:/program files/microchip/xc32/v2.40/bin/bin/../../lib/gcc/pic32c/6.2.1/../../../../pic32c/lib\libc_nano.a(lib_a-fputwc.o)
 .debug_info    0x00040fb4     0x11a9 c:/program files/microchip/xc32/v2.40/bin/bin/../../lib/gcc/pic32c/6.2.1/../../../../pic32c/lib\libc_nano.a(lib_a-fwalk.o)
 .debug_info    0x0004215d      0xd3c c:/program files/microchip/xc32/v2.40/bin/bin/../../lib/gcc/pic32c/6.2.1/../../../../pic32c/lib\libc_nano.a(lib_a-impure.o)
 .debug_info    0x00042e99     0x17cf c:/program files/microchip/xc32/v2.40/bin/bin/../../lib/gcc/pic32c/6.2.1/../../../../pic32c/lib\libc_nano.a(lib_a-locale.o)
 .debug_info    0x00044668     0x14e5 c:/program files/microchip/xc32/v2.40/bin/bin/../../lib/gcc/pic32c/6.2.1/../../../../pic32c/lib\libc_nano.a(lib_a-makebuf.o)
 .debug_info    0x00045b4d     0x16a8 c:/program files/microchip/xc32/v2.40/bin/bin/../../lib/gcc/pic32c/6.2.1/../../../../pic32c/lib\libc_nano.a(lib_a-mbtowc_r.o)
 .debug_info    0x000471f5      0xdb2 c:/program files/microchip/xc32/v2.40/bin/bin/../../lib/gcc/pic32c/6.2.1/../../../../pic32c/lib\libc_nano.a(lib_a-memchr-stub.o)
 .debug_info    0x00047fa7     0x10ed c:/program files/microchip/xc32/v2.40/bin/bin/../../lib/gcc/pic32c/6.2.1/../../../../pic32c/lib\libc_nano.a(lib_a-nano-freer.o)
 .debug_info    0x00049094     0x119a c:/program files/microchip/xc32/v2.40/bin/bin/../../lib/gcc/pic32c/6.2.1/../../../../pic32c/lib\libc_nano.a(lib_a-nano-mallocr.o)
 .debug_info    0x0004a22e      0xe2c c:/program files/microchip/xc32/v2.40/bin/bin/../../lib/gcc/pic32c/6.2.1/../../../../pic32c/lib\libc_nano.a(lib_a-sbrkr.o)
 .debug_info    0x0004b05a     0x135a c:/program files/microchip/xc32/v2.40/bin/bin/../../lib/gcc/pic32c/6.2.1/../../../../pic32c/lib\libc_nano.a(lib_a-stdio.o)
 .debug_info    0x0004c3b4     0x16a4 c:/program files/microchip/xc32/v2.40/bin/bin/../../lib/gcc/pic32c/6.2.1/../../../../pic32c/lib\libc_nano.a(lib_a-wcrtomb.o)
 .debug_info    0x0004da58     0x166c c:/program files/microchip/xc32/v2.40/bin/bin/../../lib/gcc/pic32c/6.2.1/../../../../pic32c/lib\libc_nano.a(lib_a-wctomb_r.o)
 .debug_info    0x0004f0c4      0xe4b c:/program files/microchip/xc32/v2.40/bin/bin/../../lib/gcc/pic32c/6.2.1/../../../../pic32c/lib\libc_nano.a(lib_a-writer.o)
 .debug_info    0x0004ff0f      0xdfa c:/program files/microchip/xc32/v2.40/bin/bin/../../lib/gcc/pic32c/6.2.1/../../../../pic32c/lib\libc_nano.a(lib_a-closer.o)
 .debug_info    0x00050d09     0x14b9 c:/program files/microchip/xc32/v2.40/bin/bin/../../lib/gcc/pic32c/6.2.1/../../../../pic32c/lib\libc_nano.a(lib_a-ctype_.o)
 .debug_info    0x000521c2     0x10f5 c:/program files/microchip/xc32/v2.40/bin/bin/../../lib/gcc/pic32c/6.2.1/../../../../pic32c/lib\libc_nano.a(lib_a-fstatr.o)
 .debug_info    0x000532b7      0xe07 c:/program files/microchip/xc32/v2.40/bin/bin/../../lib/gcc/pic32c/6.2.1/../../../../pic32c/lib\libc_nano.a(lib_a-isattyr.o)
 .debug_info    0x000540be      0xe32 c:/program files/microchip/xc32/v2.40/bin/bin/../../lib/gcc/pic32c/6.2.1/../../../../pic32c/lib\libc_nano.a(lib_a-lseekr.o)
 .debug_info    0x00054ef0      0xd79 c:/program files/microchip/xc32/v2.40/bin/bin/../../lib/gcc/pic32c/6.2.1/../../../../pic32c/lib\libc_nano.a(lib_a-mlock.o)
 .debug_info    0x00055c69      0xe49 c:/program files/microchip/xc32/v2.40/bin/bin/../../lib/gcc/pic32c/6.2.1/../../../../pic32c/lib\libc_nano.a(lib_a-readr.o)
 .debug_info    0x00056ab2      0xf2f c:/program files/microchip/xc32/v2.40/bin/bin/../../lib/gcc/pic32c/6.2.1/../../../../pic32c/lib\libc_nano.a(lib_a-reent.o)
 .debug_info    0x000579e1      0x1d7 c:/program files/microchip/xc32/v2.40/bin/bin/../../lib/gcc/pic32c/6.2.1/../../../../pic32c/lib\libpic32c.a(_close.o)
 .debug_info    0x00057bb8      0x1d7 c:/program files/microchip/xc32/v2.40/bin/bin/../../lib/gcc/pic32c/6.2.1/../../../../pic32c/lib\libpic32c.a(_fstat.o)
 .debug_info    0x00057d8f      0x1d9 c:/program files/microchip/xc32/v2.40/bin/bin/../../lib/gcc/pic32c/6.2.1/../../../../pic32c/lib\libpic32c.a(_isatty.o)
 .debug_info    0x00057f68      0x1d7 c:/program files/microchip/xc32/v2.40/bin/bin/../../lib/gcc/pic32c/6.2.1/../../../../pic32c/lib\libpic32c.a(_lseek.o)
 .debug_info    0x0005813f      0x1d5 c:/program files/microchip/xc32/v2.40/bin/bin/../../lib/gcc/pic32c/6.2.1/../../../../pic32c/lib\libpic32c.a(_read.o)
 .debug_info    0x00058314      0x1d3 c:/program files/microchip/xc32/v2.40/bin/bin/../../lib/gcc/pic32c/6.2.1/../../../../pic32c/lib\libpic32c.a(sbrk.o)
 .debug_info    0x000584e7      0x1d7 c:/program files/microchip/xc32/v2.40/bin/bin/../../lib/gcc/pic32c/6.2.1/../../../../pic32c/lib\libpic32c.a(_write.o)
 .debug_info    0x000586be      0x1d4 c:/program files/microchip/xc32/v2.40/bin/bin/../../lib/gcc/pic32c/6.2.1/../../../../pic32c/lib\libpic32c.a(close.o)
 .debug_info    0x00058892      0x1d4 c:/program files/microchip/xc32/v2.40/bin/bin/../../lib/gcc/pic32c/6.2.1/../../../../pic32c/lib\libpic32c.a(fstat.o)
 .debug_info    0x00058a66      0x1d6 c:/program files/microchip/xc32/v2.40/bin/bin/../../lib/gcc/pic32c/6.2.1/../../../../pic32c/lib\libpic32c.a(isatty.o)
 .debug_info    0x00058c3c      0x1d4 c:/program files/microchip/xc32/v2.40/bin/bin/../../lib/gcc/pic32c/6.2.1/../../../../pic32c/lib\libpic32c.a(lseek.o)

.debug_abbrev   0x00000000     0x9340
 .debug_abbrev  0x00000000      0x275 build/sam_c21n_xpro/production/_ext/1360937237/appiot.o
 .debug_abbrev  0x00000275      0x318 build/sam_c21n_xpro/production/_ext/1360937237/moden.o
 .debug_abbrev  0x0000058d      0x447 build/sam_c21n_xpro/production/_ext/1360937237/canapp.o
 .debug_abbrev  0x000009d4      0x281 build/sam_c21n_xpro/production/_ext/1360937237/appuart.o
 .debug_abbrev  0x00000c55      0x215 build/sam_c21n_xpro/production/_ext/1360937237/appemueeprom.o
 .debug_abbrev  0x00000e6a      0x22f build/sam_c21n_xpro/production/_ext/1360937237/apptimer.o
 .debug_abbrev  0x00001099      0x255 build/sam_c21n_xpro/production/_ext/1360937237/app_uart_debug.o
 .debug_abbrev  0x000012ee      0x3b0 build/sam_c21n_xpro/production/_ext/1936826263/drv_at24.o
 .debug_abbrev  0x0000169e      0x506 build/sam_c21n_xpro/production/_ext/1274584173/drv_usart.o
 .debug_abbrev  0x00001ba4      0x56a build/sam_c21n_xpro/production/_ext/1019481632/emulated_eeprom.o
 .debug_abbrev  0x0000210e      0x154 build/sam_c21n_xpro/production/_ext/1617700295/plib_adc0.o
 .debug_abbrev  0x00002262      0x3e5 build/sam_c21n_xpro/production/_ext/1617702135/plib_can0.o
 .debug_abbrev  0x00002647      0x126 build/sam_c21n_xpro/production/_ext/166077579/plib_clock.o
 .debug_abbrev  0x0000276d      0x16c build/sam_c21n_xpro/production/_ext/1617704294/plib_eic.o
 .debug_abbrev  0x000028d9       0x39 build/sam_c21n_xpro/production/_ext/163928093/plib_evsys.o
 .debug_abbrev  0x00002912      0x1b9 build/sam_c21n_xpro/production/_ext/1390493541/plib_nvic.o
 .debug_abbrev  0x00002acb      0x26a build/sam_c21n_xpro/production/_ext/770299191/plib_nvmctrl.o
 .debug_abbrev  0x00002d35      0x1ae build/sam_c21n_xpro/production/_ext/1390440390/plib_port.o
 .debug_abbrev  0x00002ee3      0x36e build/sam_c21n_xpro/production/_ext/1451668420/plib_sercom2_i2c_master.o
 .debug_abbrev  0x00003251      0x3e5 build/sam_c21n_xpro/production/_ext/1993392304/plib_sercom1_usart.o
 .debug_abbrev  0x00003636      0x3ee build/sam_c21n_xpro/production/_ext/1993392304/plib_sercom0_usart.o
 .debug_abbrev  0x00003a24      0x1e0 build/sam_c21n_xpro/production/_ext/1004774289/plib_systick.o
 .debug_abbrev  0x00003c04       0xc5 build/sam_c21n_xpro/production/_ext/1617721454/plib_wdt.o
 .debug_abbrev  0x00003cc9       0x89 build/sam_c21n_xpro/production/_ext/730014449/xc32_monitor.o
 .debug_abbrev  0x00003d52      0x1f7 build/sam_c21n_xpro/production/_ext/855761890/sys_int.o
 .debug_abbrev  0x00003f49      0x291 build/sam_c21n_xpro/production/_ext/1758384875/initialization.o
 .debug_abbrev  0x000041da      0x1b5 build/sam_c21n_xpro/production/_ext/1758384875/interrupts.o
 .debug_abbrev  0x0000438f      0x1aa build/sam_c21n_xpro/production/_ext/1758384875/exceptions.o
 .debug_abbrev  0x00004539      0x10b build/sam_c21n_xpro/production/_ext/1758384875/startup_xc32.o
 .debug_abbrev  0x00004644      0x25b build/sam_c21n_xpro/production/_ext/1360937237/main.o
 .debug_abbrev  0x0000489f      0x1ea build/sam_c21n_xpro/production/_ext/1360937237/app.o
 .debug_abbrev  0x00004a89       0x2a c:/program files/microchip/xc32/v2.40/bin/bin/../../lib/gcc/pic32c/6.2.1/../../../../pic32c/lib\libpic32c.a(data_init.o)
 .debug_abbrev  0x00004ab3       0x14 c:/program files/microchip/xc32/v2.40/bin/bin/../../lib/gcc/pic32c/6.2.1\libgcc.a(_udivsi3.o)
 .debug_abbrev  0x00004ac7       0x14 c:/program files/microchip/xc32/v2.40/bin/bin/../../lib/gcc/pic32c/6.2.1\libgcc.a(_dvmd_tls.o)
 .debug_abbrev  0x00004adb       0x14 c:/program files/microchip/xc32/v2.40/bin/bin/../../lib/gcc/pic32c/6.2.1\libgcc.a(_aeabi_uldivmod.o)
 .debug_abbrev  0x00004aef      0x176 c:/program files/microchip/xc32/v2.40/bin/bin/../../lib/gcc/pic32c/6.2.1\libgcc.a(_muldi3.o)
 .debug_abbrev  0x00004c65      0x13b c:/program files/microchip/xc32/v2.40/bin/bin/../../lib/gcc/pic32c/6.2.1\libgcc.a(_udivmoddi4.o)
 .debug_abbrev  0x00004da0      0x135 c:/program files/microchip/xc32/v2.40/bin/bin/../../lib/gcc/pic32c/6.2.1\libgcc.a(divsf3.o)
 .debug_abbrev  0x00004ed5      0x12d c:/program files/microchip/xc32/v2.40/bin/bin/../../lib/gcc/pic32c/6.2.1\libgcc.a(floatunsisf.o)
 .debug_abbrev  0x00005002       0x14 c:/program files/microchip/xc32/v2.40/bin/bin/../../lib/gcc/pic32c/6.2.1\libgcc.a(_thumb1_case_uqi.o)
 .debug_abbrev  0x00005016       0x14 c:/program files/microchip/xc32/v2.40/bin/bin/../../lib/gcc/pic32c/6.2.1\libgcc.a(_lshrdi3.o)
 .debug_abbrev  0x0000502a       0x14 c:/program files/microchip/xc32/v2.40/bin/bin/../../lib/gcc/pic32c/6.2.1\libgcc.a(_ashldi3.o)
 .debug_abbrev  0x0000503e       0x14 c:/program files/microchip/xc32/v2.40/bin/bin/../../lib/gcc/pic32c/6.2.1\libgcc.a(_clzsi2.o)
 .debug_abbrev  0x00005052       0x14 c:/program files/microchip/xc32/v2.40/bin/bin/../../lib/gcc/pic32c/6.2.1\libgcc.a(_clzdi2.o)
 .debug_abbrev  0x00005066       0xa3 c:/program files/microchip/xc32/v2.40/bin/bin/../../lib/gcc/pic32c/6.2.1/../../../../pic32c/lib\libc_nano.a(lib_a-init.o)
 .debug_abbrev  0x00005109      0x16d c:/program files/microchip/xc32/v2.40/bin/bin/../../lib/gcc/pic32c/6.2.1/../../../../pic32c/lib\libc_nano.a(lib_a-memcmp.o)
 .debug_abbrev  0x00005276      0x17c c:/program files/microchip/xc32/v2.40/bin/bin/../../lib/gcc/pic32c/6.2.1/../../../../pic32c/lib\libc_nano.a(lib_a-memcpy-stub.o)
 .debug_abbrev  0x000053f2      0x170 c:/program files/microchip/xc32/v2.40/bin/bin/../../lib/gcc/pic32c/6.2.1/../../../../pic32c/lib\libc_nano.a(lib_a-memset.o)
 .debug_abbrev  0x00005562      0x1a5 c:/program files/microchip/xc32/v2.40/bin/bin/../../lib/gcc/pic32c/6.2.1/../../../../pic32c/lib\libc_nano.a(_lib_a-sprintf.cdnopuxX.o)
 .debug_abbrev  0x00005707      0x157 c:/program files/microchip/xc32/v2.40/bin/bin/../../lib/gcc/pic32c/6.2.1/../../../../pic32c/lib\libc_nano.a(lib_a-strcat.o)
 .debug_abbrev  0x0000585e       0x14 c:/program files/microchip/xc32/v2.40/bin/bin/../../lib/gcc/pic32c/6.2.1/../../../../pic32c/lib\libc_nano.a(lib_a-strlen.o)
 .debug_abbrev  0x00005872      0x15e c:/program files/microchip/xc32/v2.40/bin/bin/../../lib/gcc/pic32c/6.2.1/../../../../pic32c/lib\libc_nano.a(lib_a-strstr.o)
 .debug_abbrev  0x000059d0      0x30c c:/program files/microchip/xc32/v2.40/bin/bin/../../lib/gcc/pic32c/6.2.1/../../../../pic32c/lib\libc_nano.a(_lib_a-nano-vfprintf.cdnopuxX.o)
 .debug_abbrev  0x00005cdc      0x25f c:/program files/microchip/xc32/v2.40/bin/bin/../../lib/gcc/pic32c/6.2.1/../../../../pic32c/lib\libc_nano.a(lib_a-nano-vfprintf_i.o)
 .debug_abbrev  0x00005f3b      0x1f6 c:/program files/microchip/xc32/v2.40/bin/bin/../../lib/gcc/pic32c/6.2.1/../../../../pic32c/lib\libc_nano.a(lib_a-__ssfputs.o)
 .debug_abbrev  0x00006131      0x208 c:/program files/microchip/xc32/v2.40/bin/bin/../../lib/gcc/pic32c/6.2.1/../../../../pic32c/lib\libc_nano.a(lib_a-wbuf.o)
 .debug_abbrev  0x00006339      0x1ec c:/program files/microchip/xc32/v2.40/bin/bin/../../lib/gcc/pic32c/6.2.1/../../../../pic32c/lib\libc_nano.a(lib_a-wsetup.o)
 .debug_abbrev  0x00006525      0x263 c:/program files/microchip/xc32/v2.40/bin/bin/../../lib/gcc/pic32c/6.2.1/../../../../pic32c/lib\libc_nano.a(lib_a-fflush.o)
 .debug_abbrev  0x00006788      0x295 c:/program files/microchip/xc32/v2.40/bin/bin/../../lib/gcc/pic32c/6.2.1/../../../../pic32c/lib\libc_nano.a(lib_a-findfp.o)
 .debug_abbrev  0x00006a1d      0x233 c:/program files/microchip/xc32/v2.40/bin/bin/../../lib/gcc/pic32c/6.2.1/../../../../pic32c/lib\libc_nano.a(lib_a-fputwc.o)
 .debug_abbrev  0x00006c50      0x1b0 c:/program files/microchip/xc32/v2.40/bin/bin/../../lib/gcc/pic32c/6.2.1/../../../../pic32c/lib\libc_nano.a(lib_a-fwalk.o)
 .debug_abbrev  0x00006e00      0x131 c:/program files/microchip/xc32/v2.40/bin/bin/../../lib/gcc/pic32c/6.2.1/../../../../pic32c/lib\libc_nano.a(lib_a-impure.o)
 .debug_abbrev  0x00006f31      0x264 c:/program files/microchip/xc32/v2.40/bin/bin/../../lib/gcc/pic32c/6.2.1/../../../../pic32c/lib\libc_nano.a(lib_a-locale.o)
 .debug_abbrev  0x00007195      0x268 c:/program files/microchip/xc32/v2.40/bin/bin/../../lib/gcc/pic32c/6.2.1/../../../../pic32c/lib\libc_nano.a(lib_a-makebuf.o)
 .debug_abbrev  0x000073fd      0x1cd c:/program files/microchip/xc32/v2.40/bin/bin/../../lib/gcc/pic32c/6.2.1/../../../../pic32c/lib\libc_nano.a(lib_a-mbtowc_r.o)
 .debug_abbrev  0x000075ca      0x16d c:/program files/microchip/xc32/v2.40/bin/bin/../../lib/gcc/pic32c/6.2.1/../../../../pic32c/lib\libc_nano.a(lib_a-memchr-stub.o)
 .debug_abbrev  0x00007737      0x24f c:/program files/microchip/xc32/v2.40/bin/bin/../../lib/gcc/pic32c/6.2.1/../../../../pic32c/lib\libc_nano.a(lib_a-nano-freer.o)
 .debug_abbrev  0x00007986      0x286 c:/program files/microchip/xc32/v2.40/bin/bin/../../lib/gcc/pic32c/6.2.1/../../../../pic32c/lib\libc_nano.a(lib_a-nano-mallocr.o)
 .debug_abbrev  0x00007c0c      0x1a8 c:/program files/microchip/xc32/v2.40/bin/bin/../../lib/gcc/pic32c/6.2.1/../../../../pic32c/lib\libc_nano.a(lib_a-sbrkr.o)
 .debug_abbrev  0x00007db4      0x224 c:/program files/microchip/xc32/v2.40/bin/bin/../../lib/gcc/pic32c/6.2.1/../../../../pic32c/lib\libc_nano.a(lib_a-stdio.o)
 .debug_abbrev  0x00007fd8      0x1d5 c:/program files/microchip/xc32/v2.40/bin/bin/../../lib/gcc/pic32c/6.2.1/../../../../pic32c/lib\libc_nano.a(lib_a-wcrtomb.o)
 .debug_abbrev  0x000081ad      0x1ce c:/program files/microchip/xc32/v2.40/bin/bin/../../lib/gcc/pic32c/6.2.1/../../../../pic32c/lib\libc_nano.a(lib_a-wctomb_r.o)
 .debug_abbrev  0x0000837b      0x198 c:/program files/microchip/xc32/v2.40/bin/bin/../../lib/gcc/pic32c/6.2.1/../../../../pic32c/lib\libc_nano.a(lib_a-writer.o)
 .debug_abbrev  0x00008513      0x193 c:/program files/microchip/xc32/v2.40/bin/bin/../../lib/gcc/pic32c/6.2.1/../../../../pic32c/lib\libc_nano.a(lib_a-closer.o)
 .debug_abbrev  0x000086a6      0x131 c:/program files/microchip/xc32/v2.40/bin/bin/../../lib/gcc/pic32c/6.2.1/../../../../pic32c/lib\libc_nano.a(lib_a-ctype_.o)
 .debug_abbrev  0x000087d7      0x193 c:/program files/microchip/xc32/v2.40/bin/bin/../../lib/gcc/pic32c/6.2.1/../../../../pic32c/lib\libc_nano.a(lib_a-fstatr.o)
 .debug_abbrev  0x0000896a      0x193 c:/program files/microchip/xc32/v2.40/bin/bin/../../lib/gcc/pic32c/6.2.1/../../../../pic32c/lib\libc_nano.a(lib_a-isattyr.o)
 .debug_abbrev  0x00008afd      0x193 c:/program files/microchip/xc32/v2.40/bin/bin/../../lib/gcc/pic32c/6.2.1/../../../../pic32c/lib\libc_nano.a(lib_a-lseekr.o)
 .debug_abbrev  0x00008c90      0x165 c:/program files/microchip/xc32/v2.40/bin/bin/../../lib/gcc/pic32c/6.2.1/../../../../pic32c/lib\libc_nano.a(lib_a-mlock.o)
 .debug_abbrev  0x00008df5      0x193 c:/program files/microchip/xc32/v2.40/bin/bin/../../lib/gcc/pic32c/6.2.1/../../../../pic32c/lib\libc_nano.a(lib_a-readr.o)
 .debug_abbrev  0x00008f88      0x1ea c:/program files/microchip/xc32/v2.40/bin/bin/../../lib/gcc/pic32c/6.2.1/../../../../pic32c/lib\libc_nano.a(lib_a-reent.o)
 .debug_abbrev  0x00009172       0x2a c:/program files/microchip/xc32/v2.40/bin/bin/../../lib/gcc/pic32c/6.2.1/../../../../pic32c/lib\libpic32c.a(_close.o)
 .debug_abbrev  0x0000919c       0x2a c:/program files/microchip/xc32/v2.40/bin/bin/../../lib/gcc/pic32c/6.2.1/../../../../pic32c/lib\libpic32c.a(_fstat.o)
 .debug_abbrev  0x000091c6       0x2a c:/program files/microchip/xc32/v2.40/bin/bin/../../lib/gcc/pic32c/6.2.1/../../../../pic32c/lib\libpic32c.a(_isatty.o)
 .debug_abbrev  0x000091f0       0x2a c:/program files/microchip/xc32/v2.40/bin/bin/../../lib/gcc/pic32c/6.2.1/../../../../pic32c/lib\libpic32c.a(_lseek.o)
 .debug_abbrev  0x0000921a       0x2a c:/program files/microchip/xc32/v2.40/bin/bin/../../lib/gcc/pic32c/6.2.1/../../../../pic32c/lib\libpic32c.a(_read.o)
 .debug_abbrev  0x00009244       0x2a c:/program files/microchip/xc32/v2.40/bin/bin/../../lib/gcc/pic32c/6.2.1/../../../../pic32c/lib\libpic32c.a(sbrk.o)
 .debug_abbrev  0x0000926e       0x2a c:/program files/microchip/xc32/v2.40/bin/bin/../../lib/gcc/pic32c/6.2.1/../../../../pic32c/lib\libpic32c.a(_write.o)
 .debug_abbrev  0x00009298       0x2a c:/program files/microchip/xc32/v2.40/bin/bin/../../lib/gcc/pic32c/6.2.1/../../../../pic32c/lib\libpic32c.a(close.o)
 .debug_abbrev  0x000092c2       0x2a c:/program files/microchip/xc32/v2.40/bin/bin/../../lib/gcc/pic32c/6.2.1/../../../../pic32c/lib\libpic32c.a(fstat.o)
 .debug_abbrev  0x000092ec       0x2a c:/program files/microchip/xc32/v2.40/bin/bin/../../lib/gcc/pic32c/6.2.1/../../../../pic32c/lib\libpic32c.a(isatty.o)
 .debug_abbrev  0x00009316       0x2a c:/program files/microchip/xc32/v2.40/bin/bin/../../lib/gcc/pic32c/6.2.1/../../../../pic32c/lib\libpic32c.a(lseek.o)

.debug_loc      0x00000000     0xbd69
 .debug_loc     0x00000000       0x20 build/sam_c21n_xpro/production/_ext/1360937237/appiot.o
 .debug_loc     0x00000020       0xa1 build/sam_c21n_xpro/production/_ext/1360937237/moden.o
 .debug_loc     0x000000c1      0xdd7 build/sam_c21n_xpro/production/_ext/1360937237/canapp.o
 .debug_loc     0x00000e98      0x157 build/sam_c21n_xpro/production/_ext/1360937237/appuart.o
 .debug_loc     0x00000fef       0x20 build/sam_c21n_xpro/production/_ext/1360937237/apptimer.o
 .debug_loc     0x0000100f      0x198 build/sam_c21n_xpro/production/_ext/1360937237/app_uart_debug.o
 .debug_loc     0x000011a7      0x75f build/sam_c21n_xpro/production/_ext/1936826263/drv_at24.o
 .debug_loc     0x00001906      0xf89 build/sam_c21n_xpro/production/_ext/1274584173/drv_usart.o
 .debug_loc     0x0000288f     0x14de build/sam_c21n_xpro/production/_ext/1019481632/emulated_eeprom.o
 .debug_loc     0x00003d6d      0x10a build/sam_c21n_xpro/production/_ext/1617700295/plib_adc0.o
 .debug_loc     0x00003e77      0xb3f build/sam_c21n_xpro/production/_ext/1617702135/plib_can0.o
 .debug_loc     0x000049b6       0x3f build/sam_c21n_xpro/production/_ext/166077579/plib_clock.o
 .debug_loc     0x000049f5       0xe1 build/sam_c21n_xpro/production/_ext/1617704294/plib_eic.o
 .debug_loc     0x00004ad6      0x14f build/sam_c21n_xpro/production/_ext/1390493541/plib_nvic.o
 .debug_loc     0x00004c25      0x53c build/sam_c21n_xpro/production/_ext/770299191/plib_nvmctrl.o
 .debug_loc     0x00005161      0x1ee build/sam_c21n_xpro/production/_ext/1390440390/plib_port.o
 .debug_loc     0x0000534f      0x938 build/sam_c21n_xpro/production/_ext/1451668420/plib_sercom2_i2c_master.o
 .debug_loc     0x00005c87      0xadb build/sam_c21n_xpro/production/_ext/1993392304/plib_sercom1_usart.o
 .debug_loc     0x00006762      0xadb build/sam_c21n_xpro/production/_ext/1993392304/plib_sercom0_usart.o
 .debug_loc     0x0000723d      0x3aa build/sam_c21n_xpro/production/_ext/1004774289/plib_systick.o
 .debug_loc     0x000075e7       0x21 build/sam_c21n_xpro/production/_ext/1617721454/plib_wdt.o
 .debug_loc     0x00007608       0x42 build/sam_c21n_xpro/production/_ext/730014449/xc32_monitor.o
 .debug_loc     0x0000764a      0x15b build/sam_c21n_xpro/production/_ext/855761890/sys_int.o
 .debug_loc     0x000077a5       0x41 build/sam_c21n_xpro/production/_ext/1758384875/initialization.o
 .debug_loc     0x000077e6       0x20 build/sam_c21n_xpro/production/_ext/1758384875/startup_xc32.o
 .debug_loc     0x00007806       0xc1 build/sam_c21n_xpro/production/_ext/1360937237/main.o
 .debug_loc     0x000078c7       0x14 build/sam_c21n_xpro/production/_ext/1360937237/app.o
 .debug_loc     0x000078db       0x14 c:/program files/microchip/xc32/v2.40/bin/bin/../../lib/gcc/pic32c/6.2.1/../../../../pic32c/lib\libpic32c.a(data_init.o)
 .debug_loc     0x000078ef      0x164 c:/program files/microchip/xc32/v2.40/bin/bin/../../lib/gcc/pic32c/6.2.1\libgcc.a(_muldi3.o)
 .debug_loc     0x00007a53      0x29d c:/program files/microchip/xc32/v2.40/bin/bin/../../lib/gcc/pic32c/6.2.1\libgcc.a(_udivmoddi4.o)
 .debug_loc     0x00007cf0      0x6a6 c:/program files/microchip/xc32/v2.40/bin/bin/../../lib/gcc/pic32c/6.2.1\libgcc.a(divsf3.o)
 .debug_loc     0x00008396      0x150 c:/program files/microchip/xc32/v2.40/bin/bin/../../lib/gcc/pic32c/6.2.1\libgcc.a(floatunsisf.o)
 .debug_loc     0x000084e6       0x72 c:/program files/microchip/xc32/v2.40/bin/bin/../../lib/gcc/pic32c/6.2.1/../../../../pic32c/lib\libc_nano.a(lib_a-init.o)
 .debug_loc     0x00008558      0x158 c:/program files/microchip/xc32/v2.40/bin/bin/../../lib/gcc/pic32c/6.2.1/../../../../pic32c/lib\libc_nano.a(lib_a-memcmp.o)
 .debug_loc     0x000086b0       0xde c:/program files/microchip/xc32/v2.40/bin/bin/../../lib/gcc/pic32c/6.2.1/../../../../pic32c/lib\libc_nano.a(lib_a-memcpy-stub.o)
 .debug_loc     0x0000878e       0x72 c:/program files/microchip/xc32/v2.40/bin/bin/../../lib/gcc/pic32c/6.2.1/../../../../pic32c/lib\libc_nano.a(lib_a-memset.o)
 .debug_loc     0x00008800       0x73 c:/program files/microchip/xc32/v2.40/bin/bin/../../lib/gcc/pic32c/6.2.1/../../../../pic32c/lib\libc_nano.a(_lib_a-sprintf.cdnopuxX.o)
 .debug_loc     0x00008873       0xab c:/program files/microchip/xc32/v2.40/bin/bin/../../lib/gcc/pic32c/6.2.1/../../../../pic32c/lib\libc_nano.a(lib_a-strcat.o)
 .debug_loc     0x0000891e       0x96 c:/program files/microchip/xc32/v2.40/bin/bin/../../lib/gcc/pic32c/6.2.1/../../../../pic32c/lib\libc_nano.a(lib_a-strstr.o)
 .debug_loc     0x000089b4      0x996 c:/program files/microchip/xc32/v2.40/bin/bin/../../lib/gcc/pic32c/6.2.1/../../../../pic32c/lib\libc_nano.a(_lib_a-nano-vfprintf.cdnopuxX.o)
 .debug_loc     0x0000934a      0x66f c:/program files/microchip/xc32/v2.40/bin/bin/../../lib/gcc/pic32c/6.2.1/../../../../pic32c/lib\libc_nano.a(lib_a-nano-vfprintf_i.o)
 .debug_loc     0x000099b9      0x1da c:/program files/microchip/xc32/v2.40/bin/bin/../../lib/gcc/pic32c/6.2.1/../../../../pic32c/lib\libc_nano.a(lib_a-__ssfputs.o)
 .debug_loc     0x00009b93      0x194 c:/program files/microchip/xc32/v2.40/bin/bin/../../lib/gcc/pic32c/6.2.1/../../../../pic32c/lib\libc_nano.a(lib_a-wbuf.o)
 .debug_loc     0x00009d27       0x9e c:/program files/microchip/xc32/v2.40/bin/bin/../../lib/gcc/pic32c/6.2.1/../../../../pic32c/lib\libc_nano.a(lib_a-wsetup.o)
 .debug_loc     0x00009dc5      0x30b c:/program files/microchip/xc32/v2.40/bin/bin/../../lib/gcc/pic32c/6.2.1/../../../../pic32c/lib\libc_nano.a(lib_a-fflush.o)
 .debug_loc     0x0000a0d0      0x2b8 c:/program files/microchip/xc32/v2.40/bin/bin/../../lib/gcc/pic32c/6.2.1/../../../../pic32c/lib\libc_nano.a(lib_a-findfp.o)
 .debug_loc     0x0000a388      0x2ac c:/program files/microchip/xc32/v2.40/bin/bin/../../lib/gcc/pic32c/6.2.1/../../../../pic32c/lib\libc_nano.a(lib_a-fputwc.o)
 .debug_loc     0x0000a634      0x1d9 c:/program files/microchip/xc32/v2.40/bin/bin/../../lib/gcc/pic32c/6.2.1/../../../../pic32c/lib\libc_nano.a(lib_a-fwalk.o)
 .debug_loc     0x0000a80d      0x174 c:/program files/microchip/xc32/v2.40/bin/bin/../../lib/gcc/pic32c/6.2.1/../../../../pic32c/lib\libc_nano.a(lib_a-locale.o)
 .debug_loc     0x0000a981      0x260 c:/program files/microchip/xc32/v2.40/bin/bin/../../lib/gcc/pic32c/6.2.1/../../../../pic32c/lib\libc_nano.a(lib_a-makebuf.o)
 .debug_loc     0x0000abe1      0x19a c:/program files/microchip/xc32/v2.40/bin/bin/../../lib/gcc/pic32c/6.2.1/../../../../pic32c/lib\libc_nano.a(lib_a-mbtowc_r.o)
 .debug_loc     0x0000ad7b       0xb4 c:/program files/microchip/xc32/v2.40/bin/bin/../../lib/gcc/pic32c/6.2.1/../../../../pic32c/lib\libc_nano.a(lib_a-memchr-stub.o)
 .debug_loc     0x0000ae2f      0x108 c:/program files/microchip/xc32/v2.40/bin/bin/../../lib/gcc/pic32c/6.2.1/../../../../pic32c/lib\libc_nano.a(lib_a-nano-freer.o)
 .debug_loc     0x0000af37      0x242 c:/program files/microchip/xc32/v2.40/bin/bin/../../lib/gcc/pic32c/6.2.1/../../../../pic32c/lib\libc_nano.a(lib_a-nano-mallocr.o)
 .debug_loc     0x0000b179       0x6d c:/program files/microchip/xc32/v2.40/bin/bin/../../lib/gcc/pic32c/6.2.1/../../../../pic32c/lib\libc_nano.a(lib_a-sbrkr.o)
 .debug_loc     0x0000b1e6      0x382 c:/program files/microchip/xc32/v2.40/bin/bin/../../lib/gcc/pic32c/6.2.1/../../../../pic32c/lib\libc_nano.a(lib_a-stdio.o)
 .debug_loc     0x0000b568      0x1cb c:/program files/microchip/xc32/v2.40/bin/bin/../../lib/gcc/pic32c/6.2.1/../../../../pic32c/lib\libc_nano.a(lib_a-wcrtomb.o)
 .debug_loc     0x0000b733       0xf1 c:/program files/microchip/xc32/v2.40/bin/bin/../../lib/gcc/pic32c/6.2.1/../../../../pic32c/lib\libc_nano.a(lib_a-wctomb_r.o)
 .debug_loc     0x0000b824       0xc5 c:/program files/microchip/xc32/v2.40/bin/bin/../../lib/gcc/pic32c/6.2.1/../../../../pic32c/lib\libc_nano.a(lib_a-writer.o)
 .debug_loc     0x0000b8e9       0x6d c:/program files/microchip/xc32/v2.40/bin/bin/../../lib/gcc/pic32c/6.2.1/../../../../pic32c/lib\libc_nano.a(lib_a-closer.o)
 .debug_loc     0x0000b956       0x99 c:/program files/microchip/xc32/v2.40/bin/bin/../../lib/gcc/pic32c/6.2.1/../../../../pic32c/lib\libc_nano.a(lib_a-fstatr.o)
 .debug_loc     0x0000b9ef       0x6d c:/program files/microchip/xc32/v2.40/bin/bin/../../lib/gcc/pic32c/6.2.1/../../../../pic32c/lib\libc_nano.a(lib_a-isattyr.o)
 .debug_loc     0x0000ba5c       0xc5 c:/program files/microchip/xc32/v2.40/bin/bin/../../lib/gcc/pic32c/6.2.1/../../../../pic32c/lib\libc_nano.a(lib_a-lseekr.o)
 .debug_loc     0x0000bb21       0xc5 c:/program files/microchip/xc32/v2.40/bin/bin/../../lib/gcc/pic32c/6.2.1/../../../../pic32c/lib\libc_nano.a(lib_a-readr.o)
 .debug_loc     0x0000bbe6      0x10b c:/program files/microchip/xc32/v2.40/bin/bin/../../lib/gcc/pic32c/6.2.1/../../../../pic32c/lib\libc_nano.a(lib_a-reent.o)
 .debug_loc     0x0000bcf1       0x14 c:/program files/microchip/xc32/v2.40/bin/bin/../../lib/gcc/pic32c/6.2.1/../../../../pic32c/lib\libpic32c.a(_close.o)
 .debug_loc     0x0000bd05       0x14 c:/program files/microchip/xc32/v2.40/bin/bin/../../lib/gcc/pic32c/6.2.1/../../../../pic32c/lib\libpic32c.a(_fstat.o)
 .debug_loc     0x0000bd19       0x14 c:/program files/microchip/xc32/v2.40/bin/bin/../../lib/gcc/pic32c/6.2.1/../../../../pic32c/lib\libpic32c.a(_isatty.o)
 .debug_loc     0x0000bd2d       0x14 c:/program files/microchip/xc32/v2.40/bin/bin/../../lib/gcc/pic32c/6.2.1/../../../../pic32c/lib\libpic32c.a(_lseek.o)
 .debug_loc     0x0000bd41       0x14 c:/program files/microchip/xc32/v2.40/bin/bin/../../lib/gcc/pic32c/6.2.1/../../../../pic32c/lib\libpic32c.a(_read.o)
 .debug_loc     0x0000bd55       0x14 c:/program files/microchip/xc32/v2.40/bin/bin/../../lib/gcc/pic32c/6.2.1/../../../../pic32c/lib\libpic32c.a(_write.o)

.debug_aranges  0x00000000     0x1448
 .debug_aranges
                0x00000000       0x68 build/sam_c21n_xpro/production/_ext/1360937237/appiot.o
 .debug_aranges
                0x00000068       0x58 build/sam_c21n_xpro/production/_ext/1360937237/moden.o
 .debug_aranges
                0x000000c0      0x140 build/sam_c21n_xpro/production/_ext/1360937237/canapp.o
 .debug_aranges
                0x00000200       0x30 build/sam_c21n_xpro/production/_ext/1360937237/appuart.o
 .debug_aranges
                0x00000230       0x60 build/sam_c21n_xpro/production/_ext/1360937237/appemueeprom.o
 .debug_aranges
                0x00000290       0x40 build/sam_c21n_xpro/production/_ext/1360937237/apptimer.o
 .debug_aranges
                0x000002d0       0x38 build/sam_c21n_xpro/production/_ext/1360937237/app_uart_debug.o
 .debug_aranges
                0x00000308       0x80 build/sam_c21n_xpro/production/_ext/1936826263/drv_at24.o
 .debug_aranges
                0x00000388       0x70 build/sam_c21n_xpro/production/_ext/1274584173/drv_usart.o
 .debug_aranges
                0x000003f8       0x98 build/sam_c21n_xpro/production/_ext/1019481632/emulated_eeprom.o
 .debug_aranges
                0x00000490       0x80 build/sam_c21n_xpro/production/_ext/1617700295/plib_adc0.o
 .debug_aranges
                0x00000510       0xb0 build/sam_c21n_xpro/production/_ext/1617702135/plib_can0.o
 .debug_aranges
                0x000005c0       0x20 build/sam_c21n_xpro/production/_ext/166077579/plib_clock.o
 .debug_aranges
                0x000005e0       0x40 build/sam_c21n_xpro/production/_ext/1617704294/plib_eic.o
 .debug_aranges
                0x00000620       0x20 build/sam_c21n_xpro/production/_ext/163928093/plib_evsys.o
 .debug_aranges
                0x00000640       0x38 build/sam_c21n_xpro/production/_ext/1390493541/plib_nvic.o
 .debug_aranges
                0x00000678       0xa0 build/sam_c21n_xpro/production/_ext/770299191/plib_nvmctrl.o
 .debug_aranges
                0x00000718       0x70 build/sam_c21n_xpro/production/_ext/1390440390/plib_port.o
 .debug_aranges
                0x00000788       0x70 build/sam_c21n_xpro/production/_ext/1451668420/plib_sercom2_i2c_master.o
 .debug_aranges
                0x000007f8       0xc0 build/sam_c21n_xpro/production/_ext/1993392304/plib_sercom1_usart.o
 .debug_aranges
                0x000008b8       0xc0 build/sam_c21n_xpro/production/_ext/1993392304/plib_sercom0_usart.o
 .debug_aranges
                0x00000978       0x98 build/sam_c21n_xpro/production/_ext/1004774289/plib_systick.o
 .debug_aranges
                0x00000a10       0x68 build/sam_c21n_xpro/production/_ext/1617721454/plib_wdt.o
 .debug_aranges
                0x00000a78       0x28 build/sam_c21n_xpro/production/_ext/730014449/xc32_monitor.o
 .debug_aranges
                0x00000aa0       0x40 build/sam_c21n_xpro/production/_ext/855761890/sys_int.o
 .debug_aranges
                0x00000ae0       0x20 build/sam_c21n_xpro/production/_ext/1758384875/initialization.o
 .debug_aranges
                0x00000b00       0x20 build/sam_c21n_xpro/production/_ext/1758384875/interrupts.o
 .debug_aranges
                0x00000b20       0x28 build/sam_c21n_xpro/production/_ext/1758384875/exceptions.o
 .debug_aranges
                0x00000b48       0x28 build/sam_c21n_xpro/production/_ext/1758384875/startup_xc32.o
 .debug_aranges
                0x00000b70       0x40 build/sam_c21n_xpro/production/_ext/1360937237/main.o
 .debug_aranges
                0x00000bb0       0x28 build/sam_c21n_xpro/production/_ext/1360937237/app.o
 .debug_aranges
                0x00000bd8       0x20 c:/program files/microchip/xc32/v2.40/bin/bin/../../lib/gcc/pic32c/6.2.1/../../../../pic32c/lib\libpic32c.a(data_init.o)
 .debug_aranges
                0x00000bf8       0x20 c:/program files/microchip/xc32/v2.40/bin/bin/../../lib/gcc/pic32c/6.2.1\libgcc.a(_udivsi3.o)
 .debug_aranges
                0x00000c18       0x20 c:/program files/microchip/xc32/v2.40/bin/bin/../../lib/gcc/pic32c/6.2.1\libgcc.a(_dvmd_tls.o)
 .debug_aranges
                0x00000c38       0x20 c:/program files/microchip/xc32/v2.40/bin/bin/../../lib/gcc/pic32c/6.2.1\libgcc.a(_aeabi_uldivmod.o)
 .debug_aranges
                0x00000c58       0x20 c:/program files/microchip/xc32/v2.40/bin/bin/../../lib/gcc/pic32c/6.2.1\libgcc.a(_muldi3.o)
 .debug_aranges
                0x00000c78       0x20 c:/program files/microchip/xc32/v2.40/bin/bin/../../lib/gcc/pic32c/6.2.1\libgcc.a(_udivmoddi4.o)
 .debug_aranges
                0x00000c98       0x20 c:/program files/microchip/xc32/v2.40/bin/bin/../../lib/gcc/pic32c/6.2.1\libgcc.a(divsf3.o)
 .debug_aranges
                0x00000cb8       0x20 c:/program files/microchip/xc32/v2.40/bin/bin/../../lib/gcc/pic32c/6.2.1\libgcc.a(floatunsisf.o)
 .debug_aranges
                0x00000cd8       0x20 c:/program files/microchip/xc32/v2.40/bin/bin/../../lib/gcc/pic32c/6.2.1\libgcc.a(_thumb1_case_uqi.o)
 .debug_aranges
                0x00000cf8       0x20 c:/program files/microchip/xc32/v2.40/bin/bin/../../lib/gcc/pic32c/6.2.1\libgcc.a(_lshrdi3.o)
 .debug_aranges
                0x00000d18       0x20 c:/program files/microchip/xc32/v2.40/bin/bin/../../lib/gcc/pic32c/6.2.1\libgcc.a(_ashldi3.o)
 .debug_aranges
                0x00000d38       0x20 c:/program files/microchip/xc32/v2.40/bin/bin/../../lib/gcc/pic32c/6.2.1\libgcc.a(_clzsi2.o)
 .debug_aranges
                0x00000d58       0x20 c:/program files/microchip/xc32/v2.40/bin/bin/../../lib/gcc/pic32c/6.2.1\libgcc.a(_clzdi2.o)
 .debug_aranges
                0x00000d78       0x20 c:/program files/microchip/xc32/v2.40/bin/bin/../../lib/gcc/pic32c/6.2.1/../../../../pic32c/lib\libc_nano.a(lib_a-init.o)
 .debug_aranges
                0x00000d98       0x20 c:/program files/microchip/xc32/v2.40/bin/bin/../../lib/gcc/pic32c/6.2.1/../../../../pic32c/lib\libc_nano.a(lib_a-memcmp.o)
 .debug_aranges
                0x00000db8       0x20 c:/program files/microchip/xc32/v2.40/bin/bin/../../lib/gcc/pic32c/6.2.1/../../../../pic32c/lib\libc_nano.a(lib_a-memcpy-stub.o)
 .debug_aranges
                0x00000dd8       0x20 c:/program files/microchip/xc32/v2.40/bin/bin/../../lib/gcc/pic32c/6.2.1/../../../../pic32c/lib\libc_nano.a(lib_a-memset.o)
 .debug_aranges
                0x00000df8       0x20 c:/program files/microchip/xc32/v2.40/bin/bin/../../lib/gcc/pic32c/6.2.1/../../../../pic32c/lib\libc_nano.a(_lib_a-sprintf.cdnopuxX.o)
 .debug_aranges
                0x00000e18       0x20 c:/program files/microchip/xc32/v2.40/bin/bin/../../lib/gcc/pic32c/6.2.1/../../../../pic32c/lib\libc_nano.a(lib_a-strcat.o)
 .debug_aranges
                0x00000e38       0x20 c:/program files/microchip/xc32/v2.40/bin/bin/../../lib/gcc/pic32c/6.2.1/../../../../pic32c/lib\libc_nano.a(lib_a-strlen.o)
 .debug_aranges
                0x00000e58       0x20 c:/program files/microchip/xc32/v2.40/bin/bin/../../lib/gcc/pic32c/6.2.1/../../../../pic32c/lib\libc_nano.a(lib_a-strstr.o)
 .debug_aranges
                0x00000e78       0x30 c:/program files/microchip/xc32/v2.40/bin/bin/../../lib/gcc/pic32c/6.2.1/../../../../pic32c/lib\libc_nano.a(_lib_a-nano-vfprintf.cdnopuxX.o)
 .debug_aranges
                0x00000ea8       0x28 c:/program files/microchip/xc32/v2.40/bin/bin/../../lib/gcc/pic32c/6.2.1/../../../../pic32c/lib\libc_nano.a(lib_a-nano-vfprintf_i.o)
 .debug_aranges
                0x00000ed0       0x28 c:/program files/microchip/xc32/v2.40/bin/bin/../../lib/gcc/pic32c/6.2.1/../../../../pic32c/lib\libc_nano.a(lib_a-__ssfputs.o)
 .debug_aranges
                0x00000ef8       0x28 c:/program files/microchip/xc32/v2.40/bin/bin/../../lib/gcc/pic32c/6.2.1/../../../../pic32c/lib\libc_nano.a(lib_a-wbuf.o)
 .debug_aranges
                0x00000f20       0x20 c:/program files/microchip/xc32/v2.40/bin/bin/../../lib/gcc/pic32c/6.2.1/../../../../pic32c/lib\libc_nano.a(lib_a-wsetup.o)
 .debug_aranges
                0x00000f40       0x30 c:/program files/microchip/xc32/v2.40/bin/bin/../../lib/gcc/pic32c/6.2.1/../../../../pic32c/lib\libc_nano.a(lib_a-fflush.o)
 .debug_aranges
                0x00000f70       0x48 c:/program files/microchip/xc32/v2.40/bin/bin/../../lib/gcc/pic32c/6.2.1/../../../../pic32c/lib\libc_nano.a(lib_a-findfp.o)
 .debug_aranges
                0x00000fb8       0x30 c:/program files/microchip/xc32/v2.40/bin/bin/../../lib/gcc/pic32c/6.2.1/../../../../pic32c/lib\libc_nano.a(lib_a-fputwc.o)
 .debug_aranges
                0x00000fe8       0x28 c:/program files/microchip/xc32/v2.40/bin/bin/../../lib/gcc/pic32c/6.2.1/../../../../pic32c/lib\libc_nano.a(lib_a-fwalk.o)
 .debug_aranges
                0x00001010       0x18 c:/program files/microchip/xc32/v2.40/bin/bin/../../lib/gcc/pic32c/6.2.1/../../../../pic32c/lib\libc_nano.a(lib_a-impure.o)
 .debug_aranges
                0x00001028       0x40 c:/program files/microchip/xc32/v2.40/bin/bin/../../lib/gcc/pic32c/6.2.1/../../../../pic32c/lib\libc_nano.a(lib_a-locale.o)
 .debug_aranges
                0x00001068       0x28 c:/program files/microchip/xc32/v2.40/bin/bin/../../lib/gcc/pic32c/6.2.1/../../../../pic32c/lib\libc_nano.a(lib_a-makebuf.o)
 .debug_aranges
                0x00001090       0x28 c:/program files/microchip/xc32/v2.40/bin/bin/../../lib/gcc/pic32c/6.2.1/../../../../pic32c/lib\libc_nano.a(lib_a-mbtowc_r.o)
 .debug_aranges
                0x000010b8       0x20 c:/program files/microchip/xc32/v2.40/bin/bin/../../lib/gcc/pic32c/6.2.1/../../../../pic32c/lib\libc_nano.a(lib_a-memchr-stub.o)
 .debug_aranges
                0x000010d8       0x20 c:/program files/microchip/xc32/v2.40/bin/bin/../../lib/gcc/pic32c/6.2.1/../../../../pic32c/lib\libc_nano.a(lib_a-nano-freer.o)
 .debug_aranges
                0x000010f8       0x20 c:/program files/microchip/xc32/v2.40/bin/bin/../../lib/gcc/pic32c/6.2.1/../../../../pic32c/lib\libc_nano.a(lib_a-nano-mallocr.o)
 .debug_aranges
                0x00001118       0x20 c:/program files/microchip/xc32/v2.40/bin/bin/../../lib/gcc/pic32c/6.2.1/../../../../pic32c/lib\libc_nano.a(lib_a-sbrkr.o)
 .debug_aranges
                0x00001138       0x40 c:/program files/microchip/xc32/v2.40/bin/bin/../../lib/gcc/pic32c/6.2.1/../../../../pic32c/lib\libc_nano.a(lib_a-stdio.o)
 .debug_aranges
                0x00001178       0x28 c:/program files/microchip/xc32/v2.40/bin/bin/../../lib/gcc/pic32c/6.2.1/../../../../pic32c/lib\libc_nano.a(lib_a-wcrtomb.o)
 .debug_aranges
                0x000011a0       0x28 c:/program files/microchip/xc32/v2.40/bin/bin/../../lib/gcc/pic32c/6.2.1/../../../../pic32c/lib\libc_nano.a(lib_a-wctomb_r.o)
 .debug_aranges
                0x000011c8       0x20 c:/program files/microchip/xc32/v2.40/bin/bin/../../lib/gcc/pic32c/6.2.1/../../../../pic32c/lib\libc_nano.a(lib_a-writer.o)
 .debug_aranges
                0x000011e8       0x20 c:/program files/microchip/xc32/v2.40/bin/bin/../../lib/gcc/pic32c/6.2.1/../../../../pic32c/lib\libc_nano.a(lib_a-closer.o)
 .debug_aranges
                0x00001208       0x18 c:/program files/microchip/xc32/v2.40/bin/bin/../../lib/gcc/pic32c/6.2.1/../../../../pic32c/lib\libc_nano.a(lib_a-ctype_.o)
 .debug_aranges
                0x00001220       0x20 c:/program files/microchip/xc32/v2.40/bin/bin/../../lib/gcc/pic32c/6.2.1/../../../../pic32c/lib\libc_nano.a(lib_a-fstatr.o)
 .debug_aranges
                0x00001240       0x20 c:/program files/microchip/xc32/v2.40/bin/bin/../../lib/gcc/pic32c/6.2.1/../../../../pic32c/lib\libc_nano.a(lib_a-isattyr.o)
 .debug_aranges
                0x00001260       0x20 c:/program files/microchip/xc32/v2.40/bin/bin/../../lib/gcc/pic32c/6.2.1/../../../../pic32c/lib\libc_nano.a(lib_a-lseekr.o)
 .debug_aranges
                0x00001280       0x20 c:/program files/microchip/xc32/v2.40/bin/bin/../../lib/gcc/pic32c/6.2.1/../../../../pic32c/lib\libc_nano.a(lib_a-mlock.o)
 .debug_aranges
                0x000012a0       0x20 c:/program files/microchip/xc32/v2.40/bin/bin/../../lib/gcc/pic32c/6.2.1/../../../../pic32c/lib\libc_nano.a(lib_a-readr.o)
 .debug_aranges
                0x000012c0       0x28 c:/program files/microchip/xc32/v2.40/bin/bin/../../lib/gcc/pic32c/6.2.1/../../../../pic32c/lib\libc_nano.a(lib_a-reent.o)
 .debug_aranges
                0x000012e8       0x20 c:/program files/microchip/xc32/v2.40/bin/bin/../../lib/gcc/pic32c/6.2.1/../../../../pic32c/lib\libpic32c.a(_close.o)
 .debug_aranges
                0x00001308       0x20 c:/program files/microchip/xc32/v2.40/bin/bin/../../lib/gcc/pic32c/6.2.1/../../../../pic32c/lib\libpic32c.a(_fstat.o)
 .debug_aranges
                0x00001328       0x20 c:/program files/microchip/xc32/v2.40/bin/bin/../../lib/gcc/pic32c/6.2.1/../../../../pic32c/lib\libpic32c.a(_isatty.o)
 .debug_aranges
                0x00001348       0x20 c:/program files/microchip/xc32/v2.40/bin/bin/../../lib/gcc/pic32c/6.2.1/../../../../pic32c/lib\libpic32c.a(_lseek.o)
 .debug_aranges
                0x00001368       0x20 c:/program files/microchip/xc32/v2.40/bin/bin/../../lib/gcc/pic32c/6.2.1/../../../../pic32c/lib\libpic32c.a(_read.o)
 .debug_aranges
                0x00001388       0x20 c:/program files/microchip/xc32/v2.40/bin/bin/../../lib/gcc/pic32c/6.2.1/../../../../pic32c/lib\libpic32c.a(sbrk.o)
 .debug_aranges
                0x000013a8       0x20 c:/program files/microchip/xc32/v2.40/bin/bin/../../lib/gcc/pic32c/6.2.1/../../../../pic32c/lib\libpic32c.a(_write.o)
 .debug_aranges
                0x000013c8       0x20 c:/program files/microchip/xc32/v2.40/bin/bin/../../lib/gcc/pic32c/6.2.1/../../../../pic32c/lib\libpic32c.a(close.o)
 .debug_aranges
                0x000013e8       0x20 c:/program files/microchip/xc32/v2.40/bin/bin/../../lib/gcc/pic32c/6.2.1/../../../../pic32c/lib\libpic32c.a(fstat.o)
 .debug_aranges
                0x00001408       0x20 c:/program files/microchip/xc32/v2.40/bin/bin/../../lib/gcc/pic32c/6.2.1/../../../../pic32c/lib\libpic32c.a(isatty.o)
 .debug_aranges
                0x00001428       0x20 c:/program files/microchip/xc32/v2.40/bin/bin/../../lib/gcc/pic32c/6.2.1/../../../../pic32c/lib\libpic32c.a(lseek.o)

.debug_ranges   0x00000000     0x1698
 .debug_ranges  0x00000000       0x58 build/sam_c21n_xpro/production/_ext/1360937237/appiot.o
 .debug_ranges  0x00000058       0x48 build/sam_c21n_xpro/production/_ext/1360937237/moden.o
 .debug_ranges  0x000000a0      0x130 build/sam_c21n_xpro/production/_ext/1360937237/canapp.o
 .debug_ranges  0x000001d0       0x20 build/sam_c21n_xpro/production/_ext/1360937237/appuart.o
 .debug_ranges  0x000001f0       0x50 build/sam_c21n_xpro/production/_ext/1360937237/appemueeprom.o
 .debug_ranges  0x00000240       0x30 build/sam_c21n_xpro/production/_ext/1360937237/apptimer.o
 .debug_ranges  0x00000270       0x28 build/sam_c21n_xpro/production/_ext/1360937237/app_uart_debug.o
 .debug_ranges  0x00000298       0x88 build/sam_c21n_xpro/production/_ext/1936826263/drv_at24.o
 .debug_ranges  0x00000320      0x130 build/sam_c21n_xpro/production/_ext/1274584173/drv_usart.o
 .debug_ranges  0x00000450      0x2a0 build/sam_c21n_xpro/production/_ext/1019481632/emulated_eeprom.o
 .debug_ranges  0x000006f0       0x70 build/sam_c21n_xpro/production/_ext/1617700295/plib_adc0.o
 .debug_ranges  0x00000760       0xf0 build/sam_c21n_xpro/production/_ext/1617702135/plib_can0.o
 .debug_ranges  0x00000850       0x10 build/sam_c21n_xpro/production/_ext/166077579/plib_clock.o
 .debug_ranges  0x00000860       0x30 build/sam_c21n_xpro/production/_ext/1617704294/plib_eic.o
 .debug_ranges  0x00000890       0x10 build/sam_c21n_xpro/production/_ext/163928093/plib_evsys.o
 .debug_ranges  0x000008a0       0x28 build/sam_c21n_xpro/production/_ext/1390493541/plib_nvic.o
 .debug_ranges  0x000008c8       0x90 build/sam_c21n_xpro/production/_ext/770299191/plib_nvmctrl.o
 .debug_ranges  0x00000958       0x60 build/sam_c21n_xpro/production/_ext/1390440390/plib_port.o
 .debug_ranges  0x000009b8       0xe8 build/sam_c21n_xpro/production/_ext/1451668420/plib_sercom2_i2c_master.o
 .debug_ranges  0x00000aa0      0x1b0 build/sam_c21n_xpro/production/_ext/1993392304/plib_sercom1_usart.o
 .debug_ranges  0x00000c50      0x1b0 build/sam_c21n_xpro/production/_ext/1993392304/plib_sercom0_usart.o
 .debug_ranges  0x00000e00       0x88 build/sam_c21n_xpro/production/_ext/1004774289/plib_systick.o
 .debug_ranges  0x00000e88       0x58 build/sam_c21n_xpro/production/_ext/1617721454/plib_wdt.o
 .debug_ranges  0x00000ee0       0x18 build/sam_c21n_xpro/production/_ext/730014449/xc32_monitor.o
 .debug_ranges  0x00000ef8       0x30 build/sam_c21n_xpro/production/_ext/855761890/sys_int.o
 .debug_ranges  0x00000f28       0x10 build/sam_c21n_xpro/production/_ext/1758384875/initialization.o
 .debug_ranges  0x00000f38       0x10 build/sam_c21n_xpro/production/_ext/1758384875/interrupts.o
 .debug_ranges  0x00000f48       0x18 build/sam_c21n_xpro/production/_ext/1758384875/exceptions.o
 .debug_ranges  0x00000f60       0x18 build/sam_c21n_xpro/production/_ext/1758384875/startup_xc32.o
 .debug_ranges  0x00000f78       0x30 build/sam_c21n_xpro/production/_ext/1360937237/main.o
 .debug_ranges  0x00000fa8       0x18 build/sam_c21n_xpro/production/_ext/1360937237/app.o
 .debug_ranges  0x00000fc0       0x10 c:/program files/microchip/xc32/v2.40/bin/bin/../../lib/gcc/pic32c/6.2.1/../../../../pic32c/lib\libpic32c.a(data_init.o)
 .debug_ranges  0x00000fd0       0x28 c:/program files/microchip/xc32/v2.40/bin/bin/../../lib/gcc/pic32c/6.2.1\libgcc.a(_muldi3.o)
 .debug_ranges  0x00000ff8       0x50 c:/program files/microchip/xc32/v2.40/bin/bin/../../lib/gcc/pic32c/6.2.1\libgcc.a(divsf3.o)
 .debug_ranges  0x00001048       0x38 c:/program files/microchip/xc32/v2.40/bin/bin/../../lib/gcc/pic32c/6.2.1\libgcc.a(floatunsisf.o)
 .debug_ranges  0x00001080       0x10 c:/program files/microchip/xc32/v2.40/bin/bin/../../lib/gcc/pic32c/6.2.1/../../../../pic32c/lib\libc_nano.a(lib_a-init.o)
 .debug_ranges  0x00001090       0x10 c:/program files/microchip/xc32/v2.40/bin/bin/../../lib/gcc/pic32c/6.2.1/../../../../pic32c/lib\libc_nano.a(lib_a-memcmp.o)
 .debug_ranges  0x000010a0       0x10 c:/program files/microchip/xc32/v2.40/bin/bin/../../lib/gcc/pic32c/6.2.1/../../../../pic32c/lib\libc_nano.a(lib_a-memcpy-stub.o)
 .debug_ranges  0x000010b0       0x10 c:/program files/microchip/xc32/v2.40/bin/bin/../../lib/gcc/pic32c/6.2.1/../../../../pic32c/lib\libc_nano.a(lib_a-memset.o)
 .debug_ranges  0x000010c0       0x10 c:/program files/microchip/xc32/v2.40/bin/bin/../../lib/gcc/pic32c/6.2.1/../../../../pic32c/lib\libc_nano.a(_lib_a-sprintf.cdnopuxX.o)
 .debug_ranges  0x000010d0       0x10 c:/program files/microchip/xc32/v2.40/bin/bin/../../lib/gcc/pic32c/6.2.1/../../../../pic32c/lib\libc_nano.a(lib_a-strcat.o)
 .debug_ranges  0x000010e0       0x28 c:/program files/microchip/xc32/v2.40/bin/bin/../../lib/gcc/pic32c/6.2.1/../../../../pic32c/lib\libc_nano.a(lib_a-strstr.o)
 .debug_ranges  0x00001108       0x60 c:/program files/microchip/xc32/v2.40/bin/bin/../../lib/gcc/pic32c/6.2.1/../../../../pic32c/lib\libc_nano.a(_lib_a-nano-vfprintf.cdnopuxX.o)
 .debug_ranges  0x00001168       0x90 c:/program files/microchip/xc32/v2.40/bin/bin/../../lib/gcc/pic32c/6.2.1/../../../../pic32c/lib\libc_nano.a(lib_a-nano-vfprintf_i.o)
 .debug_ranges  0x000011f8       0x30 c:/program files/microchip/xc32/v2.40/bin/bin/../../lib/gcc/pic32c/6.2.1/../../../../pic32c/lib\libc_nano.a(lib_a-__ssfputs.o)
 .debug_ranges  0x00001228       0x30 c:/program files/microchip/xc32/v2.40/bin/bin/../../lib/gcc/pic32c/6.2.1/../../../../pic32c/lib\libc_nano.a(lib_a-wbuf.o)
 .debug_ranges  0x00001258       0x38 c:/program files/microchip/xc32/v2.40/bin/bin/../../lib/gcc/pic32c/6.2.1/../../../../pic32c/lib\libc_nano.a(lib_a-wsetup.o)
 .debug_ranges  0x00001290       0x68 c:/program files/microchip/xc32/v2.40/bin/bin/../../lib/gcc/pic32c/6.2.1/../../../../pic32c/lib\libc_nano.a(lib_a-fflush.o)
 .debug_ranges  0x000012f8       0x38 c:/program files/microchip/xc32/v2.40/bin/bin/../../lib/gcc/pic32c/6.2.1/../../../../pic32c/lib\libc_nano.a(lib_a-findfp.o)
 .debug_ranges  0x00001330       0x50 c:/program files/microchip/xc32/v2.40/bin/bin/../../lib/gcc/pic32c/6.2.1/../../../../pic32c/lib\libc_nano.a(lib_a-fputwc.o)
 .debug_ranges  0x00001380       0x18 c:/program files/microchip/xc32/v2.40/bin/bin/../../lib/gcc/pic32c/6.2.1/../../../../pic32c/lib\libc_nano.a(lib_a-fwalk.o)
 .debug_ranges  0x00001398       0x30 c:/program files/microchip/xc32/v2.40/bin/bin/../../lib/gcc/pic32c/6.2.1/../../../../pic32c/lib\libc_nano.a(lib_a-locale.o)
 .debug_ranges  0x000013c8       0x30 c:/program files/microchip/xc32/v2.40/bin/bin/../../lib/gcc/pic32c/6.2.1/../../../../pic32c/lib\libc_nano.a(lib_a-makebuf.o)
 .debug_ranges  0x000013f8       0x18 c:/program files/microchip/xc32/v2.40/bin/bin/../../lib/gcc/pic32c/6.2.1/../../../../pic32c/lib\libc_nano.a(lib_a-mbtowc_r.o)
 .debug_ranges  0x00001410       0x10 c:/program files/microchip/xc32/v2.40/bin/bin/../../lib/gcc/pic32c/6.2.1/../../../../pic32c/lib\libc_nano.a(lib_a-memchr-stub.o)
 .debug_ranges  0x00001420       0x28 c:/program files/microchip/xc32/v2.40/bin/bin/../../lib/gcc/pic32c/6.2.1/../../../../pic32c/lib\libc_nano.a(lib_a-nano-freer.o)
 .debug_ranges  0x00001448       0x60 c:/program files/microchip/xc32/v2.40/bin/bin/../../lib/gcc/pic32c/6.2.1/../../../../pic32c/lib\libc_nano.a(lib_a-nano-mallocr.o)
 .debug_ranges  0x000014a8       0x10 c:/program files/microchip/xc32/v2.40/bin/bin/../../lib/gcc/pic32c/6.2.1/../../../../pic32c/lib\libc_nano.a(lib_a-sbrkr.o)
 .debug_ranges  0x000014b8       0x30 c:/program files/microchip/xc32/v2.40/bin/bin/../../lib/gcc/pic32c/6.2.1/../../../../pic32c/lib\libc_nano.a(lib_a-stdio.o)
 .debug_ranges  0x000014e8       0x30 c:/program files/microchip/xc32/v2.40/bin/bin/../../lib/gcc/pic32c/6.2.1/../../../../pic32c/lib\libc_nano.a(lib_a-wcrtomb.o)
 .debug_ranges  0x00001518       0x18 c:/program files/microchip/xc32/v2.40/bin/bin/../../lib/gcc/pic32c/6.2.1/../../../../pic32c/lib\libc_nano.a(lib_a-wctomb_r.o)
 .debug_ranges  0x00001530       0x10 c:/program files/microchip/xc32/v2.40/bin/bin/../../lib/gcc/pic32c/6.2.1/../../../../pic32c/lib\libc_nano.a(lib_a-writer.o)
 .debug_ranges  0x00001540       0x10 c:/program files/microchip/xc32/v2.40/bin/bin/../../lib/gcc/pic32c/6.2.1/../../../../pic32c/lib\libc_nano.a(lib_a-closer.o)
 .debug_ranges  0x00001550       0x10 c:/program files/microchip/xc32/v2.40/bin/bin/../../lib/gcc/pic32c/6.2.1/../../../../pic32c/lib\libc_nano.a(lib_a-fstatr.o)
 .debug_ranges  0x00001560       0x10 c:/program files/microchip/xc32/v2.40/bin/bin/../../lib/gcc/pic32c/6.2.1/../../../../pic32c/lib\libc_nano.a(lib_a-isattyr.o)
 .debug_ranges  0x00001570       0x10 c:/program files/microchip/xc32/v2.40/bin/bin/../../lib/gcc/pic32c/6.2.1/../../../../pic32c/lib\libc_nano.a(lib_a-lseekr.o)
 .debug_ranges  0x00001580       0x10 c:/program files/microchip/xc32/v2.40/bin/bin/../../lib/gcc/pic32c/6.2.1/../../../../pic32c/lib\libc_nano.a(lib_a-mlock.o)
 .debug_ranges  0x00001590       0x10 c:/program files/microchip/xc32/v2.40/bin/bin/../../lib/gcc/pic32c/6.2.1/../../../../pic32c/lib\libc_nano.a(lib_a-readr.o)
 .debug_ranges  0x000015a0       0x48 c:/program files/microchip/xc32/v2.40/bin/bin/../../lib/gcc/pic32c/6.2.1/../../../../pic32c/lib\libc_nano.a(lib_a-reent.o)