Archive member included to satisfy reference by file (symbol)

c:/program files/microchip/xc32/v2.40/bin/bin/../../lib/gcc/pic32c/6.2.1/../../../../pic32c/lib\libpic32c.a(data_init.o)
                              build/sam_c21n_xpro/production/_ext/1758384875/startup_xc32.o (__pic32c_data_initialization)
c:/program files/microchip/xc32/v2.40/bin/bin/../../lib/gcc/pic32c/6.2.1\libgcc.a(_udivsi3.o)
                              build/sam_c21n_xpro/production/_ext/1360937237/canapp.o (__aeabi_uidiv)
c:/program files/microchip/xc32/v2.40/bin/bin/../../lib/gcc/pic32c/6.2.1\libgcc.a(_dvmd_tls.o)
                              c:/program files/microchip/xc32/v2.40/bin/bin/../../lib/gcc/pic32c/6.2.1\libgcc.a(_udivsi3.o) (__aeabi_idiv0)
c:/program files/microchip/xc32/v2.40/bin/bin/../../lib/gcc/pic32c/6.2.1\libgcc.a(_aeabi_uldivmod.o)
                              build/sam_c21n_xpro/production/_ext/1993392304/plib_sercom1_usart.o (__aeabi_uldivmod)
c:/program files/microchip/xc32/v2.40/bin/bin/../../lib/gcc/pic32c/6.2.1\libgcc.a(_muldi3.o)
                              build/sam_c21n_xpro/production/_ext/1993392304/plib_sercom1_usart.o (__aeabi_lmul)
c:/program files/microchip/xc32/v2.40/bin/bin/../../lib/gcc/pic32c/6.2.1\libgcc.a(_fixunssfsi.o)
                              build/sam_c21n_xpro/production/_ext/1451668420/plib_sercom2_i2c_master.o (__aeabi_f2uiz)
c:/program files/microchip/xc32/v2.40/bin/bin/../../lib/gcc/pic32c/6.2.1\libgcc.a(_udivmoddi4.o)
                              c:/program files/microchip/xc32/v2.40/bin/bin/../../lib/gcc/pic32c/6.2.1\libgcc.a(_aeabi_uldivmod.o) (__udivmoddi4)
c:/program files/microchip/xc32/v2.40/bin/bin/../../lib/gcc/pic32c/6.2.1\libgcc.a(addsf3.o)
                              build/sam_c21n_xpro/production/_ext/1451668420/plib_sercom2_i2c_master.o (__aeabi_fadd)
c:/program files/microchip/xc32/v2.40/bin/bin/../../lib/gcc/pic32c/6.2.1\libgcc.a(divsf3.o)
                              build/sam_c21n_xpro/production/_ext/1360937237/canapp.o (__aeabi_fdiv)
c:/program files/microchip/xc32/v2.40/bin/bin/../../lib/gcc/pic32c/6.2.1\libgcc.a(mulsf3.o)
                              build/sam_c21n_xpro/production/_ext/1360937237/canapp.o (__aeabi_fmul)
c:/program files/microchip/xc32/v2.40/bin/bin/../../lib/gcc/pic32c/6.2.1\libgcc.a(subsf3.o)
                              build/sam_c21n_xpro/production/_ext/1360937237/canapp.o (__aeabi_fsub)
c:/program files/microchip/xc32/v2.40/bin/bin/../../lib/gcc/pic32c/6.2.1\libgcc.a(fixsfsi.o)
                              build/sam_c21n_xpro/production/_ext/1360937237/canapp.o (__aeabi_f2iz)
c:/program files/microchip/xc32/v2.40/bin/bin/../../lib/gcc/pic32c/6.2.1\libgcc.a(floatsisf.o)
                              build/sam_c21n_xpro/production/_ext/1360937237/canapp.o (__aeabi_i2f)
c:/program files/microchip/xc32/v2.40/bin/bin/../../lib/gcc/pic32c/6.2.1\libgcc.a(floatunsisf.o)
                              build/sam_c21n_xpro/production/_ext/1360937237/canapp.o (__aeabi_ui2f)
c:/program files/microchip/xc32/v2.40/bin/bin/../../lib/gcc/pic32c/6.2.1\libgcc.a(muldf3.o)
                              build/sam_c21n_xpro/production/_ext/1360937237/canapp.o (__aeabi_dmul)
c:/program files/microchip/xc32/v2.40/bin/bin/../../lib/gcc/pic32c/6.2.1\libgcc.a(floatsidf.o)
                              build/sam_c21n_xpro/production/_ext/1360937237/canapp.o (__aeabi_i2d)
c:/program files/microchip/xc32/v2.40/bin/bin/../../lib/gcc/pic32c/6.2.1\libgcc.a(extendsfdf2.o)
                              build/sam_c21n_xpro/production/_ext/1360937237/canapp.o (__aeabi_f2d)
c:/program files/microchip/xc32/v2.40/bin/bin/../../lib/gcc/pic32c/6.2.1\libgcc.a(truncdfsf2.o)
                              build/sam_c21n_xpro/production/_ext/1360937237/canapp.o (__aeabi_d2f)
c:/program files/microchip/xc32/v2.40/bin/bin/../../lib/gcc/pic32c/6.2.1\libgcc.a(_thumb1_case_uqi.o)
                              c:/program files/microchip/xc32/v2.40/bin/bin/../../lib/gcc/pic32c/6.2.1\libgcc.a(divsf3.o) (__gnu_thumb1_case_uqi)
c:/program files/microchip/xc32/v2.40/bin/bin/../../lib/gcc/pic32c/6.2.1\libgcc.a(_thumb1_case_uhi.o)
                              c:/program files/microchip/xc32/v2.40/bin/bin/../../lib/gcc/pic32c/6.2.1\libgcc.a(muldf3.o) (__gnu_thumb1_case_uhi)
c:/program files/microchip/xc32/v2.40/bin/bin/../../lib/gcc/pic32c/6.2.1\libgcc.a(_lshrdi3.o)
                              c:/program files/microchip/xc32/v2.40/bin/bin/../../lib/gcc/pic32c/6.2.1\libgcc.a(_udivmoddi4.o) (__aeabi_llsr)
c:/program files/microchip/xc32/v2.40/bin/bin/../../lib/gcc/pic32c/6.2.1\libgcc.a(_ashldi3.o)
                              c:/program files/microchip/xc32/v2.40/bin/bin/../../lib/gcc/pic32c/6.2.1\libgcc.a(_udivmoddi4.o) (__aeabi_llsl)
c:/program files/microchip/xc32/v2.40/bin/bin/../../lib/gcc/pic32c/6.2.1\libgcc.a(_arm_cmpsf2.o)
                              c:/program files/microchip/xc32/v2.40/bin/bin/../../lib/gcc/pic32c/6.2.1\libgcc.a(_fixunssfsi.o) (__aeabi_fcmpge)
[...]
Memory Configuration

Name             Origin             Length             Attributes
rom              0x00000000         0x00040000         xrl
ram              0x20000000         0x00008000         xw !r
config_00804000  0x00804000         0x00000004
config_00804004  0x00804004         0x00000004
*default*        0x00000000         0xffffffff

Linker script and memory map

LOAD c:/program files/microchip/xc32/v2.40/bin/bin/../../lib/gcc/pic32c/6.2.1/crti.o
LOAD c:/program files/microchip/xc32/v2.40/bin/bin/../../lib/gcc/pic32c/6.2.1/crtbegin.o
LOAD build/sam_c21n_xpro/production/_ext/1360937237/appiot.o
LOAD build/sam_c21n_xpro/production/_ext/1360937237/moden.o
LOAD build/sam_c21n_xpro/production/_ext/1360937237/canapp.o
LOAD build/sam_c21n_xpro/production/_ext/1360937237/appuart.o
LOAD build/sam_c21n_xpro/production/_ext/1360937237/appemueeprom.o
LOAD build/sam_c21n_xpro/production/_ext/1360937237/apptimer.o
LOAD build/sam_c21n_xpro/production/_ext/1360937237/app_uart_debug.o
LOAD build/sam_c21n_xpro/production/_ext/1936826263/drv_at24.o
LOAD build/sam_c21n_xpro/production/_ext/1274584173/drv_usart.o
LOAD build/sam_c21n_xpro/production/_ext/1019481632/emulated_eeprom.o
LOAD build/sam_c21n_xpro/production/_ext/1617700295/plib_adc0.o
LOAD build/sam_c21n_xpro/production/_ext/1617702135/plib_can0.o
LOAD build/sam_c21n_xpro/production/_ext/166077579/plib_clock.o
LOAD build/sam_c21n_xpro/production/_ext/1617704294/plib_eic.o
LOAD build/sam_c21n_xpro/production/_ext/163928093/plib_evsys.o
LOAD build/sam_c21n_xpro/production/_ext/1390493541/plib_nvic.o
LOAD build/sam_c21n_xpro/production/_ext/770299191/plib_nvmctrl.o
LOAD build/sam_c21n_xpro/production/_ext/1390440390/plib_port.o
LOAD build/sam_c21n_xpro/production/_ext/1451668420/plib_sercom2_i2c_master.o
LOAD build/sam_c21n_xpro/production/_ext/1993392304/plib_sercom1_usart.o
LOAD build/sam_c21n_xpro/production/_ext/1993392304/plib_sercom0_usart.o
LOAD build/sam_c21n_xpro/production/_ext/1004774289/plib_systick.o
LOAD build/sam_c21n_xpro/production/_ext/1617721454/plib_wdt.o
LOAD build/sam_c21n_xpro/production/_ext/730014449/xc32_monitor.o
LOAD build/sam_c21n_xpro/production/_ext/855761890/sys_int.o
LOAD build/sam_c21n_xpro/production/_ext/1758384875/initialization.o
LOAD build/sam_c21n_xpro/production/_ext/1758384875/interrupts.o
LOAD build/sam_c21n_xpro/production/_ext/1758384875/exceptions.o
LOAD build/sam_c21n_xpro/production/_ext/1758384875/startup_xc32.o
LOAD build/sam_c21n_xpro/production/_ext/1758384875/libc_syscalls.o
LOAD build/sam_c21n_xpro/production/_ext/1758384875/tasks.o
LOAD build/sam_c21n_xpro/production/_ext/1360937237/main.o
LOAD build/sam_c21n_xpro/production/_ext/1360937237/app.o
                0x00000001                __MPLAB_BUILD = 0x1
                0x00040000                __rom_end = (ORIGIN (rom) + LENGTH (rom))
                0x20008000                __ram_end = (ORIGIN (ram) + LENGTH (ram))

.config_00804000
                0x00804000        0x4
 *(.config_00804000)
 .config_00804000
                0x00804000        0x4 build/sam_c21n_xpro/production/_ext/1758384875/initialization.o

.config_00804004
                0x00804004        0x4
 *(.config_00804004)
 .config_00804004
                0x00804004        0x4 build/sam_c21n_xpro/production/_ext/1758384875/initialization.o

.vectors        0x00000000       0xbc
                0x00000000                . = ALIGN (0x4)
                0x00000000                _sfixed = .
 *(.vectors .vectors.* .vectors_default .vectors_default.*)
 .vectors       0x00000000       0xbc build/sam_c21n_xpro/production/_ext/1758384875/interrupts.o
                0x00000000                exception_table
 *(.isr_vector)
 *(.reset*)
 *(.after_vectors)

.text           0x000000bc       0x20
                0x000000bc                . = ALIGN (0x4)
 *(.glue_7t)
 .glue_7t       0x000000bc        0x0 linker stubs
 *(.glue_7)
 .glue_7        0x000000bc        0x0 linker stubs
 *(.gnu.linkonce.r.*)
 *(.ARM.extab* .gnu.linkonce.armextab.*)
                0x000000bc                . = ALIGN (0x4)
 *(.init)
 .init          0x000000bc        0x4 c:/program files/microchip/xc32/v2.40/bin/bin/../../lib/gcc/pic32c/6.2.1/crti.o
                0x000000bc                _init
 .init          0x000000c0        0x8 c:/program files/microchip/xc32/v2.40/bin/bin/../../lib/gcc/pic32c/6.2.1/crtn.o
                0x000000c8                . = ALIGN (0x4)
                0x000000c8                __preinit_array_start = .
 *(.preinit_array)
                0x000000c8                __preinit_array_end = .
                0x000000c8                . = ALIGN (0x4)
                0x000000c8                __init_array_start = .
 *(SORT(.init_array.*))
 *(.init_array)
 .init_array    0x000000c8        0x4 c:/program files/microchip/xc32/v2.40/bin/bin/../../lib/gcc/pic32c/6.2.1/crtbegin.o
                0x000000cc                __init_array_end = .
                0x000000cc                . = ALIGN (0x4)
 *crtbegin.o(.ctors)
 *(EXCLUDE_FILE(*crtend.o) .ctors)
 *(SORT(.ctors.*))
 *crtend.o(.ctors)
                0x000000cc                . = ALIGN (0x4)
 *(.fini)
 .fini          0x000000cc        0x4 c:/program files/microchip/xc32/v2.40/bin/bin/../../lib/gcc/pic32c/6.2.1/crti.o
                0x000000cc                _fini
 .fini          0x000000d0        0x8 c:/program files/microchip/xc32/v2.40/bin/bin/../../lib/gcc/pic32c/6.2.1/crtn.o
                0x000000d8                . = ALIGN (0x4)
                0x000000d8                __fini_array_start = .
 *(.fini_array)
 .fini_array    0x000000d8        0x4 c:/program files/microchip/xc32/v2.40/bin/bin/../../lib/gcc/pic32c/6.2.1/crtbegin.o
 *(SORT(.fini_array.*))
                0x000000dc                __fini_array_end = .
 *crtbegin.o(.dtors)
 *(EXCLUDE_FILE(*crtend.o) .dtors)
 *(SORT(.dtors.*))
 *crtend.o(.dtors)
                0x000000dc                . = ALIGN (0x4)
                0x000000dc                _efixed = .
                [!provide]                PROVIDE (__exidx_start, .)

.ARM.exidx      0x000000dc        0x8
 *(.ARM.exidx* .gnu.linkonce.armexidx.*)
 .ARM.exidx     0x000000dc        0x8 c:/program files/microchip/xc32/v2.40/bin/bin/../../lib/gcc/pic32c/6.2.1\libgcc.a(_udivmoddi4.o)
                [!provide]                PROVIDE (__exidx_end, .)
                0x000000e4                . = ALIGN (0x4)
                0x000000e4                _etext = .

.bss            0x20000000      0xc0c
                0x20000000                . = ALIGN (0x4)
                0x20000000                __bss_start__ = .
                0x20000000                _sbss = .
                0x20000000                _szero = .
 *(COMMON)
 COMMON         0x20000000       0x34 build/sam_c21n_xpro/production/_ext/1360937237/appiot.o
                0x20000000                mqtttime
                0x20000004                _iotdata
                0x20000008                mcahineData
                0x2000000c                _iotram
                0x20000024                _iottimer
 COMMON         0x20000034      0x331 build/sam_c21n_xpro/production/_ext/1360937237/moden.o
                0x20000034                _moden
                0x20000364                _moden_cmd_data
 *fill*         0x20000365       0x1b 
 COMMON         0x20000380      0x3ec build/sam_c21n_xpro/production/_ext/1360937237/canapp.o
                0x20000380                rx_message
                0x20000388                appCAN
                0x200003a0                Can0MessageRAM
                0x20000584                message
                0x2000058c                CAN_ECU_Data_1
                0x200005cc                ecu_init
                0x200005dc                rx0_buf
                0x200006a4                _canrx0buffer
 COMMON         0x2000076c      0x480 build/sam_c21n_xpro/production/_ext/1360937237/appuart.o
                0x2000076c                buffer
                0x200008ec                rxBuffer
                0x20000a6c                platformrxbuffer
 COMMON         0x20000bec        0x5 build/sam_c21n_xpro/production/_ext/1360937237/apptimer.o
                0x20000bec                timermqttupload
                0x20000bf0                _timer
 *fill*         0x20000bf1        0x3 
 COMMON         0x20000bf4       0x10 build/sam_c21n_xpro/production/_ext/1758384875/initialization.o
                0x20000bf4                sysObj
 COMMON         0x20000c04        0x1 build/sam_c21n_xpro/production/_ext/1360937237/app.o
                0x20000c04                appData
 *fill*         0x20000c05        0x3 
 COMMON         0x20000c08        0x4 c:/program files/microchip/xc32/v2.40/bin/bin/../../lib/gcc/pic32c/6.2.1/../../../../pic32c/lib\libc_nano.a(lib_a-reent.o)
                0x20000c08                errno
                0x20000c0c                . = ALIGN (0x4)
                0x20000c0c                __bss_end__ = .
                0x20000c0c                _ebss = .
                0x20000c0c                _ezero = .
                0x20000c0c                . = ALIGN (0x4)
                0x20000c0c                _end = .
                0x20007fff                _ram_end_ = ((ORIGIN (ram) + LENGTH (ram)) - 0x1)
                0x00000400                _min_heap_size = 0x400
START GROUP
LOAD c:/program files/microchip/xc32/v2.40/bin/bin/../../lib/gcc/pic32c/6.2.1/../../../../pic32c/lib\libpic32c.a
LOAD c:/program files/microchip/xc32/v2.40/bin/bin/../../lib/gcc/pic32c/6.2.1\libgcc.a
LOAD c:/program files/microchip/xc32/v2.40/bin/bin/../../lib/gcc/pic32c/6.2.1/../../../../pic32c/lib\libm_nano.a
LOAD c:/program files/microchip/xc32/v2.40/bin/bin/../../lib/gcc/pic32c/6.2.1/../../../../pic32c/lib\libc_nano.a
END GROUP
LOAD c:/program files/microchip/xc32/v2.40/bin/bin/../../lib/gcc/pic32c/6.2.1/crtend.o
LOAD c:/program files/microchip/xc32/v2.40/bin/bin/../../lib/gcc/pic32c/6.2.1/crtn.o
OUTPUT(dist/sam_c21n_xpro/production/sam_c21n_xpro.X.production.elf elf32-littlearm)
LOAD stack
LOAD data_init

.ARM.attributes
                0x00000000       0x28
 .ARM.attributes
                0x00000000       0x1e c:/program files/microchip/xc32/v2.40/bin/bin/../../lib/gcc/pic32c/6.2.1/crti.o
 .ARM.attributes
                0x0000001e       0x2c c:/program files/microchip/xc32/v2.40/bin/bin/../../lib/gcc/pic32c/6.2.1/crtbegin.o
 .ARM.attributes
                0x0000004a       0x32 build/sam_c21n_xpro/production/_ext/1360937237/appiot.o
 .ARM.attributes
                0x0000007c       0x32 build/sam_c21n_xpro/production/_ext/1360937237/moden.o
 .ARM.attributes
                0x000000ae       0x32 build/sam_c21n_xpro/production/_ext/1360937237/canapp.o
 .ARM.attributes
                0x000000e0       0x32 build/sam_c21n_xpro/production/_ext/1360937237/appuart.o
 .ARM.attributes
                0x00000112       0x32 build/sam_c21n_xpro/production/_ext/1360937237/appemueeprom.o
 .ARM.attributes
                0x00000144       0x32 build/sam_c21n_xpro/production/_ext/1360937237/apptimer.o
 .ARM.attributes
                0x00000176       0x32 build/sam_c21n_xpro/production/_ext/1360937237/app_uart_debug.o
 .ARM.attributes
                0x000001a8       0x32 build/sam_c21n_xpro/production/_ext/1936826263/drv_at24.o
 .ARM.attributes
                0x000001da       0x32 build/sam_c21n_xpro/production/_ext/1274584173/drv_usart.o
 .ARM.attributes
                0x0000020c       0x32 build/sam_c21n_xpro/production/_ext/1019481632/emulated_eeprom.o
 .ARM.attributes
                0x0000023e       0x32 build/sam_c21n_xpro/production/_ext/1617700295/plib_adc0.o
 .ARM.attributes
                0x00000270       0x32 build/sam_c21n_xpro/production/_ext/1617702135/plib_can0.o
 .ARM.attributes
                0x000002a2       0x32 build/sam_c21n_xpro/production/_ext/166077579/plib_clock.o
 .ARM.attributes
                0x000002d4       0x32 build/sam_c21n_xpro/production/_ext/1617704294/plib_eic.o
 .ARM.attributes
                0x00000306       0x32 build/sam_c21n_xpro/production/_ext/163928093/plib_evsys.o
 .ARM.attributes
                0x00000338       0x32 build/sam_c21n_xpro/production/_ext/1390493541/plib_nvic.o
 .ARM.attributes
                0x0000036a       0x32 build/sam_c21n_xpro/production/_ext/770299191/plib_nvmctrl.o
 .ARM.attributes
                0x0000039c       0x32 build/sam_c21n_xpro/production/_ext/1390440390/plib_port.o
 .ARM.attributes
                0x000003ce       0x32 build/sam_c21n_xpro/production/_ext/1451668420/plib_sercom2_i2c_master.o
 .ARM.attributes
                0x00000400       0x32 build/sam_c21n_xpro/production/_ext/1993392304/plib_sercom1_usart.o
 .ARM.attributes
                0x00000432       0x32 build/sam_c21n_xpro/production/_ext/1993392304/plib_sercom0_usart.o
 .ARM.attributes
                0x00000464       0x32 build/sam_c21n_xpro/production/_ext/1004774289/plib_systick.o
 .ARM.attributes
                0x00000496       0x32 build/sam_c21n_xpro/production/_ext/1617721454/plib_wdt.o
 .ARM.attributes
                0x000004c8       0x32 build/sam_c21n_xpro/production/_ext/730014449/xc32_monitor.o
 .ARM.attributes
                0x000004fa       0x32 build/sam_c21n_xpro/production/_ext/855761890/sys_int.o
 .ARM.attributes
                0x0000052c       0x32 build/sam_c21n_xpro/production/_ext/1758384875/initialization.o
 .ARM.attributes
                0x0000055e       0x32 build/sam_c21n_xpro/production/_ext/1758384875/interrupts.o
 .ARM.attributes
                0x00000590       0x32 build/sam_c21n_xpro/production/_ext/1758384875/exceptions.o
 .ARM.attributes
                0x000005c2       0x32 build/sam_c21n_xpro/production/_ext/1758384875/startup_xc32.o
 .ARM.attributes
                0x000005f4       0x32 build/sam_c21n_xpro/production/_ext/1360937237/main.o
 .ARM.attributes
                0x00000626       0x32 build/sam_c21n_xpro/production/_ext/1360937237/app.o
 .ARM.attributes
                0x00000658       0x2c c:/program files/microchip/xc32/v2.40/bin/bin/../../lib/gcc/pic32c/6.2.1/../../../../pic32c/lib\libpic32c.a(data_init.o)
 .ARM.attributes
                0x00000684       0x1e c:/program files/microchip/xc32/v2.40/bin/bin/../../lib/gcc/pic32c/6.2.1\libgcc.a(_udivsi3.o)
 .ARM.attributes
                0x000006a2       0x1e c:/program files/microchip/xc32/v2.40/bin/bin/../../lib/gcc/pic32c/6.2.1\libgcc.a(_dvmd_tls.o)
 .ARM.attributes
                0x000006c0       0x1e c:/program files/microchip/xc32/v2.40/bin/bin/../../lib/gcc/pic32c/6.2.1\libgcc.a(_aeabi_uldivmod.o)
 .ARM.attributes
                0x000006de       0x2c c:/program files/microchip/xc32/v2.40/bin/bin/../../lib/gcc/pic32c/6.2.1\libgcc.a(_muldi3.o)
 .ARM.attributes
                0x0000070a       0x2c c:/program files/microchip/xc32/v2.40/bin/bin/../../lib/gcc/pic32c/6.2.1\libgcc.a(_udivmoddi4.o)
 .ARM.attributes
                0x00000736       0x1e c:/program files/microchip/xc32/v2.40/bin/bin/../../lib/gcc/pic32c/6.2.1\libgcc.a(_lshrdi3.o)
 .ARM.attributes
                0x00000754       0x1e c:/program files/microchip/xc32/v2.40/bin/bin/../../lib/gcc/pic32c/6.2.1\libgcc.a(_ashldi3.o)
 .ARM.attributes
                0x00000772       0x1e c:/program files/microchip/xc32/v2.40/bin/bin/../../lib/gcc/pic32c/6.2.1\libgcc.a(_clzsi2.o)
 .ARM.attributes
                0x00000790       0x1e c:/program files/microchip/xc32/v2.40/bin/bin/../../lib/gcc/pic32c/6.2.1\libgcc.a(_clzdi2.o)
 .ARM.attributes
                0x000007ae       0x2c c:/program files/microchip/xc32/v2.40/bin/bin/../../lib/gcc/pic32c/6.2.1/../../../../pic32c/lib\libc_nano.a(lib_a-atoi.o)
 .ARM.attributes
                0x000007da       0x2c c:/program files/microchip/xc32/v2.40/bin/bin/../../lib/gcc/pic32c/6.2.1/../../../../pic32c/lib\libc_nano.a(lib_a-init.o)
 .ARM.attributes
                0x00000806       0x2c c:/program files/microchip/xc32/v2.40/bin/bin/../../lib/gcc/pic32c/6.2.1/../../../../pic32c/lib\libc_nano.a(lib_a-memcmp.o)
 .ARM.attributes
                0x00000832       0x2c c:/program files/microchip/xc32/v2.40/bin/bin/../../lib/gcc/pic32c/6.2.1/../../../../pic32c/lib\libc_nano.a(lib_a-memcpy-stub.o)
 .ARM.attributes
                0x0000085e       0x2c c:/program files/microchip/xc32/v2.40/bin/bin/../../lib/gcc/pic32c/6.2.1/../../../../pic32c/lib\libc_nano.a(lib_a-memset.o)
 .ARM.attributes
                0x0000088a       0x2c c:/program files/microchip/xc32/v2.40/bin/bin/../../lib/gcc/pic32c/6.2.1/../../../../pic32c/lib\libc_nano.a(_lib_a-sprintf.cdnopuxX.o)
 .ARM.attributes
                0x000008b6       0x2c c:/program files/microchip/xc32/v2.40/bin/bin/../../lib/gcc/pic32c/6.2.1/../../../../pic32c/lib\libc_nano.a(lib_a-strcat.o)
 .ARM.attributes
                0x000008e2       0x1c c:/program files/microchip/xc32/v2.40/bin/bin/../../lib/gcc/pic32c/6.2.1/../../../../pic32c/lib\libc_nano.a(lib_a-strlen.o)
 .ARM.attributes
                0x000008fe       0x2c c:/program files/microchip/xc32/v2.40/bin/bin/../../lib/gcc/pic32c/6.2.1/../../../../pic32c/lib\libc_nano.a(lib_a-strstr.o)
 .ARM.attributes
                0x0000092a       0x2c c:/program files/microchip/xc32/v2.40/bin/bin/../../lib/gcc/pic32c/6.2.1/../../../../pic32c/lib\libc_nano.a(lib_a-strtol.o)
 .ARM.attributes
                0x00000956       0x2c c:/program files/microchip/xc32/v2.40/bin/bin/../../lib/gcc/pic32c/6.2.1/../../../../pic32c/lib\libc_nano.a(lib_a-impure.o)
 .ARM.attributes
                0x00000982       0x2c c:/program files/microchip/xc32/v2.40/bin/bin/../../lib/gcc/pic32c/6.2.1/../../../../pic32c/lib\libc_nano.a(lib_a-locale.o)
 .ARM.attributes
                0x000009ae       0x2c c:/program files/microchip/xc32/v2.40/bin/bin/../../lib/gcc/pic32c/6.2.1/../../../../pic32c/lib\libc_nano.a(lib_a-mbtowc_r.o)
 .ARM.attributes
                0x000009da       0x2c c:/program files/microchip/xc32/v2.40/bin/bin/../../lib/gcc/pic32c/6.2.1/../../../../pic32c/lib\libc_nano.a(_lib_a-nano-vfprintf.cdnopuxX.o)
 .ARM.attributes
                0x00000a06       0x2c c:/program files/microchip/xc32/v2.40/bin/bin/../../lib/gcc/pic32c/6.2.1/../../../../pic32c/lib\libc_nano.a(lib_a-nano-vfprintf_i.o)
 .ARM.attributes
                0x00000a32       0x2c c:/program files/microchip/xc32/v2.40/bin/bin/../../lib/gcc/pic32c/6.2.1/../../../../pic32c/lib\libc_nano.a(lib_a-__ssfputs.o)
 .ARM.attributes
                0x00000a5e       0x2c c:/program files/microchip/xc32/v2.40/bin/bin/../../lib/gcc/pic32c/6.2.1/../../../../pic32c/lib\libc_nano.a(lib_a-wbuf.o)
 .ARM.attributes
                0x00000a8a       0x2c c:/program files/microchip/xc32/v2.40/bin/bin/../../lib/gcc/pic32c/6.2.1/../../../../pic32c/lib\libc_nano.a(lib_a-wctomb_r.o)
 .ARM.attributes
                0x00000ab6       0x2c c:/program files/microchip/xc32/v2.40/bin/bin/../../lib/gcc/pic32c/6.2.1/../../../../pic32c/lib\libc_nano.a(lib_a-wsetup.o)
 .ARM.attributes
                0x00000ae2       0x2c c:/program files/microchip/xc32/v2.40/bin/bin/../../lib/gcc/pic32c/6.2.1/../../../../pic32c/lib\libc_nano.a(lib_a-ctype_.o)
 .ARM.attributes
                0x00000b0e       0x2c c:/program files/microchip/xc32/v2.40/bin/bin/../../lib/gcc/pic32c/6.2.1/../../../../pic32c/lib\libc_nano.a(lib_a-fflush.o)
 .ARM.attributes
                0x00000b3a       0x2c c:/program files/microchip/xc32/v2.40/bin/bin/../../lib/gcc/pic32c/6.2.1/../../../../pic32c/lib\libc_nano.a(lib_a-findfp.o)
 .ARM.attributes
                0x00000b66       0x2c c:/program files/microchip/xc32/v2.40/bin/bin/../../lib/gcc/pic32c/6.2.1/../../../../pic32c/lib\libc_nano.a(lib_a-fputwc.o)
 .ARM.attributes
                0x00000b92       0x2c c:/program files/microchip/xc32/v2.40/bin/bin/../../lib/gcc/pic32c/6.2.1/../../../../pic32c/lib\libc_nano.a(lib_a-fwalk.o)
 .ARM.attributes
                0x00000bbe       0x2c c:/program files/microchip/xc32/v2.40/bin/bin/../../lib/gcc/pic32c/6.2.1/../../../../pic32c/lib\libc_nano.a(lib_a-makebuf.o)
 .ARM.attributes
                0x00000bea       0x2c c:/program files/microchip/xc32/v2.40/bin/bin/../../lib/gcc/pic32c/6.2.1/../../../../pic32c/lib\libc_nano.a(lib_a-memchr-stub.o)
 .ARM.attributes
                0x00000c16       0x2c c:/program files/microchip/xc32/v2.40/bin/bin/../../lib/gcc/pic32c/6.2.1/../../../../pic32c/lib\libc_nano.a(lib_a-nano-freer.o)
 .ARM.attributes
                0x00000c42       0x2c c:/program files/microchip/xc32/v2.40/bin/bin/../../lib/gcc/pic32c/6.2.1/../../../../pic32c/lib\libc_nano.a(lib_a-nano-mallocr.o)
 .ARM.attributes
                0x00000c6e       0x2c c:/program files/microchip/xc32/v2.40/bin/bin/../../lib/gcc/pic32c/6.2.1/../../../../pic32c/lib\libc_nano.a(lib_a-sbrkr.o)
 .ARM.attributes
                0x00000c9a       0x2c c:/program files/microchip/xc32/v2.40/bin/bin/../../lib/gcc/pic32c/6.2.1/../../../../pic32c/lib\libc_nano.a(lib_a-stdio.o)
 .ARM.attributes
                0x00000cc6       0x2c c:/program files/microchip/xc32/v2.40/bin/bin/../../lib/gcc/pic32c/6.2.1/../../../../pic32c/lib\libc_nano.a(lib_a-wcrtomb.o)
 .ARM.attributes
                0x00000cf2       0x2c c:/program files/microchip/xc32/v2.40/bin/bin/../../lib/gcc/pic32c/6.2.1/../../../../pic32c/lib\libc_nano.a(lib_a-writer.o)
 .ARM.attributes
                0x00000d1e       0x2c c:/program files/microchip/xc32/v2.40/bin/bin/../../lib/gcc/pic32c/6.2.1/../../../../pic32c/lib\libc_nano.a(lib_a-closer.o)
 .ARM.attributes
                0x00000d4a       0x2c c:/program files/microchip/xc32/v2.40/bin/bin/../../lib/gcc/pic32c/6.2.1/../../../../pic32c/lib\libc_nano.a(lib_a-fstatr.o)
 .ARM.attributes
                0x00000d76       0x2c c:/program files/microchip/xc32/v2.40/bin/bin/../../lib/gcc/pic32c/6.2.1/../../../../pic32c/lib\libc_nano.a(lib_a-isattyr.o)
 .ARM.attributes
                0x00000da2       0x2c c:/program files/microchip/xc32/v2.40/bin/bin/../../lib/gcc/pic32c/6.2.1/../../../../pic32c/lib\libc_nano.a(lib_a-lseekr.o)
 .ARM.attributes
                0x00000dce       0x2c c:/program files/microchip/xc32/v2.40/bin/bin/../../lib/gcc/pic32c/6.2.1/../../../../pic32c/lib\libc_nano.a(lib_a-mlock.o)
 .ARM.attributes
                0x00000dfa       0x2c c:/program files/microchip/xc32/v2.40/bin/bin/../../lib/gcc/pic32c/6.2.1/../../../../pic32c/lib\libc_nano.a(lib_a-readr.o)
 .ARM.attributes
                0x00000e26       0x2c c:/program files/microchip/xc32/v2.40/bin/bin/../../lib/gcc/pic32c/6.2.1/../../../../pic32c/lib\libc_nano.a(lib_a-reent.o)
 .ARM.attributes
                0x00000e52       0x2c c:/program files/microchip/xc32/v2.40/bin/bin/../../lib/gcc/pic32c/6.2.1/../../../../pic32c/lib\libpic32c.a(_close.o)
 .ARM.attributes
                0x00000e7e       0x2c c:/program files/microchip/xc32/v2.40/bin/bin/../../lib/gcc/pic32c/6.2.1/../../../../pic32c/lib\libpic32c.a(_fstat.o)
 .ARM.attributes
                0x00000eaa       0x2c c:/program files/microchip/xc32/v2.40/bin/bin/../../lib/gcc/pic32c/6.2.1/../../../../pic32c/lib\libpic32c.a(_isatty.o)
 .ARM.attributes
                0x00000ed6       0x2c c:/program files/microchip/xc32/v2.40/bin/bin/../../lib/gcc/pic32c/6.2.1/../../../../pic32c/lib\libpic32c.a(_lseek.o)
 .ARM.attributes
                0x00000f02       0x2c c:/program files/microchip/xc32/v2.40/bin/bin/../../lib/gcc/pic32c/6.2.1/../../../../pic32c/lib\libpic32c.a(_read.o)
 .ARM.attributes
                0x00000f2e       0x2c c:/program files/microchip/xc32/v2.40/bin/bin/../../lib/gcc/pic32c/6.2.1/../../../../pic32c/lib\libpic32c.a(sbrk.o)
 .ARM.attributes
                0x00000f5a       0x2c c:/program files/microchip/xc32/v2.40/bin/bin/../../lib/gcc/pic32c/6.2.1/../../../../pic32c/lib\libpic32c.a(_write.o)
 .ARM.attributes
                0x00000f86       0x2c c:/program files/microchip/xc32/v2.40/bin/bin/../../lib/gcc/pic32c/6.2.1/../../../../pic32c/lib\libpic32c.a(close.o)
 .ARM.attributes
                0x00000fb2       0x2c c:/program files/microchip/xc32/v2.40/bin/bin/../../lib/gcc/pic32c/6.2.1/../../../../pic32c/lib\libpic32c.a(fstat.o)
 .ARM.attributes
                0x00000fde       0x2c c:/program files/microchip/xc32/v2.40/bin/bin/../../lib/gcc/pic32c/6.2.1/../../../../pic32c/lib\libpic32c.a(isatty.o)
 .ARM.attributes
                0x0000100a       0x2c c:/program files/microchip/xc32/v2.40/bin/bin/../../lib/gcc/pic32c/6.2.1/../../../../pic32c/lib\libpic32c.a(lseek.o)
 .ARM.attributes
                0x00001036       0x1e c:/program files/microchip/xc32/v2.40/bin/bin/../../lib/gcc/pic32c/6.2.1/crtn.o

.comment        0x00000000       0x3c
 .comment       0x00000000       0x3c c:/program files/microchip/xc32/v2.40/bin/bin/../../lib/gcc/pic32c/6.2.1/crtbegin.o
                                 0x3d (size before relaxing)
 .comment       0x0000003c       0x3d build/sam_c21n_xpro/production/_ext/1360937237/appiot.o
 .comment       0x0000003c       0x3d build/sam_c21n_xpro/production/_ext/1360937237/moden.o
 .comment       0x0000003c       0x3d build/sam_c21n_xpro/production/_ext/1360937237/canapp.o
 .comment       0x0000003c       0x3d build/sam_c21n_xpro/production/_ext/1360937237/appuart.o
 .comment       0x0000003c       0x3d build/sam_c21n_xpro/production/_ext/1360937237/appemueeprom.o
 .comment       0x0000003c       0x3d build/sam_c21n_xpro/production/_ext/1360937237/apptimer.o
 .comment       0x0000003c       0x3d build/sam_c21n_xpro/production/_ext/1360937237/app_uart_debug.o
 .comment       0x0000003c       0x3d build/sam_c21n_xpro/production/_ext/1936826263/drv_at24.o
 .comment       0x0000003c       0x3d build/sam_c21n_xpro/production/_ext/1274584173/drv_usart.o
 .comment       0x0000003c       0x3d build/sam_c21n_xpro/production/_ext/1019481632/emulated_eeprom.o
 .comment       0x0000003c       0x3d build/sam_c21n_xpro/production/_ext/1617700295/plib_adc0.o
 .comment       0x0000003c       0x3d build/sam_c21n_xpro/production/_ext/1617702135/plib_can0.o
 .comment       0x0000003c       0x3d build/sam_c21n_xpro/production/_ext/166077579/plib_clock.o
 .comment       0x0000003c       0x3d build/sam_c21n_xpro/production/_ext/1617704294/plib_eic.o
 .comment       0x0000003c       0x3d build/sam_c21n_xpro/production/_ext/163928093/plib_evsys.o
 .comment       0x0000003c       0x3d build/sam_c21n_xpro/production/_ext/1390493541/plib_nvic.o
 .comment       0x0000003c       0x3d build/sam_c21n_xpro/production/_ext/770299191/plib_nvmctrl.o
 .comment       0x0000003c       0x3d build/sam_c21n_xpro/production/_ext/1390440390/plib_port.o
 .comment       0x0000003c       0x3d build/sam_c21n_xpro/production/_ext/1451668420/plib_sercom2_i2c_master.o
 .comment       0x0000003c       0x3d build/sam_c21n_xpro/production/_ext/1993392304/plib_sercom1_usart.o
 .comment       0x0000003c       0x3d build/sam_c21n_xpro/production/_ext/1993392304/plib_sercom0_usart.o
 .comment       0x0000003c       0x3d build/sam_c21n_xpro/production/_ext/1004774289/plib_systick.o
 .comment       0x0000003c       0x3d build/sam_c21n_xpro/production/_ext/1617721454/plib_wdt.o
 .comment       0x0000003c       0x3d build/sam_c21n_xpro/production/_ext/730014449/xc32_monitor.o
 .comment       0x0000003c       0x3d build/sam_c21n_xpro/production/_ext/855761890/sys_int.o
 .comment       0x0000003c       0x3d build/sam_c21n_xpro/production/_ext/1758384875/initialization.o
 .comment       0x0000003c       0x3d build/sam_c21n_xpro/production/_ext/1758384875/interrupts.o
 .comment       0x0000003c       0x3d build/sam_c21n_xpro/production/_ext/1758384875/exceptions.o
 .comment       0x0000003c       0x3d build/sam_c21n_xpro/production/_ext/1758384875/startup_xc32.o
 .comment       0x0000003c       0x3d build/sam_c21n_xpro/production/_ext/1360937237/main.o
 .comment       0x0000003c       0x3d build/sam_c21n_xpro/production/_ext/1360937237/app.o
 .comment       0x0000003c       0x3d c:/program files/microchip/xc32/v2.40/bin/bin/../../lib/gcc/pic32c/6.2.1/../../../../pic32c/lib\libpic32c.a(data_init.o)
 .comment       0x0000003c       0x3d c:/program files/microchip/xc32/v2.40/bin/bin/../../lib/gcc/pic32c/6.2.1\libgcc.a(_muldi3.o)
 .comment       0x0000003c       0x3d c:/program files/microchip/xc32/v2.40/bin/bin/../../lib/gcc/pic32c/6.2.1\libgcc.a(_udivmoddi4.o)
 .comment       0x0000003c       0x3d c:/program files/microchip/xc32/v2.40/bin/bin/../../lib/gcc/pic32c/6.2.1/../../../../pic32c/lib\libc_nano.a(lib_a-atoi.o)
 .comment       0x0000003c       0x3d c:/program files/microchip/xc32/v2.40/bin/bin/../../lib/gcc/pic32c/6.2.1/../../../../pic32c/lib\libc_nano.a(lib_a-init.o)
 .comment       0x0000003c       0x3d c:/program files/microchip/xc32/v2.40/bin/bin/../../lib/gcc/pic32c/6.2.1/../../../../pic32c/lib\libc_nano.a(lib_a-memcmp.o)
 .comment       0x0000003c       0x3d c:/program files/microchip/xc32/v2.40/bin/bin/../../lib/gcc/pic32c/6.2.1/../../../../pic32c/lib\libc_nano.a(lib_a-memcpy-stub.o)
 .comment       0x0000003c       0x3d c:/program files/microchip/xc32/v2.40/bin/bin/../../lib/gcc/pic32c/6.2.1/../../../../pic32c/lib\libc_nano.a(lib_a-memset.o)
 .comment       0x0000003c       0x3d c:/program files/microchip/xc32/v2.40/bin/bin/../../lib/gcc/pic32c/6.2.1/../../../../pic32c/lib\libc_nano.a(_lib_a-sprintf.cdnopuxX.o)
 .comment       0x0000003c       0x3d c:/program files/microchip/xc32/v2.40/bin/bin/../../lib/gcc/pic32c/6.2.1/../../../../pic32c/lib\libc_nano.a(lib_a-strcat.o)
 .comment       0x0000003c       0x3d c:/program files/microchip/xc32/v2.40/bin/bin/../../lib/gcc/pic32c/6.2.1/../../../../pic32c/lib\libc_nano.a(lib_a-strstr.o)
 .comment       0x0000003c       0x3d c:/program files/microchip/xc32/v2.40/bin/bin/../../lib/gcc/pic32c/6.2.1/../../../../pic32c/lib\libc_nano.a(lib_a-strtol.o)
 .comment       0x0000003c       0x3d c:/program files/microchip/xc32/v2.40/bin/bin/../../lib/gcc/pic32c/6.2.1/../../../../pic32c/lib\libc_nano.a(lib_a-impure.o)
 .comment       0x0000003c       0x3d c:/program files/microchip/xc32/v2.40/bin/bin/../../lib/gcc/pic32c/6.2.1/../../../../pic32c/lib\libc_nano.a(lib_a-locale.o)
 .comment       0x0000003c       0x3d c:/program files/microchip/xc32/v2.40/bin/bin/../../lib/gcc/pic32c/6.2.1/../../../../pic32c/lib\libc_nano.a(lib_a-mbtowc_r.o)
 .comment       0x0000003c       0x3d c:/program files/microchip/xc32/v2.40/bin/bin/../../lib/gcc/pic32c/6.2.1/../../../../pic32c/lib\libc_nano.a(_lib_a-nano-vfprintf.cdnopuxX.o)
 .comment       0x0000003c       0x3d c:/program files/microchip/xc32/v2.40/bin/bin/../../lib/gcc/pic32c/6.2.1/../../../../pic32c/lib\libc_nano.a(lib_a-nano-vfprintf_i.o)
 .comment       0x0000003c       0x3d c:/program files/microchip/xc32/v2.40/bin/bin/../../lib/gcc/pic32c/6.2.1/../../../../pic32c/lib\libc_nano.a(lib_a-__ssfputs.o)
 .comment       0x0000003c       0x3d c:/program files/microchip/xc32/v2.40/bin/bin/../../lib/gcc/pic32c/6.2.1/../../../../pic32c/lib\libc_nano.a(lib_a-wbuf.o)
 .comment       0x0000003c       0x3d c:/program files/microchip/xc32/v2.40/bin/bin/../../lib/gcc/pic32c/6.2.1/../../../../pic32c/lib\libc_nano.a(lib_a-wctomb_r.o)
 .comment       0x0000003c       0x3d c:/program files/microchip/xc32/v2.40/bin/bin/../../lib/gcc/pic32c/6.2.1/../../../../pic32c/lib\libc_nano.a(lib_a-wsetup.o)
 .comment       0x0000003c       0x3d c:/program files/microchip/xc32/v2.40/bin/bin/../../lib/gcc/pic32c/6.2.1/../../../../pic32c/lib\libc_nano.a(lib_a-ctype_.o)
 .comment       0x0000003c       0x3d c:/program files/microchip/xc32/v2.40/bin/bin/../../lib/gcc/pic32c/6.2.1/../../../../pic32c/lib\libc_nano.a(lib_a-fflush.o)
 .comment       0x0000003c       0x3d c:/program files/microchip/xc32/v2.40/bin/bin/../../lib/gcc/pic32c/6.2.1/../../../../pic32c/lib\libc_nano.a(lib_a-findfp.o)
 .comment       0x0000003c       0x3d c:/program files/microchip/xc32/v2.40/bin/bin/../../lib/gcc/pic32c/6.2.1/../../../../pic32c/lib\libc_nano.a(lib_a-fputwc.o)
 .comment       0x0000003c       0x3d c:/program files/microchip/xc32/v2.40/bin/bin/../../lib/gcc/pic32c/6.2.1/../../../../pic32c/lib\libc_nano.a(lib_a-fwalk.o)
 .comment       0x0000003c       0x3d c:/program files/microchip/xc32/v2.40/bin/bin/../../lib/gcc/pic32c/6.2.1/../../../../pic32c/lib\libc_nano.a(lib_a-makebuf.o)
 .comment       0x0000003c       0x3d c:/program files/microchip/xc32/v2.40/bin/bin/../../lib/gcc/pic32c/6.2.1/../../../../pic32c/lib\libc_nano.a(lib_a-memchr-stub.o)
 .comment       0x0000003c       0x3d c:/program files/microchip/xc32/v2.40/bin/bin/../../lib/gcc/pic32c/6.2.1/../../../../pic32c/lib\libc_nano.a(lib_a-nano-freer.o)
 .comment       0x0000003c       0x3d c:/program files/microchip/xc32/v2.40/bin/bin/../../lib/gcc/pic32c/6.2.1/../../../../pic32c/lib\libc_nano.a(lib_a-nano-mallocr.o)
 .comment       0x0000003c       0x3d c:/program files/microchip/xc32/v2.40/bin/bin/../../lib/gcc/pic32c/6.2.1/../../../../pic32c/lib\libc_nano.a(lib_a-sbrkr.o)
 .comment       0x0000003c       0x3d c:/program files/microchip/xc32/v2.40/bin/bin/../../lib/gcc/pic32c/6.2.1/../../../../pic32c/lib\libc_nano.a(lib_a-stdio.o)
 .comment       0x0000003c       0x3d c:/program files/microchip/xc32/v2.40/bin/bin/../../lib/gcc/pic32c/6.2.1/../../../../pic32c/lib\libc_nano.a(lib_a-wcrtomb.o)
 .comment       0x0000003c       0x3d c:/program files/microchip/xc32/v2.40/bin/bin/../../lib/gcc/pic32c/6.2.1/../../../../pic32c/lib\libc_nano.a(lib_a-writer.o)
 .comment       0x0000003c       0x3d c:/program files/microchip/xc32/v2.40/bin/bin/../../lib/gcc/pic32c/6.2.1/../../../../pic32c/lib\libc_nano.a(lib_a-closer.o)
 .comment       0x0000003c       0x3d c:/program files/microchip/xc32/v2.40/bin/bin/../../lib/gcc/pic32c/6.2.1/../../../../pic32c/lib\libc_nano.a(lib_a-fstatr.o)
 .comment       0x0000003c       0x3d c:/program files/microchip/xc32/v2.40/bin/bin/../../lib/gcc/pic32c/6.2.1/../../../../pic32c/lib\libc_nano.a(lib_a-isattyr.o)
 .comment       0x0000003c       0x3d c:/program files/microchip/xc32/v2.40/bin/bin/../../lib/gcc/pic32c/6.2.1/../../../../pic32c/lib\libc_nano.a(lib_a-lseekr.o)
 .comment       0x0000003c       0x3d c:/program files/microchip/xc32/v2.40/bin/bin/../../lib/gcc/pic32c/6.2.1/../../../../pic32c/lib\libc_nano.a(lib_a-mlock.o)
 .comment       0x0000003c       0x3d c:/program files/microchip/xc32/v2.40/bin/bin/../../lib/gcc/pic32c/6.2.1/../../../../pic32c/lib\libc_nano.a(lib_a-readr.o)
 .comment       0x0000003c       0x3d c:/program files/microchip/xc32/v2.40/bin/bin/../../lib/gcc/pic32c/6.2.1/../../../../pic32c/lib\libc_nano.a(lib_a-reent.o)
 .comment       0x0000003c       0x3d c:/program files/microchip/xc32/v2.40/bin/bin/../../lib/gcc/pic32c/6.2.1/../../../../pic32c/lib\libpic32c.a(_close.o)
 .comment       0x0000003c       0x3d c:/program files/microchip/xc32/v2.40/bin/bin/../../lib/gcc/pic32c/6.2.1/../../../../pic32c/lib\libpic32c.a(_fstat.o)
 .comment       0x0000003c       0x3d c:/program files/microchip/xc32/v2.40/bin/bin/../../lib/gcc/pic32c/6.2.1/../../../../pic32c/lib\libpic32c.a(_isatty.o)
 .comment       0x0000003c       0x3d c:/program files/microchip/xc32/v2.40/bin/bin/../../lib/gcc/pic32c/6.2.1/../../../../pic32c/lib\libpic32c.a(_lseek.o)
 .comment       0x0000003c       0x3d c:/program files/microchip/xc32/v2.40/bin/bin/../../lib/gcc/pic32c/6.2.1/../../../../pic32c/lib\libpic32c.a(_read.o)
 .comment       0x0000003c       0x3d c:/program files/microchip/xc32/v2.40/bin/bin/../../lib/gcc/pic32c/6.2.1/../../../../pic32c/lib\libpic32c.a(sbrk.o)
 .comment       0x0000003c       0x3d c:/program files/microchip/xc32/v2.40/bin/bin/../../lib/gcc/pic32c/6.2.1/../../../../pic32c/lib\libpic32c.a(_write.o)
 .comment       0x0000003c       0x3d c:/program files/microchip/xc32/v2.40/bin/bin/../../lib/gcc/pic32c/6.2.1/../../../../pic32c/lib\libpic32c.a(close.o)
 .comment       0x0000003c       0x3d c:/program files/microchip/xc32/v2.40/bin/bin/../../lib/gcc/pic32c/6.2.1/../../../../pic32c/lib\libpic32c.a(fstat.o)
 .comment       0x0000003c       0x3d c:/program files/microchip/xc32/v2.40/bin/bin/../../lib/gcc/pic32c/6.2.1/../../../../pic32c/lib\libpic32c.a(isatty.o)
 .comment       0x0000003c       0x3d c:/program files/microchip/xc32/v2.40/bin/bin/../../lib/gcc/pic32c/6.2.1/../../../../pic32c/lib\libpic32c.a(lseek.o)

.debug_info     0x00000000    0x5bc57
 .debug_info    0x00000000     0x1941 build/sam_c21n_xpro/production/_ext/1360937237/appiot.o
 .debug_info    0x00001941     0x5c7c build/sam_c21n_xpro/production/_ext/1360937237/moden.o
 .debug_info    0x000075bd     0x3205 build/sam_c21n_xpro/production/_ext/1360937237/canapp.o
 .debug_info    0x0000a7c2     0x15b3 build/sam_c21n_xpro/production/_ext/1360937237/appuart.o
 .debug_info    0x0000bd75     0x14d9 build/sam_c21n_xpro/production/_ext/1360937237/appemueeprom.o
 .debug_info    0x0000d24e     0x1aec build/sam_c21n_xpro/production/_ext/1360937237/apptimer.o
 .debug_info    0x0000ed3a     0x15e2 build/sam_c21n_xpro/production/_ext/1360937237/app_uart_debug.o
 .debug_info    0x0001031c     0x1d5b build/sam_c21n_xpro/production/_ext/1936826263/drv_at24.o
 .debug_info    0x00012077     0x2a0c build/sam_c21n_xpro/production/_ext/1274584173/drv_usart.o
 .debug_info    0x00014a83     0x28f0 build/sam_c21n_xpro/production/_ext/1019481632/emulated_eeprom.o
 .debug_info    0x00017373      0xc3d build/sam_c21n_xpro/production/_ext/1617700295/plib_adc0.o
 .debug_info    0x00017fb0     0x286f build/sam_c21n_xpro/production/_ext/1617702135/plib_can0.o
 .debug_info    0x0001a81f      0xaf5 build/sam_c21n_xpro/production/_ext/166077579/plib_clock.o
 .debug_info    0x0001b314      0x6dc build/sam_c21n_xpro/production/_ext/1617704294/plib_eic.o
 .debug_info    0x0001b9f0      0x349 build/sam_c21n_xpro/production/_ext/163928093/plib_evsys.o
 .debug_info    0x0001bd39      0xb0d build/sam_c21n_xpro/production/_ext/1390493541/plib_nvic.o
 .debug_info    0x0001c846     0x1672 build/sam_c21n_xpro/production/_ext/770299191/plib_nvmctrl.o
 .debug_info    0x0001deb8      0xbaf build/sam_c21n_xpro/production/_ext/1390440390/plib_port.o
 .debug_info    0x0001ea67     0x16e7 build/sam_c21n_xpro/production/_ext/1451668420/plib_sercom2_i2c_master.o
 .debug_info    0x0002014e     0x1efd build/sam_c21n_xpro/production/_ext/1993392304/plib_sercom1_usart.o
 .debug_info    0x0002204b     0x1f0d build/sam_c21n_xpro/production/_ext/1993392304/plib_sercom0_usart.o
 .debug_info    0x00023f58      0x8fa build/sam_c21n_xpro/production/_ext/1004774289/plib_systick.o
 .debug_info    0x00024852      0x612 build/sam_c21n_xpro/production/_ext/1617721454/plib_wdt.o
 .debug_info    0x00024e64      0x337 build/sam_c21n_xpro/production/_ext/730014449/xc32_monitor.o
 .debug_info    0x0002519b      0x9bb build/sam_c21n_xpro/production/_ext/855761890/sys_int.o
 .debug_info    0x00025b56     0x2567 build/sam_c21n_xpro/production/_ext/1758384875/initialization.o
 .debug_info    0x000280bd     0x1564 build/sam_c21n_xpro/production/_ext/1758384875/interrupts.o
 .debug_info    0x00029621      0xfed build/sam_c21n_xpro/production/_ext/1758384875/exceptions.o
 .debug_info    0x0002a60e      0x4cd build/sam_c21n_xpro/production/_ext/1758384875/startup_xc32.o
 .debug_info    0x0002aadb     0x1fa1 build/sam_c21n_xpro/production/_ext/1360937237/main.o
 .debug_info    0x0002ca7c      0xf1e build/sam_c21n_xpro/production/_ext/1360937237/app.o
 .debug_info    0x0002d99a      0x1f0 c:/program files/microchip/xc32/v2.40/bin/bin/../../lib/gcc/pic32c/6.2.1/../../../../pic32c/lib\libpic32c.a(data_init.o)
 .debug_info    0x0002db8a       0xee c:/program files/microchip/xc32/v2.40/bin/bin/../../lib/gcc/pic32c/6.2.1\libgcc.a(_udivsi3.o)
 .debug_info    0x0002dc78       0xee c:/program files/microchip/xc32/v2.40/bin/bin/../../lib/gcc/pic32c/6.2.1\libgcc.a(_dvmd_tls.o)
 .debug_info    0x0002dd66       0xee c:/program files/microchip/xc32/v2.40/bin/bin/../../lib/gcc/pic32c/6.2.1\libgcc.a(_aeabi_uldivmod.o)
 .debug_info    0x0002de54     0x13d1 c:/program files/microchip/xc32/v2.40/bin/bin/../../lib/gcc/pic32c/6.2.1\libgcc.a(_muldi3.o)
 .debug_info    0x0002f225     0x132c c:/program files/microchip/xc32/v2.40/bin/bin/../../lib/gcc/pic32c/6.2.1\libgcc.a(_udivmoddi4.o)
 .debug_info    0x00030551       0xee c:/program files/microchip/xc32/v2.40/bin/bin/../../lib/gcc/pic32c/6.2.1\libgcc.a(_lshrdi3.o)
 .debug_info    0x0003063f       0xee c:/program files/microchip/xc32/v2.40/bin/bin/../../lib/gcc/pic32c/6.2.1\libgcc.a(_ashldi3.o)
 .debug_info    0x0003072d       0xee c:/program files/microchip/xc32/v2.40/bin/bin/../../lib/gcc/pic32c/6.2.1\libgcc.a(_clzsi2.o)
 .debug_info    0x0003081b       0xee c:/program files/microchip/xc32/v2.40/bin/bin/../../lib/gcc/pic32c/6.2.1\libgcc.a(_clzdi2.o)
 .debug_info    0x00030909      0xdf4 c:/program files/microchip/xc32/v2.40/bin/bin/../../lib/gcc/pic32c/6.2.1/../../../../pic32c/lib\libc_nano.a(lib_a-atoi.o)
 .debug_info    0x000316fd      0x359 c:/program files/microchip/xc32/v2.40/bin/bin/../../lib/gcc/pic32c/6.2.1/../../../../pic32c/lib\libc_nano.a(lib_a-init.o)
 .debug_info    0x00031a56      0xd94 c:/program files/microchip/xc32/v2.40/bin/bin/../../lib/gcc/pic32c/6.2.1/../../../../pic32c/lib\libc_nano.a(lib_a-memcmp.o)
 .debug_info    0x000327ea      0xdb3 c:/program files/microchip/xc32/v2.40/bin/bin/../../lib/gcc/pic32c/6.2.1/../../../../pic32c/lib\libc_nano.a(lib_a-memcpy-stub.o)
 .debug_info    0x0003359d     0x14e8 c:/program files/microchip/xc32/v2.40/bin/bin/../../lib/gcc/pic32c/6.2.1/../../../../pic32c/lib\libc_nano.a(lib_a-memset.o)
 .debug_info    0x00034a85      0xe2e c:/program files/microchip/xc32/v2.40/bin/bin/../../lib/gcc/pic32c/6.2.1/../../../../pic32c/lib\libc_nano.a(_lib_a-sprintf.cdnopuxX.o)
 .debug_info    0x000358b3      0xd5f c:/program files/microchip/xc32/v2.40/bin/bin/../../lib/gcc/pic32c/6.2.1/../../../../pic32c/lib\libc_nano.a(lib_a-strcat.o)
 .debug_info    0x00036612      0x117 c:/program files/microchip/xc32/v2.40/bin/bin/../../lib/gcc/pic32c/6.2.1/../../../../pic32c/lib\libc_nano.a(lib_a-strlen.o)
 .debug_info    0x00036729      0xd80 c:/program files/microchip/xc32/v2.40/bin/bin/../../lib/gcc/pic32c/6.2.1/../../../../pic32c/lib\libc_nano.a(lib_a-strstr.o)
 .debug_info    0x000374a9     0x184b c:/program files/microchip/xc32/v2.40/bin/bin/../../lib/gcc/pic32c/6.2.1/../../../../pic32c/lib\libc_nano.a(lib_a-strtol.o)
 .debug_info    0x00038cf4      0xd3c c:/program files/microchip/xc32/v2.40/bin/bin/../../lib/gcc/pic32c/6.2.1/../../../../pic32c/lib\libc_nano.a(lib_a-impure.o)
 .debug_info    0x00039a30     0x17cf c:/program files/microchip/xc32/v2.40/bin/bin/../../lib/gcc/pic32c/6.2.1/../../../../pic32c/lib\libc_nano.a(lib_a-locale.o)
 .debug_info    0x0003b1ff     0x16a8 c:/program files/microchip/xc32/v2.40/bin/bin/../../lib/gcc/pic32c/6.2.1/../../../../pic32c/lib\libc_nano.a(lib_a-mbtowc_r.o)
 .debug_info    0x0003c8a7     0x1e92 c:/program files/microchip/xc32/v2.40/bin/bin/../../lib/gcc/pic32c/6.2.1/../../../../pic32c/lib\libc_nano.a(_lib_a-nano-vfprintf.cdnopuxX.o)
 .debug_info    0x0003e739     0x1d15 c:/program files/microchip/xc32/v2.40/bin/bin/../../lib/gcc/pic32c/6.2.1/../../../../pic32c/lib\libc_nano.a(lib_a-nano-vfprintf_i.o)
 .debug_info    0x0004044e     0x188d c:/program files/microchip/xc32/v2.40/bin/bin/../../lib/gcc/pic32c/6.2.1/../../../../pic32c/lib\libc_nano.a(lib_a-__ssfputs.o)
 .debug_info    0x00041cdb     0x11b3 c:/program files/microchip/xc32/v2.40/bin/bin/../../lib/gcc/pic32c/6.2.1/../../../../pic32c/lib\libc_nano.a(lib_a-wbuf.o)
 .debug_info    0x00042e8e     0x166c c:/program files/microchip/xc32/v2.40/bin/bin/../../lib/gcc/pic32c/6.2.1/../../../../pic32c/lib\libc_nano.a(lib_a-wctomb_r.o)
 .debug_info    0x000444fa     0x112e c:/program files/microchip/xc32/v2.40/bin/bin/../../lib/gcc/pic32c/6.2.1/../../../../pic32c/lib\libc_nano.a(lib_a-wsetup.o)
 .debug_info    0x00045628     0x14b9 c:/program files/microchip/xc32/v2.40/bin/bin/../../lib/gcc/pic32c/6.2.1/../../../../pic32c/lib\libc_nano.a(lib_a-ctype_.o)
 .debug_info    0x00046ae1     0x1298 c:/program files/microchip/xc32/v2.40/bin/bin/../../lib/gcc/pic32c/6.2.1/../../../../pic32c/lib\libc_nano.a(lib_a-fflush.o)
 .debug_info    0x00047d79     0x1470 c:/program files/microchip/xc32/v2.40/bin/bin/../../lib/gcc/pic32c/6.2.1/../../../../pic32c/lib\libc_nano.a(lib_a-findfp.o)
 .debug_info    0x000491e9     0x12ea c:/program files/microchip/xc32/v2.40/bin/bin/../../lib/gcc/pic32c/6.2.1/../../../../pic32c/lib\libc_nano.a(lib_a-fputwc.o)
 .debug_info    0x0004a4d3     0x11a9 c:/program files/microchip/xc32/v2.40/bin/bin/../../lib/gcc/pic32c/6.2.1/../../../../pic32c/lib\libc_nano.a(lib_a-fwalk.o)
 .debug_info    0x0004b67c     0x14e5 c:/program files/microchip/xc32/v2.40/bin/bin/../../lib/gcc/pic32c/6.2.1/../../../../pic32c/lib\libc_nano.a(lib_a-makebuf.o)
 .debug_info    0x0004cb61      0xdb2 c:/program files/microchip/xc32/v2.40/bin/bin/../../lib/gcc/pic32c/6.2.1/../../../../pic32c/lib\libc_nano.a(lib_a-memchr-stub.o)
 .debug_info    0x0004d913     0x10ed c:/program files/microchip/xc32/v2.40/bin/bin/../../lib/gcc/pic32c/6.2.1/../../../../pic32c/lib\libc_nano.a(lib_a-nano-freer.o)
 .debug_info    0x0004ea00     0x119a c:/program files/microchip/xc32/v2.40/bin/bin/../../lib/gcc/pic32c/6.2.1/../../../../pic32c/lib\libc_nano.a(lib_a-nano-mallocr.o)
 .debug_info    0x0004fb9a      0xe2c c:/program files/microchip/xc32/v2.40/bin/bin/../../lib/gcc/pic32c/6.2.1/../../../../pic32c/lib\libc_nano.a(lib_a-sbrkr.o)
 .debug_info    0x000509c6     0x135a c:/program files/microchip/xc32/v2.40/bin/bin/../../lib/gcc/pic32c/6.2.1/../../../../pic32c/lib\libc_nano.a(lib_a-stdio.o)
 .debug_info    0x00051d20     0x16a4 c:/program files/microchip/xc32/v2.40/bin/bin/../../lib/gcc/pic32c/6.2.1/../../../../pic32c/lib\libc_nano.a(lib_a-wcrtomb.o)
 .debug_info    0x000533c4      0xe4b c:/program files/microchip/xc32/v2.40/bin/bin/../../lib/gcc/pic32c/6.2.1/../../../../pic32c/lib\libc_nano.a(lib_a-writer.o)
 .debug_info    0x0005420f      0xdfa c:/program files/microchip/xc32/v2.40/bin/bin/../../lib/gcc/pic32c/6.2.1/../../../../pic32c/lib\libc_nano.a(lib_a-closer.o)
 .debug_info    0x00055009     0x10f5 c:/program files/microchip/xc32/v2.40/bin/bin/../../lib/gcc/pic32c/6.2.1/../../../../pic32c/lib\libc_nano.a(lib_a-fstatr.o)
 .debug_info    0x000560fe      0xe07 c:/program files/microchip/xc32/v2.40/bin/bin/../../lib/gcc/pic32c/6.2.1/../../../../pic32c/lib\libc_nano.a(lib_a-isattyr.o)
 .debug_info    0x00056f05      0xe32 c:/program files/microchip/xc32/v2.40/bin/bin/../../lib/gcc/pic32c/6.2.1/../../../../pic32c/lib\libc_nano.a(lib_a-lseekr.o)
 .debug_info    0x00057d37      0xd79 c:/program files/microchip/xc32/v2.40/bin/bin/../../lib/gcc/pic32c/6.2.1/../../../../pic32c/lib\libc_nano.a(lib_a-mlock.o)
 .debug_info    0x00058ab0      0xe49 c:/program files/microchip/xc32/v2.40/bin/bin/../../lib/gcc/pic32c/6.2.1/../../../../pic32c/lib\libc_nano.a(lib_a-readr.o)
 .debug_info    0x000598f9      0xf2f c:/program files/microchip/xc32/v2.40/bin/bin/../../lib/gcc/pic32c/6.2.1/../../../../pic32c/lib\libc_nano.a(lib_a-reent.o)
 .debug_info    0x0005a828      0x1d7 c:/program files/microchip/xc32/v2.40/bin/bin/../../lib/gcc/pic32c/6.2.1/../../../../pic32c/lib\libpic32c.a(_close.o)
 .debug_info    0x0005a9ff      0x1d7 c:/program files/microchip/xc32/v2.40/bin/bin/../../lib/gcc/pic32c/6.2.1/../../../../pic32c/lib\libpic32c.a(_fstat.o)
 .debug_info    0x0005abd6      0x1d9 c:/program files/microchip/xc32/v2.40/bin/bin/../../lib/gcc/pic32c/6.2.1/../../../../pic32c/lib\libpic32c.a(_isatty.o)
 .debug_info    0x0005adaf      0x1d7 c:/program files/microchip/xc32/v2.40/bin/bin/../../lib/gcc/pic32c/6.2.1/../../../../pic32c/lib\libpic32c.a(_lseek.o)
 .debug_info    0x0005af86      0x1d5 c:/program files/microchip/xc32/v2.40/bin/bin/../../lib/gcc/pic32c/6.2.1/../../../../pic32c/lib\libpic32c.a(_read.o)
 .debug_info    0x0005b15b      0x1d3 c:/program files/microchip/xc32/v2.40/bin/bin/../../lib/gcc/pic32c/6.2.1/../../../../pic32c/lib\libpic32c.a(sbrk.o)
 .debug_info    0x0005b32e      0x1d7 c:/program files/microchip/xc32/v2.40/bin/bin/../../lib/gcc/pic32c/6.2.1/../../../../pic32c/lib\libpic32c.a(_write.o)
 .debug_info    0x0005b505      0x1d4 c:/program files/microchip/xc32/v2.40/bin/bin/../../lib/gcc/pic32c/6.2.1/../../../../pic32c/lib\libpic32c.a(close.o)
 .debug_info    0x0005b6d9      0x1d4 c:/program files/microchip/xc32/v2.40/bin/bin/../../lib/gcc/pic32c/6.2.1/../../../../pic32c/lib\libpic32c.a(fstat.o)
 .debug_info    0x0005b8ad      0x1d6 c:/program files/microchip/xc32/v2.40/bin/bin/../../lib/gcc/pic32c/6.2.1/../../../../pic32c/lib\libpic32c.a(isatty.o)
 .debug_info    0x0005ba83      0x1d4 c:/program files/microchip/xc32/v2.40/bin/bin/../../lib/gcc/pic32c/6.2.1/../../../../pic32c/lib\libpic32c.a(lseek.o)

.debug_abbrev   0x00000000     0x94c6
 .debug_abbrev  0x00000000      0x275 build/sam_c21n_xpro/production/_ext/1360937237/appiot.o
 .debug_abbrev  0x00000275      0x35c build/sam_c21n_xpro/production/_ext/1360937237/moden.o
 .debug_abbrev  0x000005d1      0x447 build/sam_c21n_xpro/production/_ext/1360937237/canapp.o
 .debug_abbrev  0x00000a18      0x262 build/sam_c21n_xpro/production/_ext/1360937237/appuart.o
 .debug_abbrev  0x00000c7a      0x215 build/sam_c21n_xpro/production/_ext/1360937237/appemueeprom.o
 .debug_abbrev  0x00000e8f      0x236 build/sam_c21n_xpro/production/_ext/1360937237/apptimer.o
 .debug_abbrev  0x000010c5      0x255 build/sam_c21n_xpro/production/_ext/1360937237/app_uart_debug.o
 .debug_abbrev  0x0000131a      0x3b0 build/sam_c21n_xpro/production/_ext/1936826263/drv_at24.o
 .debug_abbrev  0x000016ca      0x506 build/sam_c21n_xpro/production/_ext/1274584173/drv_usart.o
 .debug_abbrev  0x00001bd0      0x56a build/sam_c21n_xpro/production/_ext/1019481632/emulated_eeprom.o
 .debug_abbrev  0x0000213a      0x154 build/sam_c21n_xpro/production/_ext/1617700295/plib_adc0.o
 .debug_abbrev  0x0000228e      0x3e5 build/sam_c21n_xpro/production/_ext/1617702135/plib_can0.o
 .debug_abbrev  0x00002673      0x126 build/sam_c21n_xpro/production/_ext/166077579/plib_clock.o
 .debug_abbrev  0x00002799      0x16c build/sam_c21n_xpro/production/_ext/1617704294/plib_eic.o
 .debug_abbrev  0x00002905       0x39 build/sam_c21n_xpro/production/_ext/163928093/plib_evsys.o
 .debug_abbrev  0x0000293e      0x1b9 build/sam_c21n_xpro/production/_ext/1390493541/plib_nvic.o
 .debug_abbrev  0x00002af7      0x26a build/sam_c21n_xpro/production/_ext/770299191/plib_nvmctrl.o
 .debug_abbrev  0x00002d61      0x1ae build/sam_c21n_xpro/production/_ext/1390440390/plib_port.o
 .debug_abbrev  0x00002f0f      0x36e build/sam_c21n_xpro/production/_ext/1451668420/plib_sercom2_i2c_master.o
 .debug_abbrev  0x0000327d      0x3ee build/sam_c21n_xpro/production/_ext/1993392304/plib_sercom1_usart.o
 .debug_abbrev  0x0000366b      0x3ee build/sam_c21n_xpro/production/_ext/1993392304/plib_sercom0_usart.o
 .debug_abbrev  0x00003a59      0x1e0 build/sam_c21n_xpro/production/_ext/1004774289/plib_systick.o
 .debug_abbrev  0x00003c39       0xc5 build/sam_c21n_xpro/production/_ext/1617721454/plib_wdt.o
 .debug_abbrev  0x00003cfe       0x89 build/sam_c21n_xpro/production/_ext/730014449/xc32_monitor.o
 .debug_abbrev  0x00003d87      0x1f7 build/sam_c21n_xpro/production/_ext/855761890/sys_int.o
 .debug_abbrev  0x00003f7e      0x291 build/sam_c21n_xpro/production/_ext/1758384875/initialization.o
 .debug_abbrev  0x0000420f      0x1b5 build/sam_c21n_xpro/production/_ext/1758384875/interrupts.o
 .debug_abbrev  0x000043c4      0x1aa build/sam_c21n_xpro/production/_ext/1758384875/exceptions.o
 .debug_abbrev  0x0000456e      0x10b build/sam_c21n_xpro/production/_ext/1758384875/startup_xc32.o
 .debug_abbrev  0x00004679      0x26c build/sam_c21n_xpro/production/_ext/1360937237/main.o
 .debug_abbrev  0x000048e5      0x1ea build/sam_c21n_xpro/production/_ext/1360937237/app.o
 .debug_abbrev  0x00004acf       0x2a c:/program files/microchip/xc32/v2.40/bin/bin/../../lib/gcc/pic32c/6.2.1/../../../../pic32c/lib\libpic32c.a(data_init.o)
 .debug_abbrev  0x00004af9       0x14 c:/program files/microchip/xc32/v2.40/bin/bin/../../lib/gcc/pic32c/6.2.1\libgcc.a(_udivsi3.o)
 .debug_abbrev  0x00004b0d       0x14 c:/program files/microchip/xc32/v2.40/bin/bin/../../lib/gcc/pic32c/6.2.1\libgcc.a(_dvmd_tls.o)
 .debug_abbrev  0x00004b21       0x14 c:/program files/microchip/xc32/v2.40/bin/bin/../../lib/gcc/pic32c/6.2.1\libgcc.a(_aeabi_uldivmod.o)
 .debug_abbrev  0x00004b35      0x176 c:/program files/microchip/xc32/v2.40/bin/bin/../../lib/gcc/pic32c/6.2.1\libgcc.a(_muldi3.o)
 .debug_abbrev  0x00004cab      0x13b c:/program files/microchip/xc32/v2.40/bin/bin/../../lib/gcc/pic32c/6.2.1\libgcc.a(_udivmoddi4.o)
 .debug_abbrev  0x00004de6       0x14 c:/program files/microchip/xc32/v2.40/bin/bin/../../lib/gcc/pic32c/6.2.1\libgcc.a(_lshrdi3.o)
 .debug_abbrev  0x00004dfa       0x14 c:/program files/microchip/xc32/v2.40/bin/bin/../../lib/gcc/pic32c/6.2.1\libgcc.a(_ashldi3.o)
 .debug_abbrev  0x00004e0e       0x14 c:/program files/microchip/xc32/v2.40/bin/bin/../../lib/gcc/pic32c/6.2.1\libgcc.a(_clzsi2.o)
 .debug_abbrev  0x00004e22       0x14 c:/program files/microchip/xc32/v2.40/bin/bin/../../lib/gcc/pic32c/6.2.1\libgcc.a(_clzdi2.o)
 .debug_abbrev  0x00004e36      0x196 c:/program files/microchip/xc32/v2.40/bin/bin/../../lib/gcc/pic32c/6.2.1/../../../../pic32c/lib\libc_nano.a(lib_a-atoi.o)
 .debug_abbrev  0x00004fcc       0xa3 c:/program files/microchip/xc32/v2.40/bin/bin/../../lib/gcc/pic32c/6.2.1/../../../../pic32c/lib\libc_nano.a(lib_a-init.o)
 .debug_abbrev  0x0000506f      0x16d c:/program files/microchip/xc32/v2.40/bin/bin/../../lib/gcc/pic32c/6.2.1/../../../../pic32c/lib\libc_nano.a(lib_a-memcmp.o)
 .debug_abbrev  0x000051dc      0x17c c:/program files/microchip/xc32/v2.40/bin/bin/../../lib/gcc/pic32c/6.2.1/../../../../pic32c/lib\libc_nano.a(lib_a-memcpy-stub.o)
 .debug_abbrev  0x00005358      0x170 c:/program files/microchip/xc32/v2.40/bin/bin/../../lib/gcc/pic32c/6.2.1/../../../../pic32c/lib\libc_nano.a(lib_a-memset.o)
 .debug_abbrev  0x000054c8      0x1a5 c:/program files/microchip/xc32/v2.40/bin/bin/../../lib/gcc/pic32c/6.2.1/../../../../pic32c/lib\libc_nano.a(_lib_a-sprintf.cdnopuxX.o)
 .debug_abbrev  0x0000566d      0x157 c:/program files/microchip/xc32/v2.40/bin/bin/../../lib/gcc/pic32c/6.2.1/../../../../pic32c/lib\libc_nano.a(lib_a-strcat.o)
 .debug_abbrev  0x000057c4       0x14 c:/program files/microchip/xc32/v2.40/bin/bin/../../lib/gcc/pic32c/6.2.1/../../../../pic32c/lib\libc_nano.a(lib_a-strlen.o)
 .debug_abbrev  0x000057d8      0x15e c:/program files/microchip/xc32/v2.40/bin/bin/../../lib/gcc/pic32c/6.2.1/../../../../pic32c/lib\libc_nano.a(lib_a-strstr.o)
 .debug_abbrev  0x00005936      0x220 c:/program files/microchip/xc32/v2.40/bin/bin/../../lib/gcc/pic32c/6.2.1/../../../../pic32c/lib\libc_nano.a(lib_a-strtol.o)
 .debug_abbrev  0x00005b56      0x131 c:/program files/microchip/xc32/v2.40/bin/bin/../../lib/gcc/pic32c/6.2.1/../../../../pic32c/lib\libc_nano.a(lib_a-impure.o)
 .debug_abbrev  0x00005c87      0x264 c:/program files/microchip/xc32/v2.40/bin/bin/../../lib/gcc/pic32c/6.2.1/../../../../pic32c/lib\libc_nano.a(lib_a-locale.o)
 .debug_abbrev  0x00005eeb      0x1cd c:/program files/microchip/xc32/v2.40/bin/bin/../../lib/gcc/pic32c/6.2.1/../../../../pic32c/lib\libc_nano.a(lib_a-mbtowc_r.o)
 .debug_abbrev  0x000060b8      0x30c c:/program files/microchip/xc32/v2.40/bin/bin/../../lib/gcc/pic32c/6.2.1/../../../../pic32c/lib\libc_nano.a(_lib_a-nano-vfprintf.cdnopuxX.o)
 .debug_abbrev  0x000063c4      0x25f c:/program files/microchip/xc32/v2.40/bin/bin/../../lib/gcc/pic32c/6.2.1/../../../../pic32c/lib\libc_nano.a(lib_a-nano-vfprintf_i.o)
 .debug_abbrev  0x00006623      0x1f6 c:/program files/microchip/xc32/v2.40/bin/bin/../../lib/gcc/pic32c/6.2.1/../../../../pic32c/lib\libc_nano.a(lib_a-__ssfputs.o)
 .debug_abbrev  0x00006819      0x208 c:/program files/microchip/xc32/v2.40/bin/bin/../../lib/gcc/pic32c/6.2.1/../../../../pic32c/lib\libc_nano.a(lib_a-wbuf.o)
 .debug_abbrev  0x00006a21      0x1ce c:/program files/microchip/xc32/v2.40/bin/bin/../../lib/gcc/pic32c/6.2.1/../../../../pic32c/lib\libc_nano.a(lib_a-wctomb_r.o)
 .debug_abbrev  0x00006bef      0x1ec c:/program files/microchip/xc32/v2.40/bin/bin/../../lib/gcc/pic32c/6.2.1/../../../../pic32c/lib\libc_nano.a(lib_a-wsetup.o)
 .debug_abbrev  0x00006ddb      0x131 c:/program files/microchip/xc32/v2.40/bin/bin/../../lib/gcc/pic32c/6.2.1/../../../../pic32c/lib\libc_nano.a(lib_a-ctype_.o)
 .debug_abbrev  0x00006f0c      0x263 c:/program files/microchip/xc32/v2.40/bin/bin/../../lib/gcc/pic32c/6.2.1/../../../../pic32c/lib\libc_nano.a(lib_a-fflush.o)
 .debug_abbrev  0x0000716f      0x295 c:/program files/microchip/xc32/v2.40/bin/bin/../../lib/gcc/pic32c/6.2.1/../../../../pic32c/lib\libc_nano.a(lib_a-findfp.o)
 .debug_abbrev  0x00007404      0x233 c:/program files/microchip/xc32/v2.40/bin/bin/../../lib/gcc/pic32c/6.2.1/../../../../pic32c/lib\libc_nano.a(lib_a-fputwc.o)
 .debug_abbrev  0x00007637      0x1b0 c:/program files/microchip/xc32/v2.40/bin/bin/../../lib/gcc/pic32c/6.2.1/../../../../pic32c/lib\libc_nano.a(lib_a-fwalk.o)
 .debug_abbrev  0x000077e7      0x268 c:/program files/microchip/xc32/v2.40/bin/bin/../../lib/gcc/pic32c/6.2.1/../../../../pic32c/lib\libc_nano.a(lib_a-makebuf.o)
 .debug_abbrev  0x00007a4f      0x16d c:/program files/microchip/xc32/v2.40/bin/bin/../../lib/gcc/pic32c/6.2.1/../../../../pic32c/lib\libc_nano.a(lib_a-memchr-stub.o)
 .debug_abbrev  0x00007bbc      0x24f c:/program files/microchip/xc32/v2.40/bin/bin/../../lib/gcc/pic32c/6.2.1/../../../../pic32c/lib\libc_nano.a(lib_a-nano-freer.o)
 .debug_abbrev  0x00007e0b      0x286 c:/program files/microchip/xc32/v2.40/bin/bin/../../lib/gcc/pic32c/6.2.1/../../../../pic32c/lib\libc_nano.a(lib_a-nano-mallocr.o)
 .debug_abbrev  0x00008091      0x1a8 c:/program files/microchip/xc32/v2.40/bin/bin/../../lib/gcc/pic32c/6.2.1/../../../../pic32c/lib\libc_nano.a(lib_a-sbrkr.o)
 .debug_abbrev  0x00008239      0x224 c:/program files/microchip/xc32/v2.40/bin/bin/../../lib/gcc/pic32c/6.2.1/../../../../pic32c/lib\libc_nano.a(lib_a-stdio.o)
 .debug_abbrev  0x0000845d      0x1d5 c:/program files/microchip/xc32/v2.40/bin/bin/../../lib/gcc/pic32c/6.2.1/../../../../pic32c/lib\libc_nano.a(lib_a-wcrtomb.o)
 .debug_abbrev  0x00008632      0x198 c:/program files/microchip/xc32/v2.40/bin/bin/../../lib/gcc/pic32c/6.2.1/../../../../pic32c/lib\libc_nano.a(lib_a-writer.o)
 .debug_abbrev  0x000087ca      0x193 c:/program files/microchip/xc32/v2.40/bin/bin/../../lib/gcc/pic32c/6.2.1/../../../../pic32c/lib\libc_nano.a(lib_a-closer.o)
 .debug_abbrev  0x0000895d      0x193 c:/program files/microchip/xc32/v2.40/bin/bin/../../lib/gcc/pic32c/6.2.1/../../../../pic32c/lib\libc_nano.a(lib_a-fstatr.o)
 .debug_abbrev  0x00008af0      0x193 c:/program files/microchip/xc32/v2.40/bin/bin/../../lib/gcc/pic32c/6.2.1/../../../../pic32c/lib\libc_nano.a(lib_a-isattyr.o)
 .debug_abbrev  0x00008c83      0x193 c:/program files/microchip/xc32/v2.40/bin/bin/../../lib/gcc/pic32c/6.2.1/../../../../pic32c/lib\libc_nano.a(lib_a-lseekr.o)
 .debug_abbrev  0x00008e16      0x165 c:/program files/microchip/xc32/v2.40/bin/bin/../../lib/gcc/pic32c/6.2.1/../../../../pic32c/lib\libc_nano.a(lib_a-mlock.o)
 .debug_abbrev  0x00008f7b      0x193 c:/program files/microchip/xc32/v2.40/bin/bin/../../lib/gcc/pic32c/6.2.1/../../../../pic32c/lib\libc_nano.a(lib_a-readr.o)
 .debug_abbrev  0x0000910e      0x1ea c:/program files/microchip/xc32/v2.40/bin/bin/../../lib/gcc/pic32c/6.2.1/../../../../pic32c/lib\libc_nano.a(lib_a-reent.o)
 .debug_abbrev  0x000092f8       0x2a c:/program files/microchip/xc32/v2.40/bin/bin/../../lib/gcc/pic32c/6.2.1/../../../../pic32c/lib\libpic32c.a(_close.o)
 .debug_abbrev  0x00009322       0x2a c:/program files/microchip/xc32/v2.40/bin/bin/../../lib/gcc/pic32c/6.2.1/../../../../pic32c/lib\libpic32c.a(_fstat.o)
 .debug_abbrev  0x0000934c       0x2a c:/program files/microchip/xc32/v2.40/bin/bin/../../lib/gcc/pic32c/6.2.1/../../../../pic32c/lib\libpic32c.a(_isatty.o)
 .debug_abbrev  0x00009376       0x2a c:/program files/microchip/xc32/v2.40/bin/bin/../../lib/gcc/pic32c/6.2.1/../../../../pic32c/lib\libpic32c.a(_lseek.o)
 .debug_abbrev  0x000093a0       0x2a c:/program files/microchip/xc32/v2.40/bin/bin/../../lib/gcc/pic32c/6.2.1/../../../../pic32c/lib\libpic32c.a(_read.o)
 .debug_abbrev  0x000093ca       0x2a c:/program files/microchip/xc32/v2.40/bin/bin/../../lib/gcc/pic32c/6.2.1/../../../../pic32c/lib\libpic32c.a(sbrk.o)
 .debug_abbrev  0x000093f4       0x2a c:/program files/microchip/xc32/v2.40/bin/bin/../../lib/gcc/pic32c/6.2.1/../../../../pic32c/lib\libpic32c.a(_write.o)
 .debug_abbrev  0x0000941e       0x2a c:/program files/microchip/xc32/v2.40/bin/bin/../../lib/gcc/pic32c/6.2.1/../../../../pic32c/lib\libpic32c.a(close.o)
 .debug_abbrev  0x00009448       0x2a c:/program files/microchip/xc32/v2.40/bin/bin/../../lib/gcc/pic32c/6.2.1/../../../../pic32c/lib\libpic32c.a(fstat.o)
 .debug_abbrev  0x00009472       0x2a c:/program files/microchip/xc32/v2.40/bin/bin/../../lib/gcc/pic32c/6.2.1/../../../../pic32c/lib\libpic32c.a(isatty.o)
 .debug_abbrev  0x0000949c       0x2a c:/program files/microchip/xc32/v2.40/bin/bin/../../lib/gcc/pic32c/6.2.1/../../../../pic32c/lib\libpic32c.a(lseek.o)

.debug_loc      0x00000000     0xbc8b
 .debug_loc     0x00000000       0x20 build/sam_c21n_xpro/production/_ext/1360937237/appiot.o
 .debug_loc     0x00000020      0x241 build/sam_c21n_xpro/production/_ext/1360937237/moden.o
 .debug_loc     0x00000261      0xdd7 build/sam_c21n_xpro/production/_ext/1360937237/canapp.o
 .debug_loc     0x00001038      0x157 build/sam_c21n_xpro/production/_ext/1360937237/appuart.o
 .debug_loc     0x0000118f       0x20 build/sam_c21n_xpro/production/_ext/1360937237/apptimer.o
 .debug_loc     0x000011af      0x198 build/sam_c21n_xpro/production/_ext/1360937237/app_uart_debug.o
 .debug_loc     0x00001347      0x75f build/sam_c21n_xpro/production/_ext/1936826263/drv_at24.o
 .debug_loc     0x00001aa6      0xf89 build/sam_c21n_xpro/production/_ext/1274584173/drv_usart.o
 .debug_loc     0x00002a2f     0x14de build/sam_c21n_xpro/production/_ext/1019481632/emulated_eeprom.o
 .debug_loc     0x00003f0d      0x10a build/sam_c21n_xpro/production/_ext/1617700295/plib_adc0.o
 .debug_loc     0x00004017      0xb3f build/sam_c21n_xpro/production/_ext/1617702135/plib_can0.o
 .debug_loc     0x00004b56       0x3f build/sam_c21n_xpro/production/_ext/166077579/plib_clock.o
 .debug_loc     0x00004b95       0xe1 build/sam_c21n_xpro/production/_ext/1617704294/plib_eic.o
 .debug_loc     0x00004c76      0x14f build/sam_c21n_xpro/production/_ext/1390493541/plib_nvic.o
 .debug_loc     0x00004dc5      0x53c build/sam_c21n_xpro/production/_ext/770299191/plib_nvmctrl.o
 .debug_loc     0x00005301      0x1ee build/sam_c21n_xpro/production/_ext/1390440390/plib_port.o
 .debug_loc     0x000054ef      0x938 build/sam_c21n_xpro/production/_ext/1451668420/plib_sercom2_i2c_master.o
 .debug_loc     0x00005e27      0xadb build/sam_c21n_xpro/production/_ext/1993392304/plib_sercom1_usart.o
 .debug_loc     0x00006902      0xadb build/sam_c21n_xpro/production/_ext/1993392304/plib_sercom0_usart.o
 .debug_loc     0x000073dd      0x3aa build/sam_c21n_xpro/production/_ext/1004774289/plib_systick.o
 .debug_loc     0x00007787       0x21 build/sam_c21n_xpro/production/_ext/1617721454/plib_wdt.o
 .debug_loc     0x000077a8       0x42 build/sam_c21n_xpro/production/_ext/730014449/xc32_monitor.o
 .debug_loc     0x000077ea      0x15b build/sam_c21n_xpro/production/_ext/855761890/sys_int.o
 .debug_loc     0x00007945       0x41 build/sam_c21n_xpro/production/_ext/1758384875/initialization.o
 .debug_loc     0x00007986       0x20 build/sam_c21n_xpro/production/_ext/1758384875/startup_xc32.o
 .debug_loc     0x000079a6       0xc1 build/sam_c21n_xpro/production/_ext/1360937237/main.o
 .debug_loc     0x00007a67       0x14 build/sam_c21n_xpro/production/_ext/1360937237/app.o
 .debug_loc     0x00007a7b       0x14 c:/program files/microchip/xc32/v2.40/bin/bin/../../lib/gcc/pic32c/6.2.1/../../../../pic32c/lib\libpic32c.a(data_init.o)
 .debug_loc     0x00007a8f      0x164 c:/program files/microchip/xc32/v2.40/bin/bin/../../lib/gcc/pic32c/6.2.1\libgcc.a(_muldi3.o)
 .debug_loc     0x00007bf3      0x29d c:/program files/microchip/xc32/v2.40/bin/bin/../../lib/gcc/pic32c/6.2.1\libgcc.a(_udivmoddi4.o)
 .debug_loc     0x00007e90       0xa3 c:/program files/microchip/xc32/v2.40/bin/bin/../../lib/gcc/pic32c/6.2.1/../../../../pic32c/lib\libc_nano.a(lib_a-atoi.o)
 .debug_loc     0x00007f33       0x72 c:/program files/microchip/xc32/v2.40/bin/bin/../../lib/gcc/pic32c/6.2.1/../../../../pic32c/lib\libc_nano.a(lib_a-init.o)
 .debug_loc     0x00007fa5      0x158 c:/program files/microchip/xc32/v2.40/bin/bin/../../lib/gcc/pic32c/6.2.1/../../../../pic32c/lib\libc_nano.a(lib_a-memcmp.o)
 .debug_loc     0x000080fd       0xde c:/program files/microchip/xc32/v2.40/bin/bin/../../lib/gcc/pic32c/6.2.1/../../../../pic32c/lib\libc_nano.a(lib_a-memcpy-stub.o)
 .debug_loc     0x000081db       0x72 c:/program files/microchip/xc32/v2.40/bin/bin/../../lib/gcc/pic32c/6.2.1/../../../../pic32c/lib\libc_nano.a(lib_a-memset.o)
 .debug_loc     0x0000824d       0x73 c:/program files/microchip/xc32/v2.40/bin/bin/../../lib/gcc/pic32c/6.2.1/../../../../pic32c/lib\libc_nano.a(_lib_a-sprintf.cdnopuxX.o)
 .debug_loc     0x000082c0       0xab c:/program files/microchip/xc32/v2.40/bin/bin/../../lib/gcc/pic32c/6.2.1/../../../../pic32c/lib\libc_nano.a(lib_a-strcat.o)
 .debug_loc     0x0000836b       0x96 c:/program files/microchip/xc32/v2.40/bin/bin/../../lib/gcc/pic32c/6.2.1/../../../../pic32c/lib\libc_nano.a(lib_a-strstr.o)
 .debug_loc     0x00008401      0x4d5 c:/program files/microchip/xc32/v2.40/bin/bin/../../lib/gcc/pic32c/6.2.1/../../../../pic32c/lib\libc_nano.a(lib_a-strtol.o)
 .debug_loc     0x000088d6      0x174 c:/program files/microchip/xc32/v2.40/bin/bin/../../lib/gcc/pic32c/6.2.1/../../../../pic32c/lib\libc_nano.a(lib_a-locale.o)
 .debug_loc     0x00008a4a      0x19a c:/program files/microchip/xc32/v2.40/bin/bin/../../lib/gcc/pic32c/6.2.1/../../../../pic32c/lib\libc_nano.a(lib_a-mbtowc_r.o)
 .debug_loc     0x00008be4      0x996 c:/program files/microchip/xc32/v2.40/bin/bin/../../lib/gcc/pic32c/6.2.1/../../../../pic32c/lib\libc_nano.a(_lib_a-nano-vfprintf.cdnopuxX.o)
 .debug_loc     0x0000957a      0x66f c:/program files/microchip/xc32/v2.40/bin/bin/../../lib/gcc/pic32c/6.2.1/../../../../pic32c/lib\libc_nano.a(lib_a-nano-vfprintf_i.o)
 .debug_loc     0x00009be9      0x1da c:/program files/microchip/xc32/v2.40/bin/bin/../../lib/gcc/pic32c/6.2.1/../../../../pic32c/lib\libc_nano.a(lib_a-__ssfputs.o)
 .debug_loc     0x00009dc3      0x194 c:/program files/microchip/xc32/v2.40/bin/bin/../../lib/gcc/pic32c/6.2.1/../../../../pic32c/lib\libc_nano.a(lib_a-wbuf.o)
 .debug_loc     0x00009f57       0xf1 c:/program files/microchip/xc32/v2.40/bin/bin/../../lib/gcc/pic32c/6.2.1/../../../../pic32c/lib\libc_nano.a(lib_a-wctomb_r.o)
 .debug_loc     0x0000a048       0x9e c:/program files/microchip/xc32/v2.40/bin/bin/../../lib/gcc/pic32c/6.2.1/../../../../pic32c/lib\libc_nano.a(lib_a-wsetup.o)
 .debug_loc     0x0000a0e6      0x30b c:/program files/microchip/xc32/v2.40/bin/bin/../../lib/gcc/pic32c/6.2.1/../../../../pic32c/lib\libc_nano.a(lib_a-fflush.o)
 .debug_loc     0x0000a3f1      0x2b8 c:/program files/microchip/xc32/v2.40/bin/bin/../../lib/gcc/pic32c/6.2.1/../../../../pic32c/lib\libc_nano.a(lib_a-findfp.o)
 .debug_loc     0x0000a6a9      0x2ac c:/program files/microchip/xc32/v2.40/bin/bin/../../lib/gcc/pic32c/6.2.1/../../../../pic32c/lib\libc_nano.a(lib_a-fputwc.o)
 .debug_loc     0x0000a955      0x1d9 c:/program files/microchip/xc32/v2.40/bin/bin/../../lib/gcc/pic32c/6.2.1/../../../../pic32c/lib\libc_nano.a(lib_a-fwalk.o)
 .debug_loc     0x0000ab2e      0x260 c:/program files/microchip/xc32/v2.40/bin/bin/../../lib/gcc/pic32c/6.2.1/../../../../pic32c/lib\libc_nano.a(lib_a-makebuf.o)
 .debug_loc     0x0000ad8e       0xb4 c:/program files/microchip/xc32/v2.40/bin/bin/../../lib/gcc/pic32c/6.2.1/../../../../pic32c/lib\libc_nano.a(lib_a-memchr-stub.o)
 .debug_loc     0x0000ae42      0x108 c:/program files/microchip/xc32/v2.40/bin/bin/../../lib/gcc/pic32c/6.2.1/../../../../pic32c/lib\libc_nano.a(lib_a-nano-freer.o)
 .debug_loc     0x0000af4a      0x242 c:/program files/microchip/xc32/v2.40/bin/bin/../../lib/gcc/pic32c/6.2.1/../../../../pic32c/lib\libc_nano.a(lib_a-nano-mallocr.o)
 .debug_loc     0x0000b18c       0x6d c:/program files/microchip/xc32/v2.40/bin/bin/../../lib/gcc/pic32c/6.2.1/../../../../pic32c/lib\libc_nano.a(lib_a-sbrkr.o)
 .debug_loc     0x0000b1f9      0x382 c:/program files/microchip/xc32/v2.40/bin/bin/../../lib/gcc/pic32c/6.2.1/../../../../pic32c/lib\libc_nano.a(lib_a-stdio.o)
 .debug_loc     0x0000b57b      0x1cb c:/program files/microchip/xc32/v2.40/bin/bin/../../lib/gcc/pic32c/6.2.1/../../../../pic32c/lib\libc_nano.a(lib_a-wcrtomb.o)
 .debug_loc     0x0000b746       0xc5 c:/program files/microchip/xc32/v2.40/bin/bin/../../lib/gcc/pic32c/6.2.1/../../../../pic32c/lib\libc_nano.a(lib_a-writer.o)
 .debug_loc     0x0000b80b       0x6d c:/program files/microchip/xc32/v2.40/bin/bin/../../lib/gcc/pic32c/6.2.1/../../../../pic32c/lib\libc_nano.a(lib_a-closer.o)
 .debug_loc     0x0000b878       0x99 c:/program files/microchip/xc32/v2.40/bin/bin/../../lib/gcc/pic32c/6.2.1/../../../../pic32c/lib\libc_nano.a(lib_a-fstatr.o)
 .debug_loc     0x0000b911       0x6d c:/program files/microchip/xc32/v2.40/bin/bin/../../lib/gcc/pic32c/6.2.1/../../../../pic32c/lib\libc_nano.a(lib_a-isattyr.o)
 .debug_loc     0x0000b97e       0xc5 c:/program files/microchip/xc32/v2.40/bin/bin/../../lib/gcc/pic32c/6.2.1/../../../../pic32c/lib\libc_nano.a(lib_a-lseekr.o)
 .debug_loc     0x0000ba43       0xc5 c:/program files/microchip/xc32/v2.40/bin/bin/../../lib/gcc/pic32c/6.2.1/../../../../pic32c/lib\libc_nano.a(lib_a-readr.o)
 .debug_loc     0x0000bb08      0x10b c:/program files/microchip/xc32/v2.40/bin/bin/../../lib/gcc/pic32c/6.2.1/../../../../pic32c/lib\libc_nano.a(lib_a-reent.o)
 .debug_loc     0x0000bc13       0x14 c:/program files/microchip/xc32/v2.40/bin/bin/../../lib/gcc/pic32c/6.2.1/../../../../pic32c/lib\libpic32c.a(_close.o)
 .debug_loc     0x0000bc27       0x14 c:/program files/microchip/xc32/v2.40/bin/bin/../../lib/gcc/pic32c/6.2.1/../../../../pic32c/lib\libpic32c.a(_fstat.o)
 .debug_loc     0x0000bc3b       0x14 c:/program files/microchip/xc32/v2.40/bin/bin/../../lib/gcc/pic32c/6.2.1/../../../../pic32c/lib\libpic32c.a(_isatty.o)
 .debug_loc     0x0000bc4f       0x14 c:/program files/microchip/xc32/v2.40/bin/bin/../../lib/gcc/pic32c/6.2.1/../../../../pic32c/lib\libpic32c.a(_lseek.o)
 .debug_loc     0x0000bc63       0x14 c:/program files/microchip/xc32/v2.40/bin/bin/../../lib/gcc/pic32c/6.2.1/../../../../pic32c/lib\libpic32c.a(_read.o)
 .debug_loc     0x0000bc77       0x14 c:/program files/microchip/xc32/v2.40/bin/bin/../../lib/gcc/pic32c/6.2.1/../../../../pic32c/lib\libpic32c.a(_write.o)

.debug_aranges  0x00000000     0x1448
 .debug_aranges
                0x00000000       0x68 build/sam_c21n_xpro/production/_ext/1360937237/appiot.o
 .debug_aranges
                0x00000068       0x58 build/sam_c21n_xpro/production/_ext/1360937237/moden.o
 .debug_aranges
                0x000000c0      0x140 build/sam_c21n_xpro/production/_ext/1360937237/canapp.o
 .debug_aranges
                0x00000200       0x30 build/sam_c21n_xpro/production/_ext/1360937237/appuart.o
 .debug_aranges
                0x00000230       0x60 build/sam_c21n_xpro/production/_ext/1360937237/appemueeprom.o
 .debug_aranges
                0x00000290       0x40 build/sam_c21n_xpro/production/_ext/1360937237/apptimer.o
 .debug_aranges
                0x000002d0       0x38 build/sam_c21n_xpro/production/_ext/1360937237/app_uart_debug.o
 .debug_aranges
                0x00000308       0x80 build/sam_c21n_xpro/production/_ext/1936826263/drv_at24.o
 .debug_aranges
                0x00000388       0x70 build/sam_c21n_xpro/production/_ext/1274584173/drv_usart.o
 .debug_aranges
                0x000003f8       0x98 build/sam_c21n_xpro/production/_ext/1019481632/emulated_eeprom.o
 .debug_aranges
                0x00000490       0x80 build/sam_c21n_xpro/production/_ext/1617700295/plib_adc0.o
 .debug_aranges
                0x00000510       0xb0 build/sam_c21n_xpro/production/_ext/1617702135/plib_can0.o
 .debug_aranges
                0x000005c0       0x20 build/sam_c21n_xpro/production/_ext/166077579/plib_clock.o
 .debug_aranges
                0x000005e0       0x40 build/sam_c21n_xpro/production/_ext/1617704294/plib_eic.o
 .debug_aranges
                0x00000620       0x20 build/sam_c21n_xpro/production/_ext/163928093/plib_evsys.o
 .debug_aranges
                0x00000640       0x38 build/sam_c21n_xpro/production/_ext/1390493541/plib_nvic.o
 .debug_aranges
                0x00000678       0xa0 build/sam_c21n_xpro/production/_ext/770299191/plib_nvmctrl.o
 .debug_aranges
                0x00000718       0x70 build/sam_c21n_xpro/production/_ext/1390440390/plib_port.o
 .debug_aranges
                0x00000788       0x70 build/sam_c21n_xpro/production/_ext/1451668420/plib_sercom2_i2c_master.o
 .debug_aranges
                0x000007f8       0xc0 build/sam_c21n_xpro/production/_ext/1993392304/plib_sercom1_usart.o
 .debug_aranges
                0x000008b8       0xc0 build/sam_c21n_xpro/production/_ext/1993392304/plib_sercom0_usart.o
 .debug_aranges
                0x00000978       0x98 build/sam_c21n_xpro/production/_ext/1004774289/plib_systick.o
 .debug_aranges
                0x00000a10       0x68 build/sam_c21n_xpro/production/_ext/1617721454/plib_wdt.o
 .debug_aranges
                0x00000a78       0x28 build/sam_c21n_xpro/production/_ext/730014449/xc32_monitor.o
 .debug_aranges
                0x00000aa0       0x40 build/sam_c21n_xpro/production/_ext/855761890/sys_int.o
 .debug_aranges
                0x00000ae0       0x20 build/sam_c21n_xpro/production/_ext/1758384875/initialization.o
 .debug_aranges
                0x00000b00       0x20 build/sam_c21n_xpro/production/_ext/1758384875/interrupts.o
 .debug_aranges
                0x00000b20       0x28 build/sam_c21n_xpro/production/_ext/1758384875/exceptions.o
 .debug_aranges
                0x00000b48       0x28 build/sam_c21n_xpro/production/_ext/1758384875/startup_xc32.o
 .debug_aranges
                0x00000b70       0x40 build/sam_c21n_xpro/production/_ext/1360937237/main.o
 .debug_aranges
                0x00000bb0       0x28 build/sam_c21n_xpro/production/_ext/1360937237/app.o
 .debug_aranges
                0x00000bd8       0x20 c:/program files/microchip/xc32/v2.40/bin/bin/../../lib/gcc/pic32c/6.2.1/../../../../pic32c/lib\libpic32c.a(data_init.o)
 .debug_aranges
                0x00000bf8       0x20 c:/program files/microchip/xc32/v2.40/bin/bin/../../lib/gcc/pic32c/6.2.1\libgcc.a(_udivsi3.o)
 .debug_aranges
                0x00000c18       0x20 c:/program files/microchip/xc32/v2.40/bin/bin/../../lib/gcc/pic32c/6.2.1\libgcc.a(_dvmd_tls.o)
 .debug_aranges
                0x00000c38       0x20 c:/program files/microchip/xc32/v2.40/bin/bin/../../lib/gcc/pic32c/6.2.1\libgcc.a(_aeabi_uldivmod.o)
 .debug_aranges
                0x00000c58       0x20 c:/program files/microchip/xc32/v2.40/bin/bin/../../lib/gcc/pic32c/6.2.1\libgcc.a(_muldi3.o)
 .debug_aranges
                0x00000c78       0x20 c:/program files/microchip/xc32/v2.40/bin/bin/../../lib/gcc/pic32c/6.2.1\libgcc.a(_udivmoddi4.o)
 .debug_aranges
                0x00000c98       0x20 c:/program files/microchip/xc32/v2.40/bin/bin/../../lib/gcc/pic32c/6.2.1\libgcc.a(_lshrdi3.o)
 .debug_aranges
                0x00000cb8       0x20 c:/program files/microchip/xc32/v2.40/bin/bin/../../lib/gcc/pic32c/6.2.1\libgcc.a(_ashldi3.o)
 .debug_aranges
                0x00000cd8       0x20 c:/program files/microchip/xc32/v2.40/bin/bin/../../lib/gcc/pic32c/6.2.1\libgcc.a(_clzsi2.o)
 .debug_aranges
                0x00000cf8       0x20 c:/program files/microchip/xc32/v2.40/bin/bin/../../lib/gcc/pic32c/6.2.1\libgcc.a(_clzdi2.o)
 .debug_aranges
                0x00000d18       0x28 c:/program files/microchip/xc32/v2.40/bin/bin/../../lib/gcc/pic32c/6.2.1/../../../../pic32c/lib\libc_nano.a(lib_a-atoi.o)
 .debug_aranges
                0x00000d40       0x20 c:/program files/microchip/xc32/v2.40/bin/bin/../../lib/gcc/pic32c/6.2.1/../../../../pic32c/lib\libc_nano.a(lib_a-init.o)
 .debug_aranges
                0x00000d60       0x20 c:/program files/microchip/xc32/v2.40/bin/bin/../../lib/gcc/pic32c/6.2.1/../../../../pic32c/lib\libc_nano.a(lib_a-memcmp.o)
 .debug_aranges
                0x00000d80       0x20 c:/program files/microchip/xc32/v2.40/bin/bin/../../lib/gcc/pic32c/6.2.1/../../../../pic32c/lib\libc_nano.a(lib_a-memcpy-stub.o)
 .debug_aranges
                0x00000da0       0x20 c:/program files/microchip/xc32/v2.40/bin/bin/../../lib/gcc/pic32c/6.2.1/../../../../pic32c/lib\libc_nano.a(lib_a-memset.o)
 .debug_aranges
                0x00000dc0       0x20 c:/program files/microchip/xc32/v2.40/bin/bin/../../lib/gcc/pic32c/6.2.1/../../../../pic32c/lib\libc_nano.a(_lib_a-sprintf.cdnopuxX.o)
 .debug_aranges
                0x00000de0       0x20 c:/program files/microchip/xc32/v2.40/bin/bin/../../lib/gcc/pic32c/6.2.1/../../../../pic32c/lib\libc_nano.a(lib_a-strcat.o)
 .debug_aranges
                0x00000e00       0x20 c:/program files/microchip/xc32/v2.40/bin/bin/../../lib/gcc/pic32c/6.2.1/../../../../pic32c/lib\libc_nano.a(lib_a-strlen.o)
 .debug_aranges
                0x00000e20       0x20 c:/program files/microchip/xc32/v2.40/bin/bin/../../lib/gcc/pic32c/6.2.1/../../../../pic32c/lib\libc_nano.a(lib_a-strstr.o)
 .debug_aranges
                0x00000e40       0x38 c:/program files/microchip/xc32/v2.40/bin/bin/../../lib/gcc/pic32c/6.2.1/../../../../pic32c/lib\libc_nano.a(lib_a-strtol.o)
 .debug_aranges
                0x00000e78       0x18 c:/program files/microchip/xc32/v2.40/bin/bin/../../lib/gcc/pic32c/6.2.1/../../../../pic32c/lib\libc_nano.a(lib_a-impure.o)
 .debug_aranges
                0x00000e90       0x40 c:/program files/microchip/xc32/v2.40/bin/bin/../../lib/gcc/pic32c/6.2.1/../../../../pic32c/lib\libc_nano.a(lib_a-locale.o)
 .debug_aranges
                0x00000ed0       0x28 c:/program files/microchip/xc32/v2.40/bin/bin/../../lib/gcc/pic32c/6.2.1/../../../../pic32c/lib\libc_nano.a(lib_a-mbtowc_r.o)
 .debug_aranges
                0x00000ef8       0x30 c:/program files/microchip/xc32/v2.40/bin/bin/../../lib/gcc/pic32c/6.2.1/../../../../pic32c/lib\libc_nano.a(_lib_a-nano-vfprintf.cdnopuxX.o)
 .debug_aranges
                0x00000f28       0x28 c:/program files/microchip/xc32/v2.40/bin/bin/../../lib/gcc/pic32c/6.2.1/../../../../pic32c/lib\libc_nano.a(lib_a-nano-vfprintf_i.o)
 .debug_aranges
                0x00000f50       0x28 c:/program files/microchip/xc32/v2.40/bin/bin/../../lib/gcc/pic32c/6.2.1/../../../../pic32c/lib\libc_nano.a(lib_a-__ssfputs.o)
 .debug_aranges
                0x00000f78       0x28 c:/program files/microchip/xc32/v2.40/bin/bin/../../lib/gcc/pic32c/6.2.1/../../../../pic32c/lib\libc_nano.a(lib_a-wbuf.o)
 .debug_aranges
                0x00000fa0       0x28 c:/program files/microchip/xc32/v2.40/bin/bin/../../lib/gcc/pic32c/6.2.1/../../../../pic32c/lib\libc_nano.a(lib_a-wctomb_r.o)
 .debug_aranges
                0x00000fc8       0x20 c:/program files/microchip/xc32/v2.40/bin/bin/../../lib/gcc/pic32c/6.2.1/../../../../pic32c/lib\libc_nano.a(lib_a-wsetup.o)
 .debug_aranges
                0x00000fe8       0x18 c:/program files/microchip/xc32/v2.40/bin/bin/../../lib/gcc/pic32c/6.2.1/../../../../pic32c/lib\libc_nano.a(lib_a-ctype_.o)
 .debug_aranges
                0x00001000       0x30 c:/program files/microchip/xc32/v2.40/bin/bin/../../lib/gcc/pic32c/6.2.1/../../../../pic32c/lib\libc_nano.a(lib_a-fflush.o)
 .debug_aranges
                0x00001030       0x48 c:/program files/microchip/xc32/v2.40/bin/bin/../../lib/gcc/pic32c/6.2.1/../../../../pic32c/lib\libc_nano.a(lib_a-findfp.o)
 .debug_aranges
                0x00001078       0x30 c:/program files/microchip/xc32/v2.40/bin/bin/../../lib/gcc/pic32c/6.2.1/../../../../pic32c/lib\libc_nano.a(lib_a-fputwc.o)
 .debug_aranges
                0x000010a8       0x28 c:/program files/microchip/xc32/v2.40/bin/bin/../../lib/gcc/pic32c/6.2.1/../../../../pic32c/lib\libc_nano.a(lib_a-fwalk.o)
 .debug_aranges
                0x000010d0       0x28 c:/program files/microchip/xc32/v2.40/bin/bin/../../lib/gcc/pic32c/6.2.1/../../../../pic32c/lib\libc_nano.a(lib_a-makebuf.o)
 .debug_aranges
                0x000010f8       0x20 c:/program files/microchip/xc32/v2.40/bin/bin/../../lib/gcc/pic32c/6.2.1/../../../../pic32c/lib\libc_nano.a(lib_a-memchr-stub.o)
 .debug_aranges
                0x00001118       0x20 c:/program files/microchip/xc32/v2.40/bin/bin/../../lib/gcc/pic32c/6.2.1/../../../../pic32c/lib\libc_nano.a(lib_a-nano-freer.o)
 .debug_aranges
                0x00001138       0x20 c:/program files/microchip/xc32/v2.40/bin/bin/../../lib/gcc/pic32c/6.2.1/../../../../pic32c/lib\libc_nano.a(lib_a-nano-mallocr.o)
 .debug_aranges
                0x00001158       0x20 c:/program files/microchip/xc32/v2.40/bin/bin/../../lib/gcc/pic32c/6.2.1/../../../../pic32c/lib\libc_nano.a(lib_a-sbrkr.o)
 .debug_aranges
                0x00001178       0x40 c:/program files/microchip/xc32/v2.40/bin/bin/../../lib/gcc/pic32c/6.2.1/../../../../pic32c/lib\libc_nano.a(lib_a-stdio.o)
 .debug_aranges
                0x000011b8       0x28 c:/program files/microchip/xc32/v2.40/bin/bin/../../lib/gcc/pic32c/6.2.1/../../../../pic32c/lib\libc_nano.a(lib_a-wcrtomb.o)
 .debug_aranges
                0x000011e0       0x20 c:/program files/microchip/xc32/v2.40/bin/bin/../../lib/gcc/pic32c/6.2.1/../../../../pic32c/lib\libc_nano.a(lib_a-writer.o)
 .debug_aranges
                0x00001200       0x20 c:/program files/microchip/xc32/v2.40/bin/bin/../../lib/gcc/pic32c/6.2.1/../../../../pic32c/lib\libc_nano.a(lib_a-closer.o)
 .debug_aranges
                0x00001220       0x20 c:/program files/microchip/xc32/v2.40/bin/bin/../../lib/gcc/pic32c/6.2.1/../../../../pic32c/lib\libc_nano.a(lib_a-fstatr.o)
 .debug_aranges
                0x00001240       0x20 c:/program files/microchip/xc32/v2.40/bin/bin/../../lib/gcc/pic32c/6.2.1/../../../../pic32c/lib\libc_nano.a(lib_a-isattyr.o)
 .debug_aranges
                0x00001260       0x20 c:/program files/microchip/xc32/v2.40/bin/bin/../../lib/gcc/pic32c/6.2.1/../../../../pic32c/lib\libc_nano.a(lib_a-lseekr.o)
 .debug_aranges
                0x00001280       0x20 c:/program files/microchip/xc32/v2.40/bin/bin/../../lib/gcc/pic32c/6.2.1/../../../../pic32c/lib\libc_nano.a(lib_a-mlock.o)
 .debug_aranges
                0x000012a0       0x20 c:/program files/microchip/xc32/v2.40/bin/bin/../../lib/gcc/pic32c/6.2.1/../../../../pic32c/lib\libc_nano.a(lib_a-readr.o)
 .debug_aranges
                0x000012c0       0x28 c:/program files/microchip/xc32/v2.40/bin/bin/../../lib/gcc/pic32c/6.2.1/../../../../pic32c/lib\libc_nano.a(lib_a-reent.o)
 .debug_aranges
                0x000012e8       0x20 c:/program files/microchip/xc32/v2.40/bin/bin/../../lib/gcc/pic32c/6.2.1/../../../../pic32c/lib\libpic32c.a(_close.o)
 .debug_aranges
                0x00001308       0x20 c:/program files/microchip/xc32/v2.40/bin/bin/../../lib/gcc/pic32c/6.2.1/../../../../pic32c/lib\libpic32c.a(_fstat.o)
 .debug_aranges
                0x00001328       0x20 c:/program files/microchip/xc32/v2.40/bin/bin/../../lib/gcc/pic32c/6.2.1/../../../../pic32c/lib\libpic32c.a(_isatty.o)
 .debug_aranges
                0x00001348       0x20 c:/program files/microchip/xc32/v2.40/bin/bin/../../lib/gcc/pic32c/6.2.1/../../../../pic32c/lib\libpic32c.a(_lseek.o)
 .debug_aranges
                0x00001368       0x20 c:/program files/microchip/xc32/v2.40/bin/bin/../../lib/gcc/pic32c/6.2.1/../../../../pic32c/lib\libpic32c.a(_read.o)
 .debug_aranges
                0x00001388       0x20 c:/program files/microchip/xc32/v2.40/bin/bin/../../lib/gcc/pic32c/6.2.1/../../../../pic32c/lib\libpic32c.a(sbrk.o)
 .debug_aranges
                0x000013a8       0x20 c:/program files/microchip/xc32/v2.40/bin/bin/../../lib/gcc/pic32c/6.2.1/../../../../pic32c/lib\libpic32c.a(_write.o)
 .debug_aranges
                0x000013c8       0x20 c:/program files/microchip/xc32/v2.40/bin/bin/../../lib/gcc/pic32c/6.2.1/../../../../pic32c/lib\libpic32c.a(close.o)
 .debug_aranges
                0x000013e8       0x20 c:/program files/microchip/xc32/v2.40/bin/bin/../../lib/gcc/pic32c/6.2.1/../../../../pic32c/lib\libpic32c.a(fstat.o)
 .debug_aranges
                0x00001408       0x20 c:/program files/microchip/xc32/v2.40/bin/bin/../../lib/gcc/pic32c/6.2.1/../../../../pic32c/lib\libpic32c.a(isatty.o)
 .debug_aranges
                0x00001428       0x20 c:/program files/microchip/xc32/v2.40/bin/bin/../../lib/gcc/pic32c/6.2.1/../../../../pic32c/lib\libpic32c.a(lseek.o)

.debug_ranges   0x00000000     0x1698
 .debug_ranges  0x00000000       0x58 build/sam_c21n_xpro/production/_ext/1360937237/appiot.o
 .debug_ranges  0x00000058       0x90 build/sam_c21n_xpro/production/_ext/1360937237/moden.o
 .debug_ranges  0x000000e8      0x130 build/sam_c21n_xpro/production/_ext/1360937237/canapp.o
 .debug_ranges  0x00000218       0x20 build/sam_c21n_xpro/production/_ext/1360937237/appuart.o
 .debug_ranges  0x00000238       0x50 build/sam_c21n_xpro/production/_ext/1360937237/appemueeprom.o
 .debug_ranges  0x00000288       0x30 build/sam_c21n_xpro/production/_ext/1360937237/apptimer.o
 .debug_ranges  0x000002b8       0x28 build/sam_c21n_xpro/production/_ext/1360937237/app_uart_debug.o
 .debug_ranges  0x000002e0       0x88 build/sam_c21n_xpro/production/_ext/1936826263/drv_at24.o
 .debug_ranges  0x00000368      0x130 build/sam_c21n_xpro/production/_ext/1274584173/drv_usart.o
 .debug_ranges  0x00000498      0x2a0 build/sam_c21n_xpro/production/_ext/1019481632/emulated_eeprom.o
 .debug_ranges  0x00000738       0x70 build/sam_c21n_xpro/production/_ext/1617700295/plib_adc0.o
 .debug_ranges  0x000007a8       0xf0 build/sam_c21n_xpro/production/_ext/1617702135/plib_can0.o
 .debug_ranges  0x00000898       0x10 build/sam_c21n_xpro/production/_ext/166077579/plib_clock.o
 .debug_ranges  0x000008a8       0x30 build/sam_c21n_xpro/production/_ext/1617704294/plib_eic.o
 .debug_ranges  0x000008d8       0x10 build/sam_c21n_xpro/production/_ext/163928093/plib_evsys.o
 .debug_ranges  0x000008e8       0x28 build/sam_c21n_xpro/production/_ext/1390493541/plib_nvic.o
 .debug_ranges  0x00000910       0x90 build/sam_c21n_xpro/production/_ext/770299191/plib_nvmctrl.o
 .debug_ranges  0x000009a0       0x60 build/sam_c21n_xpro/production/_ext/1390440390/plib_port.o
 .debug_ranges  0x00000a00       0xe8 build/sam_c21n_xpro/production/_ext/1451668420/plib_sercom2_i2c_master.o
 .debug_ranges  0x00000ae8      0x1b0 build/sam_c21n_xpro/production/_ext/1993392304/plib_sercom1_usart.o
 .debug_ranges  0x00000c98      0x1b0 build/sam_c21n_xpro/production/_ext/1993392304/plib_sercom0_usart.o
 .debug_ranges  0x00000e48       0x88 build/sam_c21n_xpro/production/_ext/1004774289/plib_systick.o
 .debug_ranges  0x00000ed0       0x58 build/sam_c21n_xpro/production/_ext/1617721454/plib_wdt.o
 .debug_ranges  0x00000f28       0x18 build/sam_c21n_xpro/production/_ext/730014449/xc32_monitor.o
 .debug_ranges  0x00000f40       0x30 build/sam_c21n_xpro/production/_ext/855761890/sys_int.o
 .debug_ranges  0x00000f70       0x10 build/sam_c21n_xpro/production/_ext/1758384875/initialization.o
 .debug_ranges  0x00000f80       0x10 build/sam_c21n_xpro/production/_ext/1758384875/interrupts.o
 .debug_ranges  0x00000f90       0x18 build/sam_c21n_xpro/production/_ext/1758384875/exceptions.o
 .debug_ranges  0x00000fa8       0x18 build/sam_c21n_xpro/production/_ext/1758384875/startup_xc32.o
 .debug_ranges  0x00000fc0       0x30 build/sam_c21n_xpro/production/_ext/1360937237/main.o
 .debug_ranges  0x00000ff0       0x18 build/sam_c21n_xpro/production/_ext/1360937237/app.o
 .debug_ranges  0x00001008       0x10 c:/program files/microchip/xc32/v2.40/bin/bin/../../lib/gcc/pic32c/6.2.1/../../../../pic32c/lib\libpic32c.a(data_init.o)
 .debug_ranges  0x00001018       0x28 c:/program files/microchip/xc32/v2.40/bin/bin/../../lib/gcc/pic32c/6.2.1\libgcc.a(_muldi3.o)
 .debug_ranges  0x00001040       0x18 c:/program files/microchip/xc32/v2.40/bin/bin/../../lib/gcc/pic32c/6.2.1/../../../../pic32c/lib\libc_nano.a(lib_a-atoi.o)
 .debug_ranges  0x00001058       0x10 c:/program files/microchip/xc32/v2.40/bin/bin/../../lib/gcc/pic32c/6.2.1/../../../../pic32c/lib\libc_nano.a(lib_a-init.o)
 .debug_ranges  0x00001068       0x10 c:/program files/microchip/xc32/v2.40/bin/bin/../../lib/gcc/pic32c/6.2.1/../../../../pic32c/lib\libc_nano.a(lib_a-memcmp.o)
 .debug_ranges  0x00001078       0x10 c:/program files/microchip/xc32/v2.40/bin/bin/../../lib/gcc/pic32c/6.2.1/../../../../pic32c/lib\libc_nano.a(lib_a-memcpy-stub.o)
 .debug_ranges  0x00001088       0x10 c:/program files/microchip/xc32/v2.40/bin/bin/../../lib/gcc/pic32c/6.2.1/../../../../pic32c/lib\libc_nano.a(lib_a-memset.o)
 .debug_ranges  0x00001098       0x10 c:/program files/microchip/xc32/v2.40/bin/bin/../../lib/gcc/pic32c/6.2.1/../../../../pic32c/lib\libc_nano.a(_lib_a-sprintf.cdnopuxX.o)
 .debug_ranges  0x000010a8       0x10 c:/program files/microchip/xc32/v2.40/bin/bin/../../lib/gcc/pic32c/6.2.1/../../../../pic32c/lib\libc_nano.a(lib_a-strcat.o)
 .debug_ranges  0x000010b8       0x28 c:/program files/microchip/xc32/v2.40/bin/bin/../../lib/gcc/pic32c/6.2.1/../../../../pic32c/lib\libc_nano.a(lib_a-strstr.o)
 .debug_ranges  0x000010e0       0x28 c:/program files/microchip/xc32/v2.40/bin/bin/../../lib/gcc/pic32c/6.2.1/../../../../pic32c/lib\libc_nano.a(lib_a-strtol.o)
 .debug_ranges  0x00001108       0x30 c:/program files/microchip/xc32/v2.40/bin/bin/../../lib/gcc/pic32c/6.2.1/../../../../pic32c/lib\libc_nano.a(lib_a-locale.o)
 .debug_ranges  0x00001138       0x18 c:/program files/microchip/xc32/v2.40/bin/bin/../../lib/gcc/pic32c/6.2.1/../../../../pic32c/lib\libc_nano.a(lib_a-mbtowc_r.o)
 .debug_ranges  0x00001150       0x60 c:/program files/microchip/xc32/v2.40/bin/bin/../../lib/gcc/pic32c/6.2.1/../../../../pic32c/lib\libc_nano.a(_lib_a-nano-vfprintf.cdnopuxX.o)
 .debug_ranges  0x000011b0       0x90 c:/program files/microchip/xc32/v2.40/bin/bin/../../lib/gcc/pic32c/6.2.1/../../../../pic32c/lib\libc_nano.a(lib_a-nano-vfprintf_i.o)
 .debug_ranges  0x00001240       0x30 c:/program files/microchip/xc32/v2.40/bin/bin/../../lib/gcc/pic32c/6.2.1/../../../../pic32c/lib\libc_nano.a(lib_a-__ssfputs.o)
 .debug_ranges  0x00001270       0x30 c:/program files/microchip/xc32/v2.40/bin/bin/../../lib/gcc/pic32c/6.2.1/../../../../pic32c/lib\libc_nano.a(lib_a-wbuf.o)
 .debug_ranges  0x000012a0       0x18 c:/program files/microchip/xc32/v2.40/bin/bin/../../lib/gcc/pic32c/6.2.1/../../../../pic32c/lib\libc_nano.a(lib_a-wctomb_r.o)
 .debug_ranges  0x000012b8       0x38 c:/program files/microchip/xc32/v2.40/bin/bin/../../lib/gcc/pic32c/6.2.1/../../../../pic32c/lib\libc_nano.a(lib_a-wsetup.o)
 .debug_ranges  0x000012f0       0x68 c:/program files/microchip/xc32/v2.40/bin/bin/../../lib/gcc/pic32c/6.2.1/../../../../pic32c/lib\libc_nano.a(lib_a-fflush.o)
 .debug_ranges  0x00001358       0x38 c:/program files/microchip/xc32/v2.40/bin/bin/../../lib/gcc/pic32c/6.2.1/../../../../pic32c/lib\libc_nano.a(lib_a-findfp.o)
 .debug_ranges  0x00001390       0x50 c:/program files/microchip/xc32/v2.40/bin/bin/../../lib/gcc/pic32c/6.2.1/../../../../pic32c/lib\libc_nano.a(lib_a-fputwc.o)
 .debug_ranges  0x000013e0       0x18 c:/program files/microchip/xc32/v2.40/bin/bin/../../lib/gcc/pic32c/6.2.1/../../../../pic32c/lib\libc_nano.a(lib_a-fwalk.o)
 .debug_ranges  0x000013f8       0x30 c:/program files/microchip/xc32/v2.40/bin/bin/../../lib/gcc/pic32c/6.2.1/../../../../pic32c/lib\libc_nano.a(lib_a-makebuf.o)
 .debug_ranges  0x00001428       0x10 c:/program files/microchip/xc32/v2.40/bin/bin/../../lib/gcc/pic32c/6.2.1/../../../../pic32c/lib\libc_nano.a(lib_a-memchr-stub.o)
 .debug_ranges  0x00001438       0x28 c:/program files/microchip/xc32/v2.40/bin/bin/../../lib/gcc/pic32c/6.2.1/../../../../pic32c/lib\libc_nano.a(lib_a-nano-freer.o)
 .debug_ranges  0x00001460       0x60 c:/program files/microchip/xc32/v2.40/bin/bin/../../lib/gcc/pic32c/6.2.1/../../../../pic32c/lib\libc_nano.a(lib_a-nano-mallocr.o)
 .debug_ranges  0x000014c0       0x10 c:/program files/microchip/xc32/v2.40/bin/bin/../../lib/gcc/pic32c/6.2.1/../../../../pic32c/lib\libc_nano.a(lib_a-sbrkr.o)
 .debug_ranges  0x000014d0       0x30 c:/program files/microchip/xc32/v2.40/bin/bin/../../lib/gcc/pic32c/6.2.1/../../../../pic32c/lib\libc_nano.a(lib_a-stdio.o)
 .debug_ranges  0x00001500       0x30 c:/program files/microchip/xc32/v2.40/bin/bin/../../lib/gcc/pic32c/6.2.1/../../../../pic32c/lib\libc_nano.a(lib_a-wcrtomb.o)
 .debug_ranges  0x00001530       0x10 c:/program files/microchip/xc32/v2.40/bin/bin/../../lib/gcc/pic32c/6.2.1/../../../../pic32c/lib\libc_nano.a(lib_a-writer.o)
 .debug_ranges  0x00001540       0x10 c:/program files/microchip/xc32/v2.40/bin/bin/../../lib/gcc/pic32c/6.2.1/../../../../pic32c/lib\libc_nano.a(lib_a-closer.o)
 .debug_ranges  0x00001550       0x10 c:/program files/microchip/xc32/v2.40/bin/bin/../../lib/gcc/pic32c/6.2.1/../../../../pic32c/lib\libc_nano.a(lib_a-fstatr.o)
 .debug_ranges  0x00001560       0x10 c:/program files/microchip/xc32/v2.40/bin/bin/../../lib/gcc/pic32c/6.2.1/../../../../pic32c/lib\libc_nano.a(lib_a-isattyr.o)
 .debug_ranges  0x00001570       0x10 c:/program files/microchip/xc32/v2.40/bin/bin/../../lib/gcc/pic32c/6.2.1/../../../../pic32c/lib\libc_nano.a(lib_a-lseekr.o)
 .debug_ranges  0x00001580       0x10 c:/program files/microchip/xc32/v2.40/bin/bin/../../lib/gcc/pic32c/6.2.1/../../../../pic32c/lib\libc_nano.a(lib_a-mlock.o)
 .debug_ranges  0x00001590       0x10 c:/program files/microchip/xc32/v2.40/bin/bin/../../lib/gcc/pic32c/6.2.1/../../../../pic32c/lib\libc_nano.a(lib_a-readr.o)
 .debug_ranges  0x000015a0       0x48 c:/program files/microchip/xc32/v2.40/bin/bin/../../lib/gcc/pic32c/6.2.1/../../../../pic32c/lib\libc_nano.a(lib_a-reent.o)
 .debug_ranges  0x000015e8       0x10 c:/program files/microchip/xc32/v2.40/bin/bin/../../lib/gcc/pic32c/6.2.1/../../../../pic32c/lib\libpic32c.a(_close.o)
 .debug_ranges  0x000015f8       0x10 c:/program files/microchip/xc32/v2.40/bin/bin/../../lib/gcc/pic32c/6.2.1/../../../../pic32c/lib\libpic32c.a(_fstat.o)
 .debug_ranges  0x00001608       0x10 c:/program files/microchip/xc32/v2.40/bin/bin/../../lib/gcc/pic32c/6.2.1/../../../../pic32c/lib\libpic32c.a(_isatty.o)
 .debug_ranges  0x00001618       0x10 c:/program files/microchip/xc32/v2.40/bin/bin/../../lib/gcc/pic32c/6.2.1/../../../../pic32c/lib\libpic32c.a(_lseek.o)